Archive member included to satisfy reference by file (symbol)

C:/ST/STM32CubeIDE_1.17.0/STM32CubeIDE/plugins/com.st.stm32cube.ide.mcu.externaltools.gnu-tools-for-stm32.12.3.rel1.win32_1.1.0.202410251130/tools/bin/../lib/gcc/arm-none-eabi/12.3.1/../../../../arm-none-eabi/lib/thumb/v7e-m+dp/hard\libc_nano.a(libc_a-exit.o)
                              C:/ST/STM32CubeIDE_1.17.0/STM32CubeIDE/plugins/com.st.stm32cube.ide.mcu.externaltools.gnu-tools-for-stm32.12.3.rel1.win32_1.1.0.202410251130/tools/bin/../lib/gcc/arm-none-eabi/12.3.1/../../../../arm-none-eabi/lib/thumb/v7e-m+dp/hard/crt0.o (exit)
C:/ST/STM32CubeIDE_1.17.0/STM32CubeIDE/plugins/com.st.stm32cube.ide.mcu.externaltools.gnu-tools-for-stm32.12.3.rel1.win32_1.1.0.202410251130/tools/bin/../lib/gcc/arm-none-eabi/12.3.1/../../../../arm-none-eabi/lib/thumb/v7e-m+dp/hard\libc_nano.a(libc_a-findfp.o)
                              C:/ST/STM32CubeIDE_1.17.0/STM32CubeIDE/plugins/com.st.stm32cube.ide.mcu.externaltools.gnu-tools-for-stm32.12.3.rel1.win32_1.1.0.202410251130/tools/bin/../lib/gcc/arm-none-eabi/12.3.1/../../../../arm-none-eabi/lib/thumb/v7e-m+dp/hard\libc_nano.a(libc_a-exit.o) (__stdio_exit_handler)
C:/ST/STM32CubeIDE_1.17.0/STM32CubeIDE/plugins/com.st.stm32cube.ide.mcu.externaltools.gnu-tools-for-stm32.12.3.rel1.win32_1.1.0.202410251130/tools/bin/../lib/gcc/arm-none-eabi/12.3.1/../../../../arm-none-eabi/lib/thumb/v7e-m+dp/hard\libc_nano.a(libc_a-fwalk.o)
                              C:/ST/STM32CubeIDE_1.17.0/STM32CubeIDE/plugins/com.st.stm32cube.ide.mcu.externaltools.gnu-tools-for-stm32.12.3.rel1.win32_1.1.0.202410251130/tools/bin/../lib/gcc/arm-none-eabi/12.3.1/../../../../arm-none-eabi/lib/thumb/v7e-m+dp/hard\libc_nano.a(libc_a-findfp.o) (_fwalk_sglue)
C:/ST/STM32CubeIDE_1.17.0/STM32CubeIDE/plugins/com.st.stm32cube.ide.mcu.externaltools.gnu-tools-for-stm32.12.3.rel1.win32_1.1.0.202410251130/tools/bin/../lib/gcc/arm-none-eabi/12.3.1/../../../../arm-none-eabi/lib/thumb/v7e-m+dp/hard\libc_nano.a(libc_a-stdio.o)
                              C:/ST/STM32CubeIDE_1.17.0/STM32CubeIDE/plugins/com.st.stm32cube.ide.mcu.externaltools.gnu-tools-for-stm32.12.3.rel1.win32_1.1.0.202410251130/tools/bin/../lib/gcc/arm-none-eabi/12.3.1/../../../../arm-none-eabi/lib/thumb/v7e-m+dp/hard\libc_nano.a(libc_a-findfp.o) (__sread)
C:/ST/STM32CubeIDE_1.17.0/STM32CubeIDE/plugins/com.st.stm32cube.ide.mcu.externaltools.gnu-tools-for-stm32.12.3.rel1.win32_1.1.0.202410251130/tools/bin/../lib/gcc/arm-none-eabi/12.3.1/../../../../arm-none-eabi/lib/thumb/v7e-m+dp/hard\libc_nano.a(libc_a-memset.o)
                              C:/ST/STM32CubeIDE_1.17.0/STM32CubeIDE/plugins/com.st.stm32cube.ide.mcu.externaltools.gnu-tools-for-stm32.12.3.rel1.win32_1.1.0.202410251130/tools/bin/../lib/gcc/arm-none-eabi/12.3.1/../../../../arm-none-eabi/lib/thumb/v7e-m+dp/hard/crt0.o (memset)
C:/ST/STM32CubeIDE_1.17.0/STM32CubeIDE/plugins/com.st.stm32cube.ide.mcu.externaltools.gnu-tools-for-stm32.12.3.rel1.win32_1.1.0.202410251130/tools/bin/../lib/gcc/arm-none-eabi/12.3.1/../../../../arm-none-eabi/lib/thumb/v7e-m+dp/hard\libc_nano.a(libc_a-closer.o)
                              C:/ST/STM32CubeIDE_1.17.0/STM32CubeIDE/plugins/com.st.stm32cube.ide.mcu.externaltools.gnu-tools-for-stm32.12.3.rel1.win32_1.1.0.202410251130/tools/bin/../lib/gcc/arm-none-eabi/12.3.1/../../../../arm-none-eabi/lib/thumb/v7e-m+dp/hard\libc_nano.a(libc_a-stdio.o) (_close_r)
C:/ST/STM32CubeIDE_1.17.0/STM32CubeIDE/plugins/com.st.stm32cube.ide.mcu.externaltools.gnu-tools-for-stm32.12.3.rel1.win32_1.1.0.202410251130/tools/bin/../lib/gcc/arm-none-eabi/12.3.1/../../../../arm-none-eabi/lib/thumb/v7e-m+dp/hard\libc_nano.a(libc_a-reent.o)
                              C:/ST/STM32CubeIDE_1.17.0/STM32CubeIDE/plugins/com.st.stm32cube.ide.mcu.externaltools.gnu-tools-for-stm32.12.3.rel1.win32_1.1.0.202410251130/tools/bin/../lib/gcc/arm-none-eabi/12.3.1/../../../../arm-none-eabi/lib/thumb/v7e-m+dp/hard\libc_nano.a(libc_a-closer.o) (errno)
C:/ST/STM32CubeIDE_1.17.0/STM32CubeIDE/plugins/com.st.stm32cube.ide.mcu.externaltools.gnu-tools-for-stm32.12.3.rel1.win32_1.1.0.202410251130/tools/bin/../lib/gcc/arm-none-eabi/12.3.1/../../../../arm-none-eabi/lib/thumb/v7e-m+dp/hard\libc_nano.a(libc_a-impure.o)
                              C:/ST/STM32CubeIDE_1.17.0/STM32CubeIDE/plugins/com.st.stm32cube.ide.mcu.externaltools.gnu-tools-for-stm32.12.3.rel1.win32_1.1.0.202410251130/tools/bin/../lib/gcc/arm-none-eabi/12.3.1/../../../../arm-none-eabi/lib/thumb/v7e-m+dp/hard\libc_nano.a(libc_a-reent.o) (_impure_ptr)
C:/ST/STM32CubeIDE_1.17.0/STM32CubeIDE/plugins/com.st.stm32cube.ide.mcu.externaltools.gnu-tools-for-stm32.12.3.rel1.win32_1.1.0.202410251130/tools/bin/../lib/gcc/arm-none-eabi/12.3.1/../../../../arm-none-eabi/lib/thumb/v7e-m+dp/hard\libc_nano.a(libc_a-lseekr.o)
[...]
Memory Configuration

Name             Origin             Length             Attributes
RAM              0x20000000         0x00080000         xrw
FLASH            0x08000000         0x00200000         xr
*default*        0x00000000         0xffffffff

Linker script and memory map

LOAD C:/ST/STM32CubeIDE_1.17.0/STM32CubeIDE/plugins/com.st.stm32cube.ide.mcu.externaltools.gnu-tools-for-stm32.12.3.rel1.win32_1.1.0.202410251130/tools/bin/../lib/gcc/arm-none-eabi/12.3.1/thumb/v7e-m+dp/hard/crti.o
LOAD C:/ST/STM32CubeIDE_1.17.0/STM32CubeIDE/plugins/com.st.stm32cube.ide.mcu.externaltools.gnu-tools-for-stm32.12.3.rel1.win32_1.1.0.202410251130/tools/bin/../lib/gcc/arm-none-eabi/12.3.1/thumb/v7e-m+dp/hard/crtbegin.o
LOAD C:/ST/STM32CubeIDE_1.17.0/STM32CubeIDE/plugins/com.st.stm32cube.ide.mcu.externaltools.gnu-tools-for-stm32.12.3.rel1.win32_1.1.0.202410251130/tools/bin/../lib/gcc/arm-none-eabi/12.3.1/../../../../arm-none-eabi/lib/thumb/v7e-m+dp/hard/crt0.o
LOAD ./Core/Math/Filters.o
LOAD ./Core/PeripheralPorts/I2C.o
LOAD ./Core/Scaler/IMU.o
LOAD ./Core/Sensors/BAR100.o
LOAD ./Core/Sensors/BAR100_CommPorter.o
LOAD ./Core/Sensors/BNO055.o
LOAD ./Core/Sensors/BNO055_CommPorter.o
LOAD ./Core/Src/freertos.o
LOAD ./Core/Src/main.o
LOAD ./Core/Src/stm32f7xx_hal_msp.o
LOAD ./Core/Src/stm32f7xx_hal_timebase_tim.o
LOAD ./Core/Src/stm32f7xx_it.o
LOAD ./Core/Src/syscalls.o
LOAD ./Core/Src/sysmem.o
LOAD ./Core/Src/system_stm32f7xx.o
LOAD ./Core/Startup/startup_stm32f767zitx.o
LOAD ./Drivers/STM32F7xx_HAL_Driver/Src/stm32f7xx_hal.o
LOAD ./Drivers/STM32F7xx_HAL_Driver/Src/stm32f7xx_hal_cortex.o
LOAD ./Drivers/STM32F7xx_HAL_Driver/Src/stm32f7xx_hal_dma.o
LOAD ./Drivers/STM32F7xx_HAL_Driver/Src/stm32f7xx_hal_dma_ex.o
LOAD ./Drivers/STM32F7xx_HAL_Driver/Src/stm32f7xx_hal_exti.o
LOAD ./Drivers/STM32F7xx_HAL_Driver/Src/stm32f7xx_hal_flash.o
LOAD ./Drivers/STM32F7xx_HAL_Driver/Src/stm32f7xx_hal_flash_ex.o
LOAD ./Drivers/STM32F7xx_HAL_Driver/Src/stm32f7xx_hal_gpio.o
LOAD ./Drivers/STM32F7xx_HAL_Driver/Src/stm32f7xx_hal_i2c.o
LOAD ./Drivers/STM32F7xx_HAL_Driver/Src/stm32f7xx_hal_i2c_ex.o
LOAD ./Drivers/STM32F7xx_HAL_Driver/Src/stm32f7xx_hal_pwr.o
LOAD ./Drivers/STM32F7xx_HAL_Driver/Src/stm32f7xx_hal_pwr_ex.o
LOAD ./Drivers/STM32F7xx_HAL_Driver/Src/stm32f7xx_hal_rcc.o
LOAD ./Drivers/STM32F7xx_HAL_Driver/Src/stm32f7xx_hal_rcc_ex.o
LOAD ./Drivers/STM32F7xx_HAL_Driver/Src/stm32f7xx_hal_tim.o
LOAD ./Drivers/STM32F7xx_HAL_Driver/Src/stm32f7xx_hal_tim_ex.o
LOAD ./Drivers/STM32F7xx_HAL_Driver/Src/stm32f7xx_hal_uart.o
LOAD ./Drivers/STM32F7xx_HAL_Driver/Src/stm32f7xx_hal_uart_ex.o
LOAD ./Middlewares/Third_Party/FreeRTOS/Source/CMSIS_RTOS_V2/cmsis_os2.o
LOAD ./Middlewares/Third_Party/FreeRTOS/Source/croutine.o
LOAD ./Middlewares/Third_Party/FreeRTOS/Source/event_groups.o
LOAD ./Middlewares/Third_Party/FreeRTOS/Source/list.o
LOAD ./Middlewares/Third_Party/FreeRTOS/Source/queue.o
LOAD ./Middlewares/Third_Party/FreeRTOS/Source/stream_buffer.o
LOAD ./Middlewares/Third_Party/FreeRTOS/Source/tasks.o
LOAD ./Middlewares/Third_Party/FreeRTOS/Source/timers.o
LOAD ./Middlewares/Third_Party/FreeRTOS/Source/portable/GCC/ARM_CM7/r0p1/port.o
LOAD ./Middlewares/Third_Party/FreeRTOS/Source/portable/MemMang/heap_4.o
START GROUP
LOAD C:/ST/STM32CubeIDE_1.17.0/STM32CubeIDE/plugins/com.st.stm32cube.ide.mcu.externaltools.gnu-tools-for-stm32.12.3.rel1.win32_1.1.0.202410251130/tools/bin/../lib/gcc/arm-none-eabi/12.3.1/../../../../arm-none-eabi/lib/thumb/v7e-m+dp/hard\libc_nano.a
LOAD C:/ST/STM32CubeIDE_1.17.0/STM32CubeIDE/plugins/com.st.stm32cube.ide.mcu.externaltools.gnu-tools-for-stm32.12.3.rel1.win32_1.1.0.202410251130/tools/bin/../lib/gcc/arm-none-eabi/12.3.1/../../../../arm-none-eabi/lib/thumb/v7e-m+dp/hard\libm.a
END GROUP
START GROUP
LOAD C:/ST/STM32CubeIDE_1.17.0/STM32CubeIDE/plugins/com.st.stm32cube.ide.mcu.externaltools.gnu-tools-for-stm32.12.3.rel1.win32_1.1.0.202410251130/tools/bin/../lib/gcc/arm-none-eabi/12.3.1/thumb/v7e-m+dp/hard\libgcc.a
LOAD C:/ST/STM32CubeIDE_1.17.0/STM32CubeIDE/plugins/com.st.stm32cube.ide.mcu.externaltools.gnu-tools-for-stm32.12.3.rel1.win32_1.1.0.202410251130/tools/bin/../lib/gcc/arm-none-eabi/12.3.1/../../../../arm-none-eabi/lib/thumb/v7e-m+dp/hard\libc_nano.a
END GROUP
START GROUP
LOAD C:/ST/STM32CubeIDE_1.17.0/STM32CubeIDE/plugins/com.st.stm32cube.ide.mcu.externaltools.gnu-tools-for-stm32.12.3.rel1.win32_1.1.0.202410251130/tools/bin/../lib/gcc/arm-none-eabi/12.3.1/thumb/v7e-m+dp/hard\libgcc.a
LOAD C:/ST/STM32CubeIDE_1.17.0/STM32CubeIDE/plugins/com.st.stm32cube.ide.mcu.externaltools.gnu-tools-for-stm32.12.3.rel1.win32_1.1.0.202410251130/tools/bin/../lib/gcc/arm-none-eabi/12.3.1/../../../../arm-none-eabi/lib/thumb/v7e-m+dp/hard\libc_nano.a
LOAD C:/ST/STM32CubeIDE_1.17.0/STM32CubeIDE/plugins/com.st.stm32cube.ide.mcu.externaltools.gnu-tools-for-stm32.12.3.rel1.win32_1.1.0.202410251130/tools/bin/../lib/gcc/arm-none-eabi/12.3.1/../../../../arm-none-eabi/lib/thumb/v7e-m+dp/hard\libnosys.a
END GROUP
START GROUP
LOAD C:/ST/STM32CubeIDE_1.17.0/STM32CubeIDE/plugins/com.st.stm32cube.ide.mcu.externaltools.gnu-tools-for-stm32.12.3.rel1.win32_1.1.0.202410251130/tools/bin/../lib/gcc/arm-none-eabi/12.3.1/thumb/v7e-m+dp/hard\libgcc.a
LOAD C:/ST/STM32CubeIDE_1.17.0/STM32CubeIDE/plugins/com.st.stm32cube.ide.mcu.externaltools.gnu-tools-for-stm32.12.3.rel1.win32_1.1.0.202410251130/tools/bin/../lib/gcc/arm-none-eabi/12.3.1/../../../../arm-none-eabi/lib/thumb/v7e-m+dp/hard\libc_nano.a
LOAD C:/ST/STM32CubeIDE_1.17.0/STM32CubeIDE/plugins/com.st.stm32cube.ide.mcu.externaltools.gnu-tools-for-stm32.12.3.rel1.win32_1.1.0.202410251130/tools/bin/../lib/gcc/arm-none-eabi/12.3.1/../../../../arm-none-eabi/lib/thumb/v7e-m+dp/hard\libnosys.a
END GROUP
LOAD C:/ST/STM32CubeIDE_1.17.0/STM32CubeIDE/plugins/com.st.stm32cube.ide.mcu.externaltools.gnu-tools-for-stm32.12.3.rel1.win32_1.1.0.202410251130/tools/bin/../lib/gcc/arm-none-eabi/12.3.1/thumb/v7e-m+dp/hard/crtend.o
LOAD C:/ST/STM32CubeIDE_1.17.0/STM32CubeIDE/plugins/com.st.stm32cube.ide.mcu.externaltools.gnu-tools-for-stm32.12.3.rel1.win32_1.1.0.202410251130/tools/bin/../lib/gcc/arm-none-eabi/12.3.1/thumb/v7e-m+dp/hard/crtn.o
                0x20080000                        _estack = (ORIGIN (RAM) + LENGTH (RAM))
                0x00000200                        _Min_Heap_Size = 0x200
                0x00000400                        _Min_Stack_Size = 0x400

.isr_vector     0x08000000      0x1f8
                0x08000000                        . = ALIGN (0x4)
 *(.isr_vector)
 .isr_vector    0x08000000      0x1f8 ./Core/Startup/startup_stm32f767zitx.o
                0x08000000                g_pfnVectors
                0x080001f8                        . = ALIGN (0x4)

.text           0x08000200     0x78a8
                0x08000200                        . = ALIGN (0x4)
 *(.text)
 .text          0x08000200       0x40 C:/ST/STM32CubeIDE_1.17.0/STM32CubeIDE/plugins/com.st.stm32cube.ide.mcu.externaltools.gnu-tools-for-stm32.12.3.rel1.win32_1.1.0.202410251130/tools/bin/../lib/gcc/arm-none-eabi/12.3.1/thumb/v7e-m+dp/hard/crtbegin.o
 .text          0x08000240       0x30 C:/ST/STM32CubeIDE_1.17.0/STM32CubeIDE/plugins/com.st.stm32cube.ide.mcu.externaltools.gnu-tools-for-stm32.12.3.rel1.win32_1.1.0.202410251130/tools/bin/../lib/gcc/arm-none-eabi/12.3.1/thumb/v7e-m+dp/hard\libgcc.a(_aeabi_uldivmod.o)
                0x08000240                __aeabi_uldivmod
 .text          0x08000270      0x2bc C:/ST/STM32CubeIDE_1.17.0/STM32CubeIDE/plugins/com.st.stm32cube.ide.mcu.externaltools.gnu-tools-for-stm32.12.3.rel1.win32_1.1.0.202410251130/tools/bin/../lib/gcc/arm-none-eabi/12.3.1/thumb/v7e-m+dp/hard\libgcc.a(_udivmoddi4.o)
                0x08000270                __udivmoddi4
 .text          0x0800052c        0x4 C:/ST/STM32CubeIDE_1.17.0/STM32CubeIDE/plugins/com.st.stm32cube.ide.mcu.externaltools.gnu-tools-for-stm32.12.3.rel1.win32_1.1.0.202410251130/tools/bin/../lib/gcc/arm-none-eabi/12.3.1/thumb/v7e-m+dp/hard\libgcc.a(_dvmd_tls.o)
                0x0800052c                __aeabi_idiv0
                0x0800052c                __aeabi_ldiv0
 *(.text*)
 .text.I2C_Init
                0x08000530       0x24 ./Core/PeripheralPorts/I2C.o
                0x08000530                I2C_Init
 .text.I2C_ReadWrite_Poll
                0x08000554       0xb6 ./Core/PeripheralPorts/I2C.o
                0x08000554                I2C_ReadWrite_Poll
 *fill*         0x0800060a        0x2 
 .text.I2C_GetModule
                0x0800060c       0x44 ./Core/PeripheralPorts/I2C.o
                0x0800060c                I2C_GetModule
 .text.IMU_Init
                0x08000650       0x5a ./Core/Scaler/IMU.o
                0x08000650                IMU_Init
 *fill*         0x080006aa        0x2 
 .text.IMU_Execute
                0x080006ac       0xa0 ./Core/Scaler/IMU.o
                0x080006ac                IMU_Execute
 .text.IMU_PopulateData
                0x0800074c       0x8a ./Core/Scaler/IMU.o
                0x0800074c                IMU_PopulateData
 *fill*         0x080007d6        0x2 
 .text.IMU_GetSensorHandle
                0x080007d8       0x3c ./Core/Scaler/IMU.o
                0x080007d8                IMU_GetSensorHandle
 .text.BNO055_Init
                0x08000814       0xcc ./Core/Sensors/BNO055.o
                0x08000814                BNO055_Init
 .text.BNO055_Reset
                0x080008e0       0x3e ./Core/Sensors/BNO055.o
                0x080008e0                BNO055_Reset
 .text.BNO055_Set_OperationMode
                0x0800091e       0x70 ./Core/Sensors/BNO055.o
                0x0800091e                BNO055_Set_OperationMode
 .text.BNO055_Set_PowerMode
                0x0800098e       0x70 ./Core/Sensors/BNO055.o
                0x0800098e                BNO055_Set_PowerMode
 .text.BNO055_Set_ACC_Mode
                0x080009fe       0x70 ./Core/Sensors/BNO055.o
                0x080009fe                BNO055_Set_ACC_Mode
 .text.BNO055_Get_ACC_Mode
                0x08000a6e       0x6c ./Core/Sensors/BNO055.o
                0x08000a6e                BNO055_Get_ACC_Mode
 .text.BNO055_Set_MAG_Mode
                0x08000ada       0x70 ./Core/Sensors/BNO055.o
                0x08000ada                BNO055_Set_MAG_Mode
 .text.BNO055_Set_GYR_Mode_1
                0x08000b4a       0x70 ./Core/Sensors/BNO055.o
                0x08000b4a                BNO055_Set_GYR_Mode_1
 .text.BNO055_Set_GYR_Mode_2
                0x08000bba       0x70 ./Core/Sensors/BNO055.o
                0x08000bba                BNO055_Set_GYR_Mode_2
 .text.BNO055_Get_ChipID
                0x08000c2a       0x82 ./Core/Sensors/BNO055.o
                0x08000c2a                BNO055_Get_ChipID
 .text.BNO055_Get_ACC_ID
                0x08000cac       0x82 ./Core/Sensors/BNO055.o
                0x08000cac                BNO055_Get_ACC_ID
 .text.BNO055_Get_GYR_ID
                0x08000d2e       0x84 ./Core/Sensors/BNO055.o
                0x08000d2e                BNO055_Get_GYR_ID
 .text.BNO055_Get_MAG_ID
                0x08000db2       0x84 ./Core/Sensors/BNO055.o
                0x08000db2                BNO055_Get_MAG_ID
 .text.BNO055_Get_ACC_Data
                0x08000e36      0x106 ./Core/Sensors/BNO055.o
                0x08000e36                BNO055_Get_ACC_Data
 .text.BNO055_Get_MAG_Data
                0x08000f3c       0xa6 ./Core/Sensors/BNO055.o
                0x08000f3c                BNO055_Get_MAG_Data
 .text.BNO055_Get_GYR_Data
                0x08000fe2       0xa6 ./Core/Sensors/BNO055.o
                0x08000fe2                BNO055_Get_GYR_Data
 .text.BNO055_Set_DataUnit
                0x08001088       0x56 ./Core/Sensors/BNO055.o
                0x08001088                BNO055_Set_DataUnit
 .text.BNO055_Get_DataUnit
                0x080010de       0x5e ./Core/Sensors/BNO055.o
                0x080010de                BNO055_Get_DataUnit
 .text.BNO055_Get_PageID
                0x0800113c       0x3c ./Core/Sensors/BNO055.o
                0x0800113c                BNO055_Get_PageID
 .text.BNO055_Set_PageID
                0x08001178       0x46 ./Core/Sensors/BNO055.o
                0x08001178                BNO055_Set_PageID
 .text.BNO055_Get_SysError
                0x080011be       0x3c ./Core/Sensors/BNO055.o
                0x080011be                BNO055_Get_SysError
 .text.BNO055_SendReceive
                0x080011fa       0x4a ./Core/Sensors/BNO055.o
                0x080011fa                BNO055_SendReceive
 .text.BNO055_CommPorter_SendReceive
                0x08001244       0x36 ./Core/Sensors/BNO055_CommPorter.o
                0x08001244                BNO055_CommPorter_SendReceive
 *fill*         0x0800127a        0x2 
 .text.main     0x0800127c       0x5c ./Core/Src/main.o
                0x0800127c                main
 .text.SystemClock_Config
                0x080012d8       0xe4 ./Core/Src/main.o
                0x080012d8                SystemClock_Config
 .text.MX_I2C2_Init
                0x080013bc       0x88 ./Core/Src/main.o
 .text.MX_USART3_UART_Init
                0x08001444       0x60 ./Core/Src/main.o
 .text.MX_GPIO_Init
                0x080014a4      0x100 ./Core/Src/main.o
 .text.TaskMicroROS
                0x080015a4       0x30 ./Core/Src/main.o
                0x080015a4                TaskMicroROS
 .text.TaskSensors
                0x080015d4       0x50 ./Core/Src/main.o
                0x080015d4                TaskSensors
 .text.HAL_TIM_PeriodElapsedCallback
                0x08001624       0x24 ./Core/Src/main.o
                0x08001624                HAL_TIM_PeriodElapsedCallback
 .text.Error_Handler
                0x08001648        0xc ./Core/Src/main.o
                0x08001648                Error_Handler
 .text.HAL_MspInit
                0x08001654       0x50 ./Core/Src/stm32f7xx_hal_msp.o
                0x08001654                HAL_MspInit
 .text.HAL_I2C_MspInit
                0x080016a4       0xbc ./Core/Src/stm32f7xx_hal_msp.o
                0x080016a4                HAL_I2C_MspInit
 .text.HAL_UART_MspInit
                0x08001760       0xc0 ./Core/Src/stm32f7xx_hal_msp.o
                0x08001760                HAL_UART_MspInit
 .text.HAL_InitTick
                0x08001820       0xe0 ./Core/Src/stm32f7xx_hal_timebase_tim.o
                0x08001820                HAL_InitTick
 .text.NMI_Handler
                0x08001900        0x8 ./Core/Src/stm32f7xx_it.o
                0x08001900                NMI_Handler
 .text.HardFault_Handler
                0x08001908        0x8 ./Core/Src/stm32f7xx_it.o
                0x08001908                HardFault_Handler
 .text.MemManage_Handler
                0x08001910        0x8 ./Core/Src/stm32f7xx_it.o
                0x08001910                MemManage_Handler
 .text.BusFault_Handler
                0x08001918        0x8 ./Core/Src/stm32f7xx_it.o
                0x08001918                BusFault_Handler
 .text.UsageFault_Handler
                0x08001920        0x8 ./Core/Src/stm32f7xx_it.o
                0x08001920                UsageFault_Handler
 .text.DebugMon_Handler
                0x08001928        0xe ./Core/Src/stm32f7xx_it.o
                0x08001928                DebugMon_Handler
 *fill*         0x08001936        0x2 
 .text.TIM1_UP_TIM10_IRQHandler
                0x08001938       0x14 ./Core/Src/stm32f7xx_it.o
                0x08001938                TIM1_UP_TIM10_IRQHandler
 .text.SystemInit
                0x0800194c       0x24 ./Core/Src/system_stm32f7xx.o
                0x0800194c                SystemInit
 .text.Reset_Handler
                0x08001970       0x50 ./Core/Startup/startup_stm32f767zitx.o
                0x08001970                Reset_Handler
 .text.Default_Handler
                0x080019c0        0x2 ./Core/Startup/startup_stm32f767zitx.o
                0x080019c0                RTC_Alarm_IRQHandler
                0x080019c0                EXTI2_IRQHandler
                0x080019c0                TIM8_CC_IRQHandler
                0x080019c0                UART8_IRQHandler
                0x080019c0                SPI4_IRQHandler
                0x080019c0                TIM1_CC_IRQHandler
                0x080019c0                DMA2_Stream5_IRQHandler
                0x080019c0                JPEG_IRQHandler
                0x080019c0                DMA1_Stream5_IRQHandler
                0x080019c0                CAN3_RX1_IRQHandler
                0x080019c0                PVD_IRQHandler
                0x080019c0                TAMP_STAMP_IRQHandler
                0x080019c0                CAN2_RX1_IRQHandler
                0x080019c0                EXTI3_IRQHandler
                0x080019c0                TIM8_TRG_COM_TIM14_IRQHandler
                0x080019c0                DFSDM1_FLT1_IRQHandler
                0x080019c0                TIM8_UP_TIM13_IRQHandler
                0x080019c0                I2C3_ER_IRQHandler
                0x080019c0                DFSDM1_FLT2_IRQHandler
                0x080019c0                EXTI0_IRQHandler
                0x080019c0                I2C2_EV_IRQHandler
                0x080019c0                DMA1_Stream2_IRQHandler
                0x080019c0                CAN1_RX0_IRQHandler
                0x080019c0                FPU_IRQHandler
                0x080019c0                OTG_HS_WKUP_IRQHandler
                0x080019c0                CAN3_SCE_IRQHandler
                0x080019c0                LTDC_ER_IRQHandler
                0x080019c0                CAN2_SCE_IRQHandler
                0x080019c0                DMA2_Stream2_IRQHandler
                0x080019c0                SPI1_IRQHandler
                0x080019c0                TIM6_DAC_IRQHandler
                0x080019c0                TIM1_BRK_TIM9_IRQHandler
                0x080019c0                DCMI_IRQHandler
                0x080019c0                CAN2_RX0_IRQHandler
                0x080019c0                DMA2_Stream3_IRQHandler
                0x080019c0                SAI2_IRQHandler
                0x080019c0                DFSDM1_FLT3_IRQHandler
                0x080019c0                USART6_IRQHandler
                0x080019c0                CAN3_RX0_IRQHandler
                0x080019c0                USART3_IRQHandler
                0x080019c0                CAN1_RX1_IRQHandler
                0x080019c0                UART5_IRQHandler
                0x080019c0                DMA2_Stream0_IRQHandler
                0x080019c0                TIM4_IRQHandler
                0x080019c0                QUADSPI_IRQHandler
                0x080019c0                I2C1_EV_IRQHandler
                0x080019c0                DMA1_Stream6_IRQHandler
                0x080019c0                DMA1_Stream1_IRQHandler
                0x080019c0                UART4_IRQHandler
                0x080019c0                TIM3_IRQHandler
                0x080019c0                RCC_IRQHandler
                0x080019c0                TIM8_BRK_TIM12_IRQHandler
                0x080019c0                Default_Handler
                0x080019c0                CEC_IRQHandler
                0x080019c0                EXTI15_10_IRQHandler
                0x080019c0                ADC_IRQHandler
                0x080019c0                DMA1_Stream7_IRQHandler
                0x080019c0                SPI5_IRQHandler
                0x080019c0                TIM7_IRQHandler
                0x080019c0                SDMMC1_IRQHandler
                0x080019c0                CAN2_TX_IRQHandler
                0x080019c0                TIM5_IRQHandler
                0x080019c0                DMA2_Stream7_IRQHandler
                0x080019c0                I2C3_EV_IRQHandler
                0x080019c0                EXTI9_5_IRQHandler
                0x080019c0                RTC_WKUP_IRQHandler
                0x080019c0                LTDC_IRQHandler
                0x080019c0                ETH_WKUP_IRQHandler
                0x080019c0                SPDIF_RX_IRQHandler
                0x080019c0                SPI2_IRQHandler
                0x080019c0                OTG_HS_EP1_IN_IRQHandler
                0x080019c0                DMA1_Stream0_IRQHandler
                0x080019c0                CAN1_TX_IRQHandler
                0x080019c0                EXTI4_IRQHandler
                0x080019c0                RNG_IRQHandler
                0x080019c0                ETH_IRQHandler
                0x080019c0                OTG_HS_EP1_OUT_IRQHandler
                0x080019c0                WWDG_IRQHandler
                0x080019c0                SPI6_IRQHandler
                0x080019c0                MDIOS_IRQHandler
                0x080019c0                I2C4_EV_IRQHandler
                0x080019c0                CAN3_TX_IRQHandler
                0x080019c0                TIM2_IRQHandler
                0x080019c0                OTG_FS_WKUP_IRQHandler
                0x080019c0                TIM1_TRG_COM_TIM11_IRQHandler
                0x080019c0                OTG_HS_IRQHandler
                0x080019c0                DMA2D_IRQHandler
                0x080019c0                EXTI1_IRQHandler
                0x080019c0                SDMMC2_IRQHandler
                0x080019c0                UART7_IRQHandler
                0x080019c0                USART2_IRQHandler
                0x080019c0                DFSDM1_FLT0_IRQHandler
                0x080019c0                I2C2_ER_IRQHandler
                0x080019c0                DMA2_Stream1_IRQHandler
                0x080019c0                CAN1_SCE_IRQHandler
                0x080019c0                FLASH_IRQHandler
                0x080019c0                DMA2_Stream4_IRQHandler
                0x080019c0                USART1_IRQHandler
                0x080019c0                OTG_FS_IRQHandler
                0x080019c0                SPI3_IRQHandler
                0x080019c0                DMA1_Stream4_IRQHandler
                0x080019c0                I2C1_ER_IRQHandler
                0x080019c0                FMC_IRQHandler
                0x080019c0                LPTIM1_IRQHandler
                0x080019c0                I2C4_ER_IRQHandler
                0x080019c0                DMA2_Stream6_IRQHandler
                0x080019c0                SAI1_IRQHandler
                0x080019c0                DMA1_Stream3_IRQHandler
 .text.HAL_Init
                0x080019c2       0x1a ./Drivers/STM32F7xx_HAL_Driver/Src/stm32f7xx_hal.o
                0x080019c2                HAL_Init
 .text.HAL_IncTick
                0x080019dc       0x28 ./Drivers/STM32F7xx_HAL_Driver/Src/stm32f7xx_hal.o
                0x080019dc                HAL_IncTick
 .text.HAL_GetTick
                0x08001a04       0x18 ./Drivers/STM32F7xx_HAL_Driver/Src/stm32f7xx_hal.o
                0x08001a04                HAL_GetTick
 .text.HAL_Delay
                0x08001a1c       0x48 ./Drivers/STM32F7xx_HAL_Driver/Src/stm32f7xx_hal.o
                0x08001a1c                HAL_Delay
 .text.__NVIC_SetPriorityGrouping
                0x08001a64       0x48 ./Drivers/STM32F7xx_HAL_Driver/Src/stm32f7xx_hal_cortex.o
 .text.__NVIC_GetPriorityGrouping
                0x08001aac       0x1c ./Drivers/STM32F7xx_HAL_Driver/Src/stm32f7xx_hal_cortex.o
 .text.__NVIC_EnableIRQ
                0x08001ac8       0x3c ./Drivers/STM32F7xx_HAL_Driver/Src/stm32f7xx_hal_cortex.o
 .text.__NVIC_SetPriority
                0x08001b04       0x54 ./Drivers/STM32F7xx_HAL_Driver/Src/stm32f7xx_hal_cortex.o
 .text.NVIC_EncodePriority
                0x08001b58       0x66 ./Drivers/STM32F7xx_HAL_Driver/Src/stm32f7xx_hal_cortex.o
 .text.HAL_NVIC_SetPriorityGrouping
                0x08001bbe       0x16 ./Drivers/STM32F7xx_HAL_Driver/Src/stm32f7xx_hal_cortex.o
                0x08001bbe                HAL_NVIC_SetPriorityGrouping
 .text.HAL_NVIC_SetPriority
                0x08001bd4       0x38 ./Drivers/STM32F7xx_HAL_Driver/Src/stm32f7xx_hal_cortex.o
                0x08001bd4                HAL_NVIC_SetPriority
 .text.HAL_NVIC_EnableIRQ
                0x08001c0c       0x1c ./Drivers/STM32F7xx_HAL_Driver/Src/stm32f7xx_hal_cortex.o
                0x08001c0c                HAL_NVIC_EnableIRQ
 .text.HAL_GPIO_Init
                0x08001c28      0x358 ./Drivers/STM32F7xx_HAL_Driver/Src/stm32f7xx_hal_gpio.o
                0x08001c28                HAL_GPIO_Init
 .text.HAL_GPIO_WritePin
                0x08001f80       0x32 ./Drivers/STM32F7xx_HAL_Driver/Src/stm32f7xx_hal_gpio.o
                0x08001f80                HAL_GPIO_WritePin
 .text.HAL_GPIO_TogglePin
                0x08001fb2       0x34 ./Drivers/STM32F7xx_HAL_Driver/Src/stm32f7xx_hal_gpio.o
                0x08001fb2                HAL_GPIO_TogglePin
 *fill*         0x08001fe6        0x2 
 .text.HAL_I2C_Init
                0x08001fe8      0x138 ./Drivers/STM32F7xx_HAL_Driver/Src/stm32f7xx_hal_i2c.o
                0x08001fe8                HAL_I2C_Init
 .text.HAL_I2C_Master_Transmit
                0x08002120      0x230 ./Drivers/STM32F7xx_HAL_Driver/Src/stm32f7xx_hal_i2c.o
                0x08002120                HAL_I2C_Master_Transmit
 .text.HAL_I2C_Master_Receive
                0x08002350      0x1ec ./Drivers/STM32F7xx_HAL_Driver/Src/stm32f7xx_hal_i2c.o
                0x08002350                HAL_I2C_Master_Receive
 .text.I2C_Flush_TXDR
                0x0800253c       0x48 ./Drivers/STM32F7xx_HAL_Driver/Src/stm32f7xx_hal_i2c.o
 .text.I2C_WaitOnFlagUntilTimeout
                0x08002584       0xb2 ./Drivers/STM32F7xx_HAL_Driver/Src/stm32f7xx_hal_i2c.o
 .text.I2C_WaitOnTXISFlagUntilTimeout
                0x08002636       0x8e ./Drivers/STM32F7xx_HAL_Driver/Src/stm32f7xx_hal_i2c.o
 .text.I2C_WaitOnSTOPFlagUntilTimeout
                0x080026c4       0x86 ./Drivers/STM32F7xx_HAL_Driver/Src/stm32f7xx_hal_i2c.o
 *fill*         0x0800274a        0x2 
 .text.I2C_WaitOnRXNEFlagUntilTimeout
                0x0800274c      0x118 ./Drivers/STM32F7xx_HAL_Driver/Src/stm32f7xx_hal_i2c.o
 .text.I2C_IsErrorOccurred
                0x08002864      0x1c0 ./Drivers/STM32F7xx_HAL_Driver/Src/stm32f7xx_hal_i2c.o
 .text.I2C_TransferConfig
                0x08002a24       0x64 ./Drivers/STM32F7xx_HAL_Driver/Src/stm32f7xx_hal_i2c.o
 .text.HAL_I2CEx_ConfigAnalogFilter
                0x08002a88       0x96 ./Drivers/STM32F7xx_HAL_Driver/Src/stm32f7xx_hal_i2c_ex.o
                0x08002a88                HAL_I2CEx_ConfigAnalogFilter
 .text.HAL_I2CEx_ConfigDigitalFilter
                0x08002b1e       0x98 ./Drivers/STM32F7xx_HAL_Driver/Src/stm32f7xx_hal_i2c_ex.o
                0x08002b1e                HAL_I2CEx_ConfigDigitalFilter
 *fill*         0x08002bb6        0x2 
 .text.HAL_PWR_EnableBkUpAccess
                0x08002bb8       0x20 ./Drivers/STM32F7xx_HAL_Driver/Src/stm32f7xx_hal_pwr.o
                0x08002bb8                HAL_PWR_EnableBkUpAccess
 .text.HAL_PWREx_EnableOverDrive
                0x08002bd8       0xa0 ./Drivers/STM32F7xx_HAL_Driver/Src/stm32f7xx_hal_pwr_ex.o
                0x08002bd8                HAL_PWREx_EnableOverDrive
 .text.HAL_RCC_OscConfig
                0x08002c78      0x55c ./Drivers/STM32F7xx_HAL_Driver/Src/stm32f7xx_hal_rcc.o
                0x08002c78                HAL_RCC_OscConfig
 .text.HAL_RCC_ClockConfig
                0x080031d4      0x1d8 ./Drivers/STM32F7xx_HAL_Driver/Src/stm32f7xx_hal_rcc.o
                0x080031d4                HAL_RCC_ClockConfig
 .text.HAL_RCC_GetSysClockFreq
                0x080033ac      0x20c ./Drivers/STM32F7xx_HAL_Driver/Src/stm32f7xx_hal_rcc.o
                0x080033ac                HAL_RCC_GetSysClockFreq
 .text.HAL_RCC_GetHCLKFreq
                0x080035b8       0x18 ./Drivers/STM32F7xx_HAL_Driver/Src/stm32f7xx_hal_rcc.o
                0x080035b8                HAL_RCC_GetHCLKFreq
 .text.HAL_RCC_GetPCLK1Freq
                0x080035d0       0x28 ./Drivers/STM32F7xx_HAL_Driver/Src/stm32f7xx_hal_rcc.o
                0x080035d0                HAL_RCC_GetPCLK1Freq
 .text.HAL_RCC_GetPCLK2Freq
                0x080035f8       0x28 ./Drivers/STM32F7xx_HAL_Driver/Src/stm32f7xx_hal_rcc.o
                0x080035f8                HAL_RCC_GetPCLK2Freq
 .text.HAL_RCC_GetClockConfig
                0x08003620       0x64 ./Drivers/STM32F7xx_HAL_Driver/Src/stm32f7xx_hal_rcc.o
                0x08003620                HAL_RCC_GetClockConfig
 .text.HAL_RCCEx_PeriphCLKConfig
                0x08003684      0x850 ./Drivers/STM32F7xx_HAL_Driver/Src/stm32f7xx_hal_rcc_ex.o
                0x08003684                HAL_RCCEx_PeriphCLKConfig
 .text.HAL_TIM_Base_Init
                0x08003ed4       0xae ./Drivers/STM32F7xx_HAL_Driver/Src/stm32f7xx_hal_tim.o
                0x08003ed4                HAL_TIM_Base_Init
 .text.HAL_TIM_Base_MspInit
                0x08003f82       0x14 ./Drivers/STM32F7xx_HAL_Driver/Src/stm32f7xx_hal_tim.o
                0x08003f82                HAL_TIM_Base_MspInit
 *fill*         0x08003f96        0x2 
 .text.HAL_TIM_Base_Start_IT
                0x08003f98       0xf0 ./Drivers/STM32F7xx_HAL_Driver/Src/stm32f7xx_hal_tim.o
                0x08003f98                HAL_TIM_Base_Start_IT
 .text.HAL_TIM_IRQHandler
                0x08004088      0x20e ./Drivers/STM32F7xx_HAL_Driver/Src/stm32f7xx_hal_tim.o
                0x08004088                HAL_TIM_IRQHandler
 .text.HAL_TIM_OC_DelayElapsedCallback
                0x08004296       0x14 ./Drivers/STM32F7xx_HAL_Driver/Src/stm32f7xx_hal_tim.o
                0x08004296                HAL_TIM_OC_DelayElapsedCallback
 .text.HAL_TIM_IC_CaptureCallback
                0x080042aa       0x14 ./Drivers/STM32F7xx_HAL_Driver/Src/stm32f7xx_hal_tim.o
                0x080042aa                HAL_TIM_IC_CaptureCallback
 .text.HAL_TIM_PWM_PulseFinishedCallback
                0x080042be       0x14 ./Drivers/STM32F7xx_HAL_Driver/Src/stm32f7xx_hal_tim.o
                0x080042be                HAL_TIM_PWM_PulseFinishedCallback
 .text.HAL_TIM_TriggerCallback
                0x080042d2       0x14 ./Drivers/STM32F7xx_HAL_Driver/Src/stm32f7xx_hal_tim.o
                0x080042d2                HAL_TIM_TriggerCallback
 *fill*         0x080042e6        0x2 
 .text.TIM_Base_SetConfig
                0x080042e8      0x14c ./Drivers/STM32F7xx_HAL_Driver/Src/stm32f7xx_hal_tim.o
                0x080042e8                TIM_Base_SetConfig
 .text.HAL_TIMEx_CommutCallback
                0x08004434       0x14 ./Drivers/STM32F7xx_HAL_Driver/Src/stm32f7xx_hal_tim_ex.o
                0x08004434                HAL_TIMEx_CommutCallback
 .text.HAL_TIMEx_BreakCallback
                0x08004448       0x14 ./Drivers/STM32F7xx_HAL_Driver/Src/stm32f7xx_hal_tim_ex.o
                0x08004448                HAL_TIMEx_BreakCallback
 .text.HAL_TIMEx_Break2Callback
                0x0800445c       0x14 ./Drivers/STM32F7xx_HAL_Driver/Src/stm32f7xx_hal_tim_ex.o
                0x0800445c                HAL_TIMEx_Break2Callback
 .text.HAL_UART_Init
                0x08004470       0x9c ./Drivers/STM32F7xx_HAL_Driver/Src/stm32f7xx_hal_uart.o
                0x08004470                HAL_UART_Init
 .text.UART_SetConfig
                0x0800450c      0x4c8 ./Drivers/STM32F7xx_HAL_Driver/Src/stm32f7xx_hal_uart.o
                0x0800450c                UART_SetConfig
 .text.UART_AdvFeatureConfig
                0x080049d4      0x144 ./Drivers/STM32F7xx_HAL_Driver/Src/stm32f7xx_hal_uart.o
                0x080049d4                UART_AdvFeatureConfig
 .text.UART_CheckIdleState
                0x08004b18      0x150 ./Drivers/STM32F7xx_HAL_Driver/Src/stm32f7xx_hal_uart.o
                0x08004b18                UART_CheckIdleState
 .text.UART_WaitOnFlagUntilTimeout
                0x08004c68       0xda ./Drivers/STM32F7xx_HAL_Driver/Src/stm32f7xx_hal_uart.o
                0x08004c68                UART_WaitOnFlagUntilTimeout
 .text.UART_EndRxTransfer
                0x08004d42       0xc8 ./Drivers/STM32F7xx_HAL_Driver/Src/stm32f7xx_hal_uart.o
 .text.SVC_Setup
                0x08004e0a        0xe ./Middlewares/Third_Party/FreeRTOS/Source/CMSIS_RTOS_V2/cmsis_os2.o
 .text.osKernelInitialize
                0x08004e18       0x68 ./Middlewares/Third_Party/FreeRTOS/Source/CMSIS_RTOS_V2/cmsis_os2.o
                0x08004e18                osKernelInitialize
 .text.osKernelStart
                0x08004e80       0x6c ./Middlewares/Third_Party/FreeRTOS/Source/CMSIS_RTOS_V2/cmsis_os2.o
                0x08004e80                osKernelStart
 .text.osThreadNew
                0x08004eec      0x14c ./Middlewares/Third_Party/FreeRTOS/Source/CMSIS_RTOS_V2/cmsis_os2.o
                0x08004eec                osThreadNew
 .text.osDelay  0x08005038       0x5c ./Middlewares/Third_Party/FreeRTOS/Source/CMSIS_RTOS_V2/cmsis_os2.o
                0x08005038                osDelay
 .text.vApplicationGetIdleTaskMemory
                0x08005094       0x34 ./Middlewares/Third_Party/FreeRTOS/Source/CMSIS_RTOS_V2/cmsis_os2.o
                0x08005094                vApplicationGetIdleTaskMemory
 .text.vApplicationGetTimerTaskMemory
                0x080050c8       0x34 ./Middlewares/Third_Party/FreeRTOS/Source/CMSIS_RTOS_V2/cmsis_os2.o
                0x080050c8                vApplicationGetTimerTaskMemory
 .text.vListInitialise
                0x080050fc       0x40 ./Middlewares/Third_Party/FreeRTOS/Source/list.o
                0x080050fc                vListInitialise
 .text.vListInitialiseItem
                0x0800513c       0x1a ./Middlewares/Third_Party/FreeRTOS/Source/list.o
                0x0800513c                vListInitialiseItem
 .text.vListInsertEnd
                0x08005156       0x48 ./Middlewares/Third_Party/FreeRTOS/Source/list.o
                0x08005156                vListInsertEnd
 .text.vListInsert
                0x0800519e       0x72 ./Middlewares/Third_Party/FreeRTOS/Source/list.o
                0x0800519e                vListInsert
 .text.uxListRemove
                0x08005210       0x54 ./Middlewares/Third_Party/FreeRTOS/Source/list.o
                0x08005210                uxListRemove
 .text.xQueueGenericReset
                0x08005264       0xd8 ./Middlewares/Third_Party/FreeRTOS/Source/queue.o
                0x08005264                xQueueGenericReset
 .text.xQueueGenericCreateStatic
                0x0800533c      0x10e ./Middlewares/Third_Party/FreeRTOS/Source/queue.o
                0x0800533c                xQueueGenericCreateStatic
 .text.prvInitialiseNewQueue
                0x0800544a       0x46 ./Middlewares/Third_Party/FreeRTOS/Source/queue.o
 .text.xQueueGenericSend
                0x08005490      0x214 ./Middlewares/Third_Party/FreeRTOS/Source/queue.o
                0x08005490                xQueueGenericSend
 .text.xQueueGenericSendFromISR
                0x080056a4      0x146 ./Middlewares/Third_Party/FreeRTOS/Source/queue.o
                0x080056a4                xQueueGenericSendFromISR
 *fill*         0x080057ea        0x2 
 .text.xQueueReceive
                0x080057ec      0x1d0 ./Middlewares/Third_Party/FreeRTOS/Source/queue.o
                0x080057ec                xQueueReceive
 .text.prvCopyDataToQueue
                0x080059bc       0xd4 ./Middlewares/Third_Party/FreeRTOS/Source/queue.o
 .text.prvCopyDataFromQueue
                0x08005a90       0x4c ./Middlewares/Third_Party/FreeRTOS/Source/queue.o
 .text.prvUnlockQueue
                0x08005adc       0xa4 ./Middlewares/Third_Party/FreeRTOS/Source/queue.o
 .text.prvIsQueueEmpty
                0x08005b80       0x2c ./Middlewares/Third_Party/FreeRTOS/Source/queue.o
 .text.prvIsQueueFull
                0x08005bac       0x30 ./Middlewares/Third_Party/FreeRTOS/Source/queue.o
 .text.vQueueAddToRegistry
                0x08005bdc       0x54 ./Middlewares/Third_Party/FreeRTOS/Source/queue.o
                0x08005bdc                vQueueAddToRegistry
 .text.vQueueWaitForMessageRestricted
                0x08005c30       0x68 ./Middlewares/Third_Party/FreeRTOS/Source/queue.o
                0x08005c30                vQueueWaitForMessageRestricted
 .text.xTaskCreateStatic
                0x08005c98       0xcc ./Middlewares/Third_Party/FreeRTOS/Source/tasks.o
                0x08005c98                xTaskCreateStatic
 .text.xTaskCreate
                0x08005d64       0x8a ./Middlewares/Third_Party/FreeRTOS/Source/tasks.o
                0x08005d64                xTaskCreate
 .text.prvInitialiseNewTask
                0x08005dee      0x124 ./Middlewares/Third_Party/FreeRTOS/Source/tasks.o
 *fill*         0x08005f12        0x2 
 .text.prvAddNewTaskToReadyList
                0x08005f14       0xe0 ./Middlewares/Third_Party/FreeRTOS/Source/tasks.o
 .text.vTaskDelay
                0x08005ff4       0x70 ./Middlewares/Third_Party/FreeRTOS/Source/tasks.o
                0x08005ff4                vTaskDelay
 .text.vTaskStartScheduler
                0x08006064       0xd8 ./Middlewares/Third_Party/FreeRTOS/Source/tasks.o
                0x08006064                vTaskStartScheduler
 .text.vTaskSuspendAll
                0x0800613c       0x1c ./Middlewares/Third_Party/FreeRTOS/Source/tasks.o
                0x0800613c                vTaskSuspendAll
 .text.xTaskResumeAll
                0x08006158      0x140 ./Middlewares/Third_Party/FreeRTOS/Source/tasks.o
                0x08006158                xTaskResumeAll
 .text.xTaskGetTickCount
                0x08006298       0x20 ./Middlewares/Third_Party/FreeRTOS/Source/tasks.o
                0x08006298                xTaskGetTickCount
 .text.xTaskIncrementTick
                0x080062b8      0x178 ./Middlewares/Third_Party/FreeRTOS/Source/tasks.o
                0x080062b8                xTaskIncrementTick
 .text.vTaskSwitchContext
                0x08006430       0xc0 ./Middlewares/Third_Party/FreeRTOS/Source/tasks.o
                0x08006430                vTaskSwitchContext
 .text.vTaskPlaceOnEventList
                0x080064f0       0x50 ./Middlewares/Third_Party/FreeRTOS/Source/tasks.o
                0x080064f0                vTaskPlaceOnEventList
 .text.vTaskPlaceOnEventListRestricted
                0x08006540       0x5c ./Middlewares/Third_Party/FreeRTOS/Source/tasks.o
                0x08006540                vTaskPlaceOnEventListRestricted
 .text.xTaskRemoveFromEventList
                0x0800659c       0xcc ./Middlewares/Third_Party/FreeRTOS/Source/tasks.o
                0x0800659c                xTaskRemoveFromEventList
 .text.vTaskInternalSetTimeOutState
                0x08006668       0x2c ./Middlewares/Third_Party/FreeRTOS/Source/tasks.o
                0x08006668                vTaskInternalSetTimeOutState
 .text.xTaskCheckForTimeOut
                0x08006694       0xd0 ./Middlewares/Third_Party/FreeRTOS/Source/tasks.o
                0x08006694                xTaskCheckForTimeOut
 .text.vTaskMissedYield
                0x08006764       0x18 ./Middlewares/Third_Party/FreeRTOS/Source/tasks.o
                0x08006764                vTaskMissedYield
 .text.prvIdleTask
                0x0800677c       0x30 ./Middlewares/Third_Party/FreeRTOS/Source/tasks.o
 .text.prvInitialiseTaskLists
                0x080067ac       0x80 ./Middlewares/Third_Party/FreeRTOS/Source/tasks.o
 .text.prvCheckTasksWaitingTermination
                0x0800682c       0x5c ./Middlewares/Third_Party/FreeRTOS/Source/tasks.o
 .text.prvDeleteTCB
                0x08006888       0x64 ./Middlewares/Third_Party/FreeRTOS/Source/tasks.o
 .text.prvResetNextTaskUnblockTime
                0x080068ec       0x40 ./Middlewares/Third_Party/FreeRTOS/Source/tasks.o
 .text.xTaskGetSchedulerState
                0x0800692c       0x3c ./Middlewares/Third_Party/FreeRTOS/Source/tasks.o
                0x0800692c                xTaskGetSchedulerState
 .text.xTaskPriorityDisinherit
                0x08006968       0xe8 ./Middlewares/Third_Party/FreeRTOS/Source/tasks.o
                0x08006968                xTaskPriorityDisinherit
 .text.prvAddCurrentTaskToDelayedList
                0x08006a50       0xa8 ./Middlewares/Third_Party/FreeRTOS/Source/tasks.o
 .text.xTimerCreateTimerTask
                0x08006af8       0x98 ./Middlewares/Third_Party/FreeRTOS/Source/timers.o
                0x08006af8                xTimerCreateTimerTask
 .text.xTimerGenericCommand
                0x08006b90       0xa0 ./Middlewares/Third_Party/FreeRTOS/Source/timers.o
                0x08006b90                xTimerGenericCommand
 .text.prvProcessExpiredTimer
                0x08006c30       0xa0 ./Middlewares/Third_Party/FreeRTOS/Source/timers.o
 .text.prvTimerTask
                0x08006cd0       0x26 ./Middlewares/Third_Party/FreeRTOS/Source/timers.o
 *fill*         0x08006cf6        0x2 
 .text.prvProcessTimerOrBlockTask
                0x08006cf8       0x9c ./Middlewares/Third_Party/FreeRTOS/Source/timers.o
 .text.prvGetNextExpireTime
                0x08006d94       0x48 ./Middlewares/Third_Party/FreeRTOS/Source/timers.o
 .text.prvSampleTimeNow
                0x08006ddc       0x40 ./Middlewares/Third_Party/FreeRTOS/Source/timers.o
 .text.prvInsertTimerInActiveList
                0x08006e1c       0x84 ./Middlewares/Third_Party/FreeRTOS/Source/timers.o
 .text.prvProcessReceivedCommands
                0x08006ea0      0x1d8 ./Middlewares/Third_Party/FreeRTOS/Source/timers.o
 .text.prvSwitchTimerLists
                0x08007078       0xd0 ./Middlewares/Third_Party/FreeRTOS/Source/timers.o
 .text.prvCheckForValidListAndQueue
                0x08007148       0x80 ./Middlewares/Third_Party/FreeRTOS/Source/timers.o
 .text.pxPortInitialiseStack
                0x080071c8       0x68 ./Middlewares/Third_Party/FreeRTOS/Source/portable/GCC/ARM_CM7/r0p1/port.o
                0x080071c8                pxPortInitialiseStack
 .text.prvTaskExitError
                0x08007230       0x64 ./Middlewares/Third_Party/FreeRTOS/Source/portable/GCC/ARM_CM7/r0p1/port.o
 *fill*         0x08007294        0xc 
 .text.SVC_Handler
                0x080072a0       0x28 ./Middlewares/Third_Party/FreeRTOS/Source/portable/GCC/ARM_CM7/r0p1/port.o
                0x080072a0                SVC_Handler
 .text.prvPortStartFirstTask
                0x080072c8       0x28 ./Middlewares/Third_Party/FreeRTOS/Source/portable/GCC/ARM_CM7/r0p1/port.o
 .text.xPortStartScheduler
                0x080072f0       0xfc ./Middlewares/Third_Party/FreeRTOS/Source/portable/GCC/ARM_CM7/r0p1/port.o
                0x080072f0                xPortStartScheduler
 .text.vPortEnterCritical
                0x080073ec       0x6c ./Middlewares/Third_Party/FreeRTOS/Source/portable/GCC/ARM_CM7/r0p1/port.o
                0x080073ec                vPortEnterCritical
 .text.vPortExitCritical
                0x08007458       0x58 ./Middlewares/Third_Party/FreeRTOS/Source/portable/GCC/ARM_CM7/r0p1/port.o
                0x08007458                vPortExitCritical
 .text.PendSV_Handler
                0x080074b0       0x68 ./Middlewares/Third_Party/FreeRTOS/Source/portable/GCC/ARM_CM7/r0p1/port.o
                0x080074b0                PendSV_Handler
 .text.SysTick_Handler
                0x08007518       0x48 ./Middlewares/Third_Party/FreeRTOS/Source/portable/GCC/ARM_CM7/r0p1/port.o
                0x08007518                SysTick_Handler
 .text.vPortSetupTimerInterrupt
                0x08007560       0x48 ./Middlewares/Third_Party/FreeRTOS/Source/portable/GCC/ARM_CM7/r0p1/port.o
                0x08007560                vPortSetupTimerInterrupt
 .text.vPortEnableVFP
                0x080075a8       0x14 ./Middlewares/Third_Party/FreeRTOS/Source/portable/GCC/ARM_CM7/r0p1/port.o
 .text.vPortValidateInterruptPriority
                0x080075bc       0x8c ./Middlewares/Third_Party/FreeRTOS/Source/portable/GCC/ARM_CM7/r0p1/port.o
                0x080075bc                vPortValidateInterruptPriority
 .text.pvPortMalloc
                0x08007648      0x19c ./Middlewares/Third_Party/FreeRTOS/Source/portable/MemMang/heap_4.o
                0x08007648                pvPortMalloc
 .text.vPortFree
                0x080077e4       0xc0 ./Middlewares/Third_Party/FreeRTOS/Source/portable/MemMang/heap_4.o
                0x080077e4                vPortFree
 .text.prvHeapInit
                0x080078a4       0xc4 ./Middlewares/Third_Party/FreeRTOS/Source/portable/MemMang/heap_4.o
 .text.prvInsertBlockIntoFreeList
                0x08007968       0xb4 ./Middlewares/Third_Party/FreeRTOS/Source/portable/MemMang/heap_4.o
 .text.memset   0x08007a1c       0x10 C:/ST/STM32CubeIDE_1.17.0/STM32CubeIDE/plugins/com.st.stm32cube.ide.mcu.externaltools.gnu-tools-for-stm32.12.3.rel1.win32_1.1.0.202410251130/tools/bin/../lib/gcc/arm-none-eabi/12.3.1/../../../../arm-none-eabi/lib/thumb/v7e-m+dp/hard\libc_nano.a(libc_a-memset.o)
                0x08007a1c                memset
 .text.__libc_init_array
                0x08007a2c       0x48 C:/ST/STM32CubeIDE_1.17.0/STM32CubeIDE/plugins/com.st.stm32cube.ide.mcu.externaltools.gnu-tools-for-stm32.12.3.rel1.win32_1.1.0.202410251130/tools/bin/../lib/gcc/arm-none-eabi/12.3.1/../../../../arm-none-eabi/lib/thumb/v7e-m+dp/hard\libc_nano.a(libc_a-init.o)
                0x08007a2c                __libc_init_array
 .text.memcpy   0x08007a74       0x1c C:/ST/STM32CubeIDE_1.17.0/STM32CubeIDE/plugins/com.st.stm32cube.ide.mcu.externaltools.gnu-tools-for-stm32.12.3.rel1.win32_1.1.0.202410251130/tools/bin/../lib/gcc/arm-none-eabi/12.3.1/../../../../arm-none-eabi/lib/thumb/v7e-m+dp/hard\libc_nano.a(libc_a-memcpy-stub.o)
                0x08007a74                memcpy
 *(.glue_7)
 .glue_7        0x08007a90        0x0 linker stubs
 *(.glue_7t)
 .glue_7t       0x08007a90        0x0 linker stubs
 *(.eh_frame)
 .eh_frame      0x08007a90        0x0 C:/ST/STM32CubeIDE_1.17.0/STM32CubeIDE/plugins/com.st.stm32cube.ide.mcu.externaltools.gnu-tools-for-stm32.12.3.rel1.win32_1.1.0.202410251130/tools/bin/../lib/gcc/arm-none-eabi/12.3.1/thumb/v7e-m+dp/hard/crtbegin.o
 *(.init)
 .init          0x08007a90        0x4 C:/ST/STM32CubeIDE_1.17.0/STM32CubeIDE/plugins/com.st.stm32cube.ide.mcu.externaltools.gnu-tools-for-stm32.12.3.rel1.win32_1.1.0.202410251130/tools/bin/../lib/gcc/arm-none-eabi/12.3.1/thumb/v7e-m+dp/hard/crti.o
                0x08007a90                _init
 .init          0x08007a94        0x8 C:/ST/STM32CubeIDE_1.17.0/STM32CubeIDE/plugins/com.st.stm32cube.ide.mcu.externaltools.gnu-tools-for-stm32.12.3.rel1.win32_1.1.0.202410251130/tools/bin/../lib/gcc/arm-none-eabi/12.3.1/thumb/v7e-m+dp/hard/crtn.o
 *(.fini)
 .fini          0x08007a9c        0x4 C:/ST/STM32CubeIDE_1.17.0/STM32CubeIDE/plugins/com.st.stm32cube.ide.mcu.externaltools.gnu-tools-for-stm32.12.3.rel1.win32_1.1.0.202410251130/tools/bin/../lib/gcc/arm-none-eabi/12.3.1/thumb/v7e-m+dp/hard/crti.o
                0x08007a9c                _fini
 .fini          0x08007aa0        0x8 C:/ST/STM32CubeIDE_1.17.0/STM32CubeIDE/plugins/com.st.stm32cube.ide.mcu.externaltools.gnu-tools-for-stm32.12.3.rel1.win32_1.1.0.202410251130/tools/bin/../lib/gcc/arm-none-eabi/12.3.1/thumb/v7e-m+dp/hard/crtn.o
                0x08007aa8                        . = ALIGN (0x4)
                0x08007aa8                        _etext = .

.vfp11_veneer   0x08007aa8        0x0
 .vfp11_veneer  0x08007aa8        0x0 linker stubs

.v4_bx          0x08007aa8        0x0
 .v4_bx         0x08007aa8        0x0 linker stubs

.iplt           0x08007aa8        0x0
 .iplt          0x08007aa8        0x0 C:/ST/STM32CubeIDE_1.17.0/STM32CubeIDE/plugins/com.st.stm32cube.ide.mcu.externaltools.gnu-tools-for-stm32.12.3.rel1.win32_1.1.0.202410251130/tools/bin/../lib/gcc/arm-none-eabi/12.3.1/thumb/v7e-m+dp/hard/crtbegin.o

.rodata         0x08007aa8       0x98
                0x08007aa8                        . = ALIGN (0x4)
 *(.rodata)
 .rodata        0x08007aa8       0x1f ./Core/Src/main.o
 *fill*         0x08007ac7        0x1 
 .rodata        0x08007ac8        0x5 ./Middlewares/Third_Party/FreeRTOS/Source/tasks.o
 *fill*         0x08007acd        0x3 
 .rodata        0x08007ad0        0xd ./Middlewares/Third_Party/FreeRTOS/Source/timers.o
 *(.rodata*)
 *fill*         0x08007add        0x3 
 .rodata.Thread_MicroROS_attributes
                0x08007ae0       0x24 ./Core/Src/main.o
                0x08007ae0                Thread_MicroROS_attributes
 .rodata.Thread_Sensors_attributes
                0x08007b04       0x24 ./Core/Src/main.o
                0x08007b04                Thread_Sensors_attributes
 .rodata.AHBPrescTable
                0x08007b28       0x10 ./Core/Src/system_stm32f7xx.o
                0x08007b28                AHBPrescTable
 .rodata.APBPrescTable
                0x08007b38        0x8 ./Core/Src/system_stm32f7xx.o
                0x08007b38                APBPrescTable
                0x08007b40                        . = ALIGN (0x4)

.ARM.extab      0x08007b40        0x0
                0x08007b40                        . = ALIGN (0x4)
 *(.ARM.extab* .gnu.linkonce.armextab.*)
                0x08007b40                        . = ALIGN (0x4)

.ARM            0x08007b40        0x8
                0x08007b40                        . = ALIGN (0x4)
                0x08007b40                        __exidx_start = .
 *(.ARM.exidx*)
 .ARM.exidx     0x08007b40        0x8 C:/ST/STM32CubeIDE_1.17.0/STM32CubeIDE/plugins/com.st.stm32cube.ide.mcu.externaltools.gnu-tools-for-stm32.12.3.rel1.win32_1.1.0.202410251130/tools/bin/../lib/gcc/arm-none-eabi/12.3.1/thumb/v7e-m+dp/hard\libgcc.a(_udivmoddi4.o)
                0x08007b48                        __exidx_end = .
                0x08007b48                        . = ALIGN (0x4)

.preinit_array  0x08007b48        0x0
                0x08007b48                        . = ALIGN (0x4)
                0x08007b48                        PROVIDE (__preinit_array_start = .)
 *(.preinit_array*)
                0x08007b48                        PROVIDE (__preinit_array_end = .)
                0x08007b48                        . = ALIGN (0x4)

.init_array     0x08007b48        0x4
                0x08007b48                        . = ALIGN (0x4)
                0x08007b48                        PROVIDE (__init_array_start = .)
 *(SORT_BY_NAME(.init_array.*))
 *(.init_array*)
 .init_array    0x08007b48        0x4 C:/ST/STM32CubeIDE_1.17.0/STM32CubeIDE/plugins/com.st.stm32cube.ide.mcu.externaltools.gnu-tools-for-stm32.12.3.rel1.win32_1.1.0.202410251130/tools/bin/../lib/gcc/arm-none-eabi/12.3.1/thumb/v7e-m+dp/hard/crtbegin.o
                0x08007b4c                        PROVIDE (__init_array_end = .)
                0x08007b4c                        . = ALIGN (0x4)

.fini_array     0x08007b4c        0x4
                0x08007b4c                        . = ALIGN (0x4)
                [!provide]                        PROVIDE (__fini_array_start = .)
 *(SORT_BY_NAME(.fini_array.*))
 *(.fini_array*)
 .fini_array    0x08007b4c        0x4 C:/ST/STM32CubeIDE_1.17.0/STM32CubeIDE/plugins/com.st.stm32cube.ide.mcu.externaltools.gnu-tools-for-stm32.12.3.rel1.win32_1.1.0.202410251130/tools/bin/../lib/gcc/arm-none-eabi/12.3.1/thumb/v7e-m+dp/hard/crtbegin.o
                [!provide]                        PROVIDE (__fini_array_end = .)
                0x08007b50                        . = ALIGN (0x4)
                0x08007b50                        _sidata = LOADADDR (.data)

.rel.dyn        0x08007b50        0x0
 .rel.iplt      0x08007b50        0x0 C:/ST/STM32CubeIDE_1.17.0/STM32CubeIDE/plugins/com.st.stm32cube.ide.mcu.externaltools.gnu-tools-for-stm32.12.3.rel1.win32_1.1.0.202410251130/tools/bin/../lib/gcc/arm-none-eabi/12.3.1/thumb/v7e-m+dp/hard/crtbegin.o

.data           0x20000000       0x10 load address 0x08007b50
                0x20000000                        . = ALIGN (0x4)
                0x20000000                        _sdata = .
 *(.data)
 *(.data*)
 .data.SystemCoreClock
                0x20000000        0x4 ./Core/Src/system_stm32f7xx.o
                0x20000000                SystemCoreClock
 .data.uwTickPrio
                0x20000004        0x4 ./Drivers/STM32F7xx_HAL_Driver/Src/stm32f7xx_hal.o
                0x20000004                uwTickPrio
 .data.uwTickFreq
                0x20000008        0x1 ./Drivers/STM32F7xx_HAL_Driver/Src/stm32f7xx_hal.o
                0x20000008                uwTickFreq
 *fill*         0x20000009        0x3 
 .data.uxCriticalNesting
                0x2000000c        0x4 ./Middlewares/Third_Party/FreeRTOS/Source/portable/GCC/ARM_CM7/r0p1/port.o
 *(.RamFunc)
 *(.RamFunc*)
                0x20000010                        . = ALIGN (0x4)
                0x20000010                        _edata = .

.igot.plt       0x20000010        0x0 load address 0x08007b60
 .igot.plt      0x20000010        0x0 C:/ST/STM32CubeIDE_1.17.0/STM32CubeIDE/plugins/com.st.stm32cube.ide.mcu.externaltools.gnu-tools-for-stm32.12.3.rel1.win32_1.1.0.202410251130/tools/bin/../lib/gcc/arm-none-eabi/12.3.1/thumb/v7e-m+dp/hard/crtbegin.o
                0x20000010                        . = ALIGN (0x4)

.bss            0x20000010     0x4b34 load address 0x08007b60
                0x20000010                        _sbss = .
                0x20000010                        __bss_start__ = _sbss
 *(.bss)
 .bss           0x20000010       0x1c C:/ST/STM32CubeIDE_1.17.0/STM32CubeIDE/plugins/com.st.stm32cube.ide.mcu.externaltools.gnu-tools-for-stm32.12.3.rel1.win32_1.1.0.202410251130/tools/bin/../lib/gcc/arm-none-eabi/12.3.1/thumb/v7e-m+dp/hard/crtbegin.o
 *(.bss*)
 .bss.I2C_1     0x2000002c        0x8 ./Core/PeripheralPorts/I2C.o
                0x2000002c                I2C_1
 .bss.I2C_2     0x20000034        0x8 ./Core/PeripheralPorts/I2C.o
                0x20000034                I2C_2
 .bss.I2C_3     0x2000003c        0x8 ./Core/PeripheralPorts/I2C.o
                0x2000003c                I2C_3
 .bss.IMU_1     0x20000044       0x3c ./Core/Scaler/IMU.o
                0x20000044                IMU_1
 .bss.BNO055_Sensor_1
                0x20000080       0x48 ./Core/Sensors/BNO055.o
                0x20000080                BNO055_Sensor_1
 .bss.hi2c2     0x200000c8       0x54 ./Core/Src/main.o
                0x200000c8                hi2c2
 .bss.huart3    0x2000011c       0x88 ./Core/Src/main.o
                0x2000011c                huart3
 .bss.Thread_MicroROSHandle
                0x200001a4        0x4 ./Core/Src/main.o
                0x200001a4                Thread_MicroROSHandle
 .bss.Thread_SensorsHandle
                0x200001a8        0x4 ./Core/Src/main.o
                0x200001a8                Thread_SensorsHandle
 .bss.htim1     0x200001ac       0x4c ./Core/Src/stm32f7xx_hal_timebase_tim.o
                0x200001ac                htim1
 .bss.uwTick    0x200001f8        0x4 ./Drivers/STM32F7xx_HAL_Driver/Src/stm32f7xx_hal.o
                0x200001f8                uwTick
 .bss.KernelState
                0x200001fc        0x4 ./Middlewares/Third_Party/FreeRTOS/Source/CMSIS_RTOS_V2/cmsis_os2.o
 .bss.Idle_TCB  0x20000200       0x5c ./Middlewares/Third_Party/FreeRTOS/Source/CMSIS_RTOS_V2/cmsis_os2.o
 .bss.Idle_Stack
                0x2000025c      0x200 ./Middlewares/Third_Party/FreeRTOS/Source/CMSIS_RTOS_V2/cmsis_os2.o
 .bss.Timer_TCB
                0x2000045c       0x5c ./Middlewares/Third_Party/FreeRTOS/Source/CMSIS_RTOS_V2/cmsis_os2.o
 .bss.Timer_Stack
                0x200004b8      0x400 ./Middlewares/Third_Party/FreeRTOS/Source/CMSIS_RTOS_V2/cmsis_os2.o
 .bss.xQueueRegistry
                0x200008b8       0x40 ./Middlewares/Third_Party/FreeRTOS/Source/queue.o
                0x200008b8                xQueueRegistry
 .bss.pxCurrentTCB
                0x200008f8        0x4 ./Middlewares/Third_Party/FreeRTOS/Source/tasks.o
                0x200008f8                pxCurrentTCB
 .bss.pxReadyTasksLists
                0x200008fc      0x460 ./Middlewares/Third_Party/FreeRTOS/Source/tasks.o
 .bss.xDelayedTaskList1
                0x20000d5c       0x14 ./Middlewares/Third_Party/FreeRTOS/Source/tasks.o
 .bss.xDelayedTaskList2
                0x20000d70       0x14 ./Middlewares/Third_Party/FreeRTOS/Source/tasks.o
 .bss.pxDelayedTaskList
                0x20000d84        0x4 ./Middlewares/Third_Party/FreeRTOS/Source/tasks.o
 .bss.pxOverflowDelayedTaskList
                0x20000d88        0x4 ./Middlewares/Third_Party/FreeRTOS/Source/tasks.o
 .bss.xPendingReadyList
                0x20000d8c       0x14 ./Middlewares/Third_Party/FreeRTOS/Source/tasks.o
 .bss.xTasksWaitingTermination
                0x20000da0       0x14 ./Middlewares/Third_Party/FreeRTOS/Source/tasks.o
 .bss.uxDeletedTasksWaitingCleanUp
                0x20000db4        0x4 ./Middlewares/Third_Party/FreeRTOS/Source/tasks.o
 .bss.xSuspendedTaskList
                0x20000db8       0x14 ./Middlewares/Third_Party/FreeRTOS/Source/tasks.o
 .bss.uxCurrentNumberOfTasks
                0x20000dcc        0x4 ./Middlewares/Third_Party/FreeRTOS/Source/tasks.o
 .bss.xTickCount
                0x20000dd0        0x4 ./Middlewares/Third_Party/FreeRTOS/Source/tasks.o
 .bss.uxTopReadyPriority
                0x20000dd4        0x4 ./Middlewares/Third_Party/FreeRTOS/Source/tasks.o
 .bss.xSchedulerRunning
                0x20000dd8        0x4 ./Middlewares/Third_Party/FreeRTOS/Source/tasks.o
 .bss.uxPendedTicks
                0x20000ddc        0x4 ./Middlewares/Third_Party/FreeRTOS/Source/tasks.o
 .bss.xYieldPending
                0x20000de0        0x4 ./Middlewares/Third_Party/FreeRTOS/Source/tasks.o
 .bss.xNumOfOverflows
                0x20000de4        0x4 ./Middlewares/Third_Party/FreeRTOS/Source/tasks.o
 .bss.uxTaskNumber
                0x20000de8        0x4 ./Middlewares/Third_Party/FreeRTOS/Source/tasks.o
 .bss.xNextTaskUnblockTime
                0x20000dec        0x4 ./Middlewares/Third_Party/FreeRTOS/Source/tasks.o
 .bss.xIdleTaskHandle
                0x20000df0        0x4 ./Middlewares/Third_Party/FreeRTOS/Source/tasks.o
 .bss.uxSchedulerSuspended
                0x20000df4        0x4 ./Middlewares/Third_Party/FreeRTOS/Source/tasks.o
 .bss.xActiveTimerList1
                0x20000df8       0x14 ./Middlewares/Third_Party/FreeRTOS/Source/timers.o
 .bss.xActiveTimerList2
                0x20000e0c       0x14 ./Middlewares/Third_Party/FreeRTOS/Source/timers.o
 .bss.pxCurrentTimerList
                0x20000e20        0x4 ./Middlewares/Third_Party/FreeRTOS/Source/timers.o
 .bss.pxOverflowTimerList
                0x20000e24        0x4 ./Middlewares/Third_Party/FreeRTOS/Source/timers.o
 .bss.xTimerQueue
                0x20000e28        0x4 ./Middlewares/Third_Party/FreeRTOS/Source/timers.o
 .bss.xTimerTaskHandle
                0x20000e2c        0x4 ./Middlewares/Third_Party/FreeRTOS/Source/timers.o
 .bss.xLastTime.2
                0x20000e30        0x4 ./Middlewares/Third_Party/FreeRTOS/Source/timers.o
 .bss.ucStaticTimerQueueStorage.1
                0x20000e34       0xa0 ./Middlewares/Third_Party/FreeRTOS/Source/timers.o
 .bss.xStaticTimerQueue.0
                0x20000ed4       0x50 ./Middlewares/Third_Party/FreeRTOS/Source/timers.o
 .bss.ucMaxSysCallPriority
                0x20000f24        0x1 ./Middlewares/Third_Party/FreeRTOS/Source/portable/GCC/ARM_CM7/r0p1/port.o
 *fill*         0x20000f25        0x3 
 .bss.ulMaxPRIGROUPValue
                0x20000f28        0x4 ./Middlewares/Third_Party/FreeRTOS/Source/portable/GCC/ARM_CM7/r0p1/port.o
 .bss.ucHeap    0x20000f2c     0x3c00 ./Middlewares/Third_Party/FreeRTOS/Source/portable/MemMang/heap_4.o
 .bss.xStart    0x20004b2c        0x8 ./Middlewares/Third_Party/FreeRTOS/Source/portable/MemMang/heap_4.o
 .bss.pxEnd     0x20004b34        0x4 ./Middlewares/Third_Party/FreeRTOS/Source/portable/MemMang/heap_4.o
 .bss.xFreeBytesRemaining
                0x20004b38        0x4 ./Middlewares/Third_Party/FreeRTOS/Source/portable/MemMang/heap_4.o
 .bss.xMinimumEverFreeBytesRemaining
                0x20004b3c        0x4 ./Middlewares/Third_Party/FreeRTOS/Source/portable/MemMang/heap_4.o
 .bss.xBlockAllocatedBit
                0x20004b40        0x4 ./Middlewares/Third_Party/FreeRTOS/Source/portable/MemMang/heap_4.o
 *(COMMON)
                0x20004b44                        . = ALIGN (0x4)
                0x20004b44                        _ebss = .
                0x20004b44                        __bss_end__ = _ebss

._user_heap_stack
                0x20004b44      0x604 load address 0x08007b60
                0x20004b48                        . = ALIGN (0x8)
 *fill*         0x20004b44        0x4 
                [!provide]                        PROVIDE (end = .)
                0x20004b48                        PROVIDE (_end = .)
                0x20004d48                        . = (. + _Min_Heap_Size)
 *fill*         0x20004b48      0x200 
                0x20005148                        . = (. + _Min_Stack_Size)
 *fill*         0x20004d48      0x400 
                0x20005148                        . = ALIGN (0x8)

/DISCARD/
 libc.a(*)
 libm.a(*)
 libgcc.a(*)

.ARM.attributes
                0x00000000       0x2e
 *(.ARM.attributes)
 .ARM.attributes
                0x00000000       0x20 C:/ST/STM32CubeIDE_1.17.0/STM32CubeIDE/plugins/com.st.stm32cube.ide.mcu.externaltools.gnu-tools-for-stm32.12.3.rel1.win32_1.1.0.202410251130/tools/bin/../lib/gcc/arm-none-eabi/12.3.1/thumb/v7e-m+dp/hard/crti.o
 .ARM.attributes
                0x00000020       0x32 C:/ST/STM32CubeIDE_1.17.0/STM32CubeIDE/plugins/com.st.stm32cube.ide.mcu.externaltools.gnu-tools-for-stm32.12.3.rel1.win32_1.1.0.202410251130/tools/bin/../lib/gcc/arm-none-eabi/12.3.1/thumb/v7e-m+dp/hard/crtbegin.o
 .ARM.attributes
                0x00000052       0x32 ./Core/PeripheralPorts/I2C.o
 .ARM.attributes
                0x00000084       0x32 ./Core/Scaler/IMU.o
 .ARM.attributes
                0x000000b6       0x32 ./Core/Sensors/BNO055.o
 .ARM.attributes
                0x000000e8       0x32 ./Core/Sensors/BNO055_CommPorter.o
 .ARM.attributes
                0x0000011a       0x32 ./Core/Src/main.o
 .ARM.attributes
                0x0000014c       0x32 ./Core/Src/stm32f7xx_hal_msp.o
 .ARM.attributes
                0x0000017e       0x32 ./Core/Src/stm32f7xx_hal_timebase_tim.o
 .ARM.attributes
                0x000001b0       0x32 ./Core/Src/stm32f7xx_it.o
 .ARM.attributes
                0x000001e2       0x32 ./Core/Src/system_stm32f7xx.o
 .ARM.attributes
                0x00000214       0x21 ./Core/Startup/startup_stm32f767zitx.o
 .ARM.attributes
                0x00000235       0x32 ./Drivers/STM32F7xx_HAL_Driver/Src/stm32f7xx_hal.o
 .ARM.attributes
                0x00000267       0x32 ./Drivers/STM32F7xx_HAL_Driver/Src/stm32f7xx_hal_cortex.o
 .ARM.attributes
                0x00000299       0x32 ./Drivers/STM32F7xx_HAL_Driver/Src/stm32f7xx_hal_gpio.o
 .ARM.attributes
                0x000002cb       0x32 ./Drivers/STM32F7xx_HAL_Driver/Src/stm32f7xx_hal_i2c.o
 .ARM.attributes
                0x000002fd       0x32 ./Drivers/STM32F7xx_HAL_Driver/Src/stm32f7xx_hal_i2c_ex.o
 .ARM.attributes
                0x0000032f       0x32 ./Drivers/STM32F7xx_HAL_Driver/Src/stm32f7xx_hal_pwr.o
 .ARM.attributes
                0x00000361       0x32 ./Drivers/STM32F7xx_HAL_Driver/Src/stm32f7xx_hal_pwr_ex.o
 .ARM.attributes
                0x00000393       0x32 ./Drivers/STM32F7xx_HAL_Driver/Src/stm32f7xx_hal_rcc.o
 .ARM.attributes
                0x000003c5       0x32 ./Drivers/STM32F7xx_HAL_Driver/Src/stm32f7xx_hal_rcc_ex.o
 .ARM.attributes
                0x000003f7       0x32 ./Drivers/STM32F7xx_HAL_Driver/Src/stm32f7xx_hal_tim.o
 .ARM.attributes
                0x00000429       0x32 ./Drivers/STM32F7xx_HAL_Driver/Src/stm32f7xx_hal_tim_ex.o
 .ARM.attributes
                0x0000045b       0x32 ./Drivers/STM32F7xx_HAL_Driver/Src/stm32f7xx_hal_uart.o
 .ARM.attributes
                0x0000048d       0x32 ./Middlewares/Third_Party/FreeRTOS/Source/CMSIS_RTOS_V2/cmsis_os2.o
 .ARM.attributes
                0x000004bf       0x32 ./Middlewares/Third_Party/FreeRTOS/Source/list.o
 .ARM.attributes
                0x000004f1       0x32 ./Middlewares/Third_Party/FreeRTOS/Source/queue.o
 .ARM.attributes
                0x00000523       0x32 ./Middlewares/Third_Party/FreeRTOS/Source/tasks.o
 .ARM.attributes
                0x00000555       0x32 ./Middlewares/Third_Party/FreeRTOS/Source/timers.o
 .ARM.attributes
                0x00000587       0x32 ./Middlewares/Third_Party/FreeRTOS/Source/portable/GCC/ARM_CM7/r0p1/port.o
 .ARM.attributes
                0x000005b9       0x32 ./Middlewares/Third_Party/FreeRTOS/Source/portable/MemMang/heap_4.o
 .ARM.attributes
                0x000005eb       0x32 C:/ST/STM32CubeIDE_1.17.0/STM32CubeIDE/plugins/com.st.stm32cube.ide.mcu.externaltools.gnu-tools-for-stm32.12.3.rel1.win32_1.1.0.202410251130/tools/bin/../lib/gcc/arm-none-eabi/12.3.1/../../../../arm-none-eabi/lib/thumb/v7e-m+dp/hard\libc_nano.a(libc_a-memset.o)
 .ARM.attributes
                0x0000061d       0x32 C:/ST/STM32CubeIDE_1.17.0/STM32CubeIDE/plugins/com.st.stm32cube.ide.mcu.externaltools.gnu-tools-for-stm32.12.3.rel1.win32_1.1.0.202410251130/tools/bin/../lib/gcc/arm-none-eabi/12.3.1/../../../../arm-none-eabi/lib/thumb/v7e-m+dp/hard\libc_nano.a(libc_a-init.o)
 .ARM.attributes
                0x0000064f       0x32 C:/ST/STM32CubeIDE_1.17.0/STM32CubeIDE/plugins/com.st.stm32cube.ide.mcu.externaltools.gnu-tools-for-stm32.12.3.rel1.win32_1.1.0.202410251130/tools/bin/../lib/gcc/arm-none-eabi/12.3.1/../../../../arm-none-eabi/lib/thumb/v7e-m+dp/hard\libc_nano.a(libc_a-memcpy-stub.o)
 .ARM.attributes
                0x00000681       0x20 C:/ST/STM32CubeIDE_1.17.0/STM32CubeIDE/plugins/com.st.stm32cube.ide.mcu.externaltools.gnu-tools-for-stm32.12.3.rel1.win32_1.1.0.202410251130/tools/bin/../lib/gcc/arm-none-eabi/12.3.1/thumb/v7e-m+dp/hard\libgcc.a(_aeabi_uldivmod.o)
 .ARM.attributes
                0x000006a1       0x32 C:/ST/STM32CubeIDE_1.17.0/STM32CubeIDE/plugins/com.st.stm32cube.ide.mcu.externaltools.gnu-tools-for-stm32.12.3.rel1.win32_1.1.0.202410251130/tools/bin/../lib/gcc/arm-none-eabi/12.3.1/thumb/v7e-m+dp/hard\libgcc.a(_udivmoddi4.o)
 .ARM.attributes
                0x000006d3       0x20 C:/ST/STM32CubeIDE_1.17.0/STM32CubeIDE/plugins/com.st.stm32cube.ide.mcu.externaltools.gnu-tools-for-stm32.12.3.rel1.win32_1.1.0.202410251130/tools/bin/../lib/gcc/arm-none-eabi/12.3.1/thumb/v7e-m+dp/hard\libgcc.a(_dvmd_tls.o)
 .ARM.attributes
                0x000006f3       0x20 C:/ST/STM32CubeIDE_1.17.0/STM32CubeIDE/plugins/com.st.stm32cube.ide.mcu.externaltools.gnu-tools-for-stm32.12.3.rel1.win32_1.1.0.202410251130/tools/bin/../lib/gcc/arm-none-eabi/12.3.1/thumb/v7e-m+dp/hard/crtn.o
OUTPUT(BAUROV-OTOPILOT-NUCF7.elf elf32-littlearm)
LOAD linker stubs
LOAD C:/ST/STM32CubeIDE_1.17.0/STM32CubeIDE/plugins/com.st.stm32cube.ide.mcu.externaltools.gnu-tools-for-stm32.12.3.rel1.win32_1.1.0.202410251130/tools/bin/../lib/gcc/arm-none-eabi/12.3.1/../../../../arm-none-eabi/lib/thumb/v7e-m+dp/hard\libc.a
LOAD C:/ST/STM32CubeIDE_1.17.0/STM32CubeIDE/plugins/com.st.stm32cube.ide.mcu.externaltools.gnu-tools-for-stm32.12.3.rel1.win32_1.1.0.202410251130/tools/bin/../lib/gcc/arm-none-eabi/12.3.1/../../../../arm-none-eabi/lib/thumb/v7e-m+dp/hard\libm.a
LOAD C:/ST/STM32CubeIDE_1.17.0/STM32CubeIDE/plugins/com.st.stm32cube.ide.mcu.externaltools.gnu-tools-for-stm32.12.3.rel1.win32_1.1.0.202410251130/tools/bin/../lib/gcc/arm-none-eabi/12.3.1/thumb/v7e-m+dp/hard\libgcc.a

.debug_info     0x00000000    0x1e601
 .debug_info    0x00000000      0xa47 ./Core/PeripheralPorts/I2C.o
 .debug_info    0x00000a47      0x646 ./Core/Scaler/IMU.o
 .debug_info    0x0000108d      0xc60 ./Core/Sensors/BNO055.o
 .debug_info    0x00001ced      0x14a ./Core/Sensors/BNO055_CommPorter.o
 .debug_info    0x00001e37     0x19f4 ./Core/Src/main.o
 .debug_info    0x0000382b     0x12d5 ./Core/Src/stm32f7xx_hal_msp.o
 .debug_info    0x00004b00      0xd0f ./Core/Src/stm32f7xx_hal_timebase_tim.o
 .debug_info    0x0000580f      0x70e ./Core/Src/stm32f7xx_it.o
 .debug_info    0x00005f1d      0x6ed ./Core/Src/system_stm32f7xx.o
 .debug_info    0x0000660a       0x30 ./Core/Startup/startup_stm32f767zitx.o
 .debug_info    0x0000663a      0xa4c ./Drivers/STM32F7xx_HAL_Driver/Src/stm32f7xx_hal.o
 .debug_info    0x00007086      0xfc0 ./Drivers/STM32F7xx_HAL_Driver/Src/stm32f7xx_hal_cortex.o
 .debug_info    0x00008046      0x6f3 ./Drivers/STM32F7xx_HAL_Driver/Src/stm32f7xx_hal_gpio.o
 .debug_info    0x00008739     0x2147 ./Drivers/STM32F7xx_HAL_Driver/Src/stm32f7xx_hal_i2c.o
 .debug_info    0x0000a880      0x92e ./Drivers/STM32F7xx_HAL_Driver/Src/stm32f7xx_hal_i2c_ex.o
 .debug_info    0x0000b1ae      0x90e ./Drivers/STM32F7xx_HAL_Driver/Src/stm32f7xx_hal_pwr.o
 .debug_info    0x0000babc      0x8cd ./Drivers/STM32F7xx_HAL_Driver/Src/stm32f7xx_hal_pwr_ex.o
 .debug_info    0x0000c389      0x94b ./Drivers/STM32F7xx_HAL_Driver/Src/stm32f7xx_hal_rcc.o
 .debug_info    0x0000ccd4      0x6e1 ./Drivers/STM32F7xx_HAL_Driver/Src/stm32f7xx_hal_rcc_ex.o
 .debug_info    0x0000d3b5     0x2ad5 ./Drivers/STM32F7xx_HAL_Driver/Src/stm32f7xx_hal_tim.o
 .debug_info    0x0000fe8a     0x16bb ./Drivers/STM32F7xx_HAL_Driver/Src/stm32f7xx_hal_tim_ex.o
 .debug_info    0x00011545     0x3b13 ./Drivers/STM32F7xx_HAL_Driver/Src/stm32f7xx_hal_uart.o
 .debug_info    0x00015058     0x39be ./Middlewares/Third_Party/FreeRTOS/Source/CMSIS_RTOS_V2/cmsis_os2.o
 .debug_info    0x00018a16      0x2af ./Middlewares/Third_Party/FreeRTOS/Source/list.o
 .debug_info    0x00018cc5     0x1b68 ./Middlewares/Third_Party/FreeRTOS/Source/queue.o
 .debug_info    0x0001a82d     0x2143 ./Middlewares/Third_Party/FreeRTOS/Source/tasks.o
 .debug_info    0x0001c970     0x1427 ./Middlewares/Third_Party/FreeRTOS/Source/timers.o
 .debug_info    0x0001dd97      0x4a7 ./Middlewares/Third_Party/FreeRTOS/Source/portable/GCC/ARM_CM7/r0p1/port.o
 .debug_info    0x0001e23e      0x3c3 ./Middlewares/Third_Party/FreeRTOS/Source/portable/MemMang/heap_4.o

.debug_abbrev   0x00000000     0x4005
 .debug_abbrev  0x00000000      0x20e ./Core/PeripheralPorts/I2C.o
 .debug_abbrev  0x0000020e      0x16a ./Core/Scaler/IMU.o
 .debug_abbrev  0x00000378      0x249 ./Core/Sensors/BNO055.o
 .debug_abbrev  0x000005c1       0xac ./Core/Sensors/BNO055_CommPorter.o
 .debug_abbrev  0x0000066d      0x34c ./Core/Src/main.o
 .debug_abbrev  0x000009b9      0x1fe ./Core/Src/stm32f7xx_hal_msp.o
 .debug_abbrev  0x00000bb7      0x1f4 ./Core/Src/stm32f7xx_hal_timebase_tim.o
 .debug_abbrev  0x00000dab      0x17d ./Core/Src/stm32f7xx_it.o
 .debug_abbrev  0x00000f28      0x13b ./Core/Src/system_stm32f7xx.o
 .debug_abbrev  0x00001063       0x24 ./Core/Startup/startup_stm32f767zitx.o
 .debug_abbrev  0x00001087      0x213 ./Drivers/STM32F7xx_HAL_Driver/Src/stm32f7xx_hal.o
 .debug_abbrev  0x0000129a      0x31e ./Drivers/STM32F7xx_HAL_Driver/Src/stm32f7xx_hal_cortex.o
 .debug_abbrev  0x000015b8      0x1d4 ./Drivers/STM32F7xx_HAL_Driver/Src/stm32f7xx_hal_gpio.o
 .debug_abbrev  0x0000178c      0x260 ./Drivers/STM32F7xx_HAL_Driver/Src/stm32f7xx_hal_i2c.o
 .debug_abbrev  0x000019ec      0x19c ./Drivers/STM32F7xx_HAL_Driver/Src/stm32f7xx_hal_i2c_ex.o
 .debug_abbrev  0x00001b88      0x1c5 ./Drivers/STM32F7xx_HAL_Driver/Src/stm32f7xx_hal_pwr.o
 .debug_abbrev  0x00001d4d      0x1d5 ./Drivers/STM32F7xx_HAL_Driver/Src/stm32f7xx_hal_pwr_ex.o
 .debug_abbrev  0x00001f22      0x2de ./Drivers/STM32F7xx_HAL_Driver/Src/stm32f7xx_hal_rcc.o
 .debug_abbrev  0x00002200      0x1c9 ./Drivers/STM32F7xx_HAL_Driver/Src/stm32f7xx_hal_rcc_ex.o
 .debug_abbrev  0x000023c9      0x278 ./Drivers/STM32F7xx_HAL_Driver/Src/stm32f7xx_hal_tim.o
 .debug_abbrev  0x00002641      0x283 ./Drivers/STM32F7xx_HAL_Driver/Src/stm32f7xx_hal_tim_ex.o
 .debug_abbrev  0x000028c4      0x2e6 ./Drivers/STM32F7xx_HAL_Driver/Src/stm32f7xx_hal_uart.o
 .debug_abbrev  0x00002baa      0x464 ./Middlewares/Third_Party/FreeRTOS/Source/CMSIS_RTOS_V2/cmsis_os2.o
 .debug_abbrev  0x0000300e       0xf5 ./Middlewares/Third_Party/FreeRTOS/Source/list.o
 .debug_abbrev  0x00003103      0x3b6 ./Middlewares/Third_Party/FreeRTOS/Source/queue.o
 .debug_abbrev  0x000034b9      0x386 ./Middlewares/Third_Party/FreeRTOS/Source/tasks.o
 .debug_abbrev  0x0000383f      0x352 ./Middlewares/Third_Party/FreeRTOS/Source/timers.o
 .debug_abbrev  0x00003b91      0x26f ./Middlewares/Third_Party/FreeRTOS/Source/portable/GCC/ARM_CM7/r0p1/port.o
 .debug_abbrev  0x00003e00      0x205 ./Middlewares/Third_Party/FreeRTOS/Source/portable/MemMang/heap_4.o

.debug_aranges  0x00000000     0x1968
 .debug_aranges
                0x00000000       0x58 ./Core/PeripheralPorts/I2C.o
 .debug_aranges
                0x00000058       0x38 ./Core/Scaler/IMU.o
 .debug_aranges
                0x00000090       0xe8 ./Core/Sensors/BNO055.o
 .debug_aranges
                0x00000178       0x20 ./Core/Sensors/BNO055_CommPorter.o
 .debug_aranges
                0x00000198       0x60 ./Core/Src/main.o
 .debug_aranges
                0x000001f8       0x40 ./Core/Src/stm32f7xx_hal_msp.o
 .debug_aranges
                0x00000238       0x30 ./Core/Src/stm32f7xx_hal_timebase_tim.o
 .debug_aranges
                0x00000268       0x50 ./Core/Src/stm32f7xx_it.o
 .debug_aranges
                0x000002b8       0x28 ./Core/Src/system_stm32f7xx.o
 .debug_aranges
                0x000002e0       0x28 ./Core/Startup/startup_stm32f767zitx.o
 .debug_aranges
                0x00000308      0x110 ./Drivers/STM32F7xx_HAL_Driver/Src/stm32f7xx_hal.o
 .debug_aranges
                0x00000418      0x128 ./Drivers/STM32F7xx_HAL_Driver/Src/stm32f7xx_hal_cortex.o
 .debug_aranges
                0x00000540       0x58 ./Drivers/STM32F7xx_HAL_Driver/Src/stm32f7xx_hal_gpio.o
 .debug_aranges
                0x00000598      0x2a0 ./Drivers/STM32F7xx_HAL_Driver/Src/stm32f7xx_hal_i2c.o
 .debug_aranges
                0x00000838       0x38 ./Drivers/STM32F7xx_HAL_Driver/Src/stm32f7xx_hal_i2c_ex.o
 .debug_aranges
                0x00000870       0xa0 ./Drivers/STM32F7xx_HAL_Driver/Src/stm32f7xx_hal_pwr.o
 .debug_aranges
                0x00000910       0x80 ./Drivers/STM32F7xx_HAL_Driver/Src/stm32f7xx_hal_pwr_ex.o
 .debug_aranges
                0x00000990       0x88 ./Drivers/STM32F7xx_HAL_Driver/Src/stm32f7xx_hal_rcc.o
 .debug_aranges
                0x00000a18       0x50 ./Drivers/STM32F7xx_HAL_Driver/Src/stm32f7xx_hal_rcc_ex.o
 .debug_aranges
                0x00000a68      0x3e0 ./Drivers/STM32F7xx_HAL_Driver/Src/stm32f7xx_hal_tim.o
 .debug_aranges
                0x00000e48      0x180 ./Drivers/STM32F7xx_HAL_Driver/Src/stm32f7xx_hal_tim_ex.o
 .debug_aranges
                0x00000fc8      0x230 ./Drivers/STM32F7xx_HAL_Driver/Src/stm32f7xx_hal_uart.o
 .debug_aranges
                0x000011f8      0x228 ./Middlewares/Third_Party/FreeRTOS/Source/CMSIS_RTOS_V2/cmsis_os2.o
 .debug_aranges
                0x00001420       0x40 ./Middlewares/Third_Party/FreeRTOS/Source/list.o
 .debug_aranges
                0x00001460      0x158 ./Middlewares/Third_Party/FreeRTOS/Source/queue.o
 .debug_aranges
                0x000015b8      0x1f8 ./Middlewares/Third_Party/FreeRTOS/Source/tasks.o
 .debug_aranges
                0x000017b0       0xe8 ./Middlewares/Third_Party/FreeRTOS/Source/timers.o
 .debug_aranges
                0x00001898       0x80 ./Middlewares/Third_Party/FreeRTOS/Source/portable/GCC/ARM_CM7/r0p1/port.o
 .debug_aranges
                0x00001918       0x50 ./Middlewares/Third_Party/FreeRTOS/Source/portable/MemMang/heap_4.o

.debug_rnglists
                0x00000000     0x13d9
 .debug_rnglists
                0x00000000       0x40 ./Core/PeripheralPorts/I2C.o
 .debug_rnglists
                0x00000040       0x27 ./Core/Scaler/IMU.o
 .debug_rnglists
                0x00000067       0xb4 ./Core/Sensors/BNO055.o
 .debug_rnglists
                0x0000011b       0x13 ./Core/Sensors/BNO055_CommPorter.o
 .debug_rnglists
                0x0000012e       0x46 ./Core/Src/main.o
 .debug_rnglists
                0x00000174       0x2d ./Core/Src/stm32f7xx_hal_msp.o
 .debug_rnglists
                0x000001a1       0x20 ./Core/Src/stm32f7xx_hal_timebase_tim.o
 .debug_rnglists
                0x000001c1       0x37 ./Core/Src/stm32f7xx_it.o
 .debug_rnglists
                0x000001f8       0x1a ./Core/Src/system_stm32f7xx.o
 .debug_rnglists
                0x00000212       0x19 ./Core/Startup/startup_stm32f767zitx.o
 .debug_rnglists
                0x0000022b       0xc7 ./Drivers/STM32F7xx_HAL_Driver/Src/stm32f7xx_hal.o
 .debug_rnglists
                0x000002f2       0xda ./Drivers/STM32F7xx_HAL_Driver/Src/stm32f7xx_hal_cortex.o
 .debug_rnglists
                0x000003cc       0x3f ./Drivers/STM32F7xx_HAL_Driver/Src/stm32f7xx_hal_gpio.o
 .debug_rnglists
                0x0000040b      0x228 ./Drivers/STM32F7xx_HAL_Driver/Src/stm32f7xx_hal_i2c.o
 .debug_rnglists
                0x00000633       0x27 ./Drivers/STM32F7xx_HAL_Driver/Src/stm32f7xx_hal_i2c_ex.o
 .debug_rnglists
                0x0000065a       0x74 ./Drivers/STM32F7xx_HAL_Driver/Src/stm32f7xx_hal_pwr.o
 .debug_rnglists
                0x000006ce       0x5f ./Drivers/STM32F7xx_HAL_Driver/Src/stm32f7xx_hal_pwr_ex.o
 .debug_rnglists
                0x0000072d       0x67 ./Drivers/STM32F7xx_HAL_Driver/Src/stm32f7xx_hal_rcc.o
 .debug_rnglists
                0x00000794       0x3c ./Drivers/STM32F7xx_HAL_Driver/Src/stm32f7xx_hal_rcc_ex.o
 .debug_rnglists
                0x000007d0      0x328 ./Drivers/STM32F7xx_HAL_Driver/Src/stm32f7xx_hal_tim.o
 .debug_rnglists
                0x00000af8      0x138 ./Drivers/STM32F7xx_HAL_Driver/Src/stm32f7xx_hal_tim_ex.o
 .debug_rnglists
                0x00000c30      0x1e0 ./Drivers/STM32F7xx_HAL_Driver/Src/stm32f7xx_hal_uart.o
 .debug_rnglists
                0x00000e10      0x1b5 ./Middlewares/Third_Party/FreeRTOS/Source/CMSIS_RTOS_V2/cmsis_os2.o
 .debug_rnglists
                0x00000fc5       0x2b ./Middlewares/Third_Party/FreeRTOS/Source/list.o
 .debug_rnglists
                0x00000ff0      0x10a ./Middlewares/Third_Party/FreeRTOS/Source/queue.o
 .debug_rnglists
                0x000010fa      0x195 ./Middlewares/Third_Party/FreeRTOS/Source/tasks.o
 .debug_rnglists
                0x0000128f       0xb2 ./Middlewares/Third_Party/FreeRTOS/Source/timers.o
 .debug_rnglists
                0x00001341       0x5d ./Middlewares/Third_Party/FreeRTOS/Source/portable/GCC/ARM_CM7/r0p1/port.o
 .debug_rnglists
                0x0000139e       0x3b ./Middlewares/Third_Party/FreeRTOS/Source/portable/MemMang/heap_4.o

.debug_macro    0x00000000    0x285be
 .debug_macro   0x00000000      0x201 ./Core/PeripheralPorts/I2C.o
 .debug_macro   0x00000201       0x16 ./Core/PeripheralPorts/I2C.o
 .debug_macro   0x00000217      0x293 ./Core/PeripheralPorts/I2C.o
 .debug_macro   0x000004aa       0x2e ./Core/PeripheralPorts/I2C.o
 .debug_macro   0x000004d8       0x3b ./Core/PeripheralPorts/I2C.o
 .debug_macro   0x00000513       0x1c ./Core/PeripheralPorts/I2C.o
 .debug_macro   0x0000052f       0x22 ./Core/PeripheralPorts/I2C.o
 .debug_macro   0x00000551       0xd9 ./Core/PeripheralPorts/I2C.o
 .debug_macro   0x0000062a     0x12cd ./Core/PeripheralPorts/I2C.o
 .debug_macro   0x000018f7      0x11f ./Core/PeripheralPorts/I2C.o
 .debug_macro   0x00001a16       0x19 ./Core/PeripheralPorts/I2C.o
 .debug_macro   0x00001a2f    0x1aa23 ./Core/PeripheralPorts/I2C.o
 .debug_macro   0x0001c452       0x6d ./Core/PeripheralPorts/I2C.o
 .debug_macro   0x0001c4bf     0x375e ./Core/PeripheralPorts/I2C.o
 .debug_macro   0x0001fc1d       0x63 ./Core/PeripheralPorts/I2C.o
 .debug_macro   0x0001fc80     0x1add ./Core/PeripheralPorts/I2C.o
 .debug_macro   0x0002175d      0x6c4 ./Core/PeripheralPorts/I2C.o
 .debug_macro   0x00021e21      0x18b ./Core/PeripheralPorts/I2C.o
 .debug_macro   0x00021fac      0x115 ./Core/PeripheralPorts/I2C.o
 .debug_macro   0x000220c1      0x26e ./Core/PeripheralPorts/I2C.o
 .debug_macro   0x0002232f       0xa5 ./Core/PeripheralPorts/I2C.o
 .debug_macro   0x000223d4      0x24f ./Core/PeripheralPorts/I2C.o
 .debug_macro   0x00022623       0x71 ./Core/PeripheralPorts/I2C.o
 .debug_macro   0x00022694       0x58 ./Core/PeripheralPorts/I2C.o
 .debug_macro   0x000226ec      0x236 ./Core/PeripheralPorts/I2C.o
 .debug_macro   0x00022922      0x14e ./Core/PeripheralPorts/I2C.o
 .debug_macro   0x00022a70      0x3db ./Core/PeripheralPorts/I2C.o
 .debug_macro   0x00022e4b       0x12 ./Core/PeripheralPorts/I2C.o
 .debug_macro   0x00022e5d      0x22c ./Core/PeripheralPorts/I2C.o
 .debug_macro   0x00023089       0x61 ./Core/PeripheralPorts/I2C.o
 .debug_macro   0x000230ea       0xa5 ./Core/PeripheralPorts/I2C.o
 .debug_macro   0x0002318f      0x12e ./Core/PeripheralPorts/I2C.o
 .debug_macro   0x000232bd      0x108 ./Core/PeripheralPorts/I2C.o
 .debug_macro   0x000233c5       0x35 ./Core/PeripheralPorts/I2C.o
 .debug_macro   0x000233fa      0xa91 ./Core/PeripheralPorts/I2C.o
 .debug_macro   0x00023e8b       0xa9 ./Core/PeripheralPorts/I2C.o
 .debug_macro   0x00023f34      0x5ba ./Core/PeripheralPorts/I2C.o
 .debug_macro   0x000244ee       0x44 ./Core/PeripheralPorts/I2C.o
 .debug_macro   0x00024532      0x15b ./Core/PeripheralPorts/I2C.o
 .debug_macro   0x0002468d       0x70 ./Core/PeripheralPorts/I2C.o
 .debug_macro   0x000246fd      0x20d ./Core/Scaler/IMU.o
 .debug_macro   0x0002490a      0x392 ./Core/Scaler/IMU.o
 .debug_macro   0x00024c9c       0x10 ./Core/Scaler/IMU.o
 .debug_macro   0x00024cac      0x205 ./Core/Sensors/BNO055.o
 .debug_macro   0x00024eb1       0x6c ./Core/Sensors/BNO055_CommPorter.o
 .debug_macro   0x00024f1d      0x29d ./Core/Src/main.o
 .debug_macro   0x000251ba      0x137 ./Core/Src/main.o
 .debug_macro   0x000252f1       0x66 ./Core/Src/main.o
 .debug_macro   0x00025357       0x74 ./Core/Src/main.o
 .debug_macro   0x000253cb       0xdd ./Core/Src/main.o
 .debug_macro   0x000254a8      0x1f2 ./Core/Src/stm32f7xx_hal_msp.o
 .debug_macro   0x0002569a      0x1e3 ./Core/Src/stm32f7xx_hal_timebase_tim.o
 .debug_macro   0x0002587d      0x1fc ./Core/Src/stm32f7xx_it.o
 .debug_macro   0x00025a79      0x1e3 ./Core/Src/system_stm32f7xx.o
 .debug_macro   0x00025c5c      0x207 ./Drivers/STM32F7xx_HAL_Driver/Src/stm32f7xx_hal.o
 .debug_macro   0x00025e63      0x1e3 ./Drivers/STM32F7xx_HAL_Driver/Src/stm32f7xx_hal_cortex.o
 .debug_macro   0x00026046      0x1e9 ./Drivers/STM32F7xx_HAL_Driver/Src/stm32f7xx_hal_gpio.o
 .debug_macro   0x0002622f      0x2af ./Drivers/STM32F7xx_HAL_Driver/Src/stm32f7xx_hal_i2c.o
 .debug_macro   0x000264de      0x1e3 ./Drivers/STM32F7xx_HAL_Driver/Src/stm32f7xx_hal_i2c_ex.o
 .debug_macro   0x000266c1      0x201 ./Drivers/STM32F7xx_HAL_Driver/Src/stm32f7xx_hal_pwr.o
 .debug_macro   0x000268c2      0x1fb ./Drivers/STM32F7xx_HAL_Driver/Src/stm32f7xx_hal_pwr_ex.o
 .debug_macro   0x00026abd      0x207 ./Drivers/STM32F7xx_HAL_Driver/Src/stm32f7xx_hal_rcc.o
 .debug_macro   0x00026cc4      0x1e3 ./Drivers/STM32F7xx_HAL_Driver/Src/stm32f7xx_hal_rcc_ex.o
 .debug_macro   0x00026ea7      0x1e4 ./Drivers/STM32F7xx_HAL_Driver/Src/stm32f7xx_hal_tim.o
 .debug_macro   0x0002708b      0x1e3 ./Drivers/STM32F7xx_HAL_Driver/Src/stm32f7xx_hal_tim_ex.o
 .debug_macro   0x0002726e      0x200 ./Drivers/STM32F7xx_HAL_Driver/Src/stm32f7xx_hal_uart.o
 .debug_macro   0x0002746e      0x247 ./Middlewares/Third_Party/FreeRTOS/Source/CMSIS_RTOS_V2/cmsis_os2.o
 .debug_macro   0x000276b5       0x10 ./Middlewares/Third_Party/FreeRTOS/Source/CMSIS_RTOS_V2/cmsis_os2.o
 .debug_macro   0x000276c5       0xd3 ./Middlewares/Third_Party/FreeRTOS/Source/CMSIS_RTOS_V2/cmsis_os2.o
 .debug_macro   0x00027798       0x91 ./Middlewares/Third_Party/FreeRTOS/Source/CMSIS_RTOS_V2/cmsis_os2.o
 .debug_macro   0x00027829       0x8d ./Middlewares/Third_Party/FreeRTOS/Source/CMSIS_RTOS_V2/cmsis_os2.o
 .debug_macro   0x000278b6       0x9a ./Middlewares/Third_Party/FreeRTOS/Source/CMSIS_RTOS_V2/cmsis_os2.o
 .debug_macro   0x00027950      0x187 ./Middlewares/Third_Party/FreeRTOS/Source/list.o
 .debug_macro   0x00027ad7      0x216 ./Middlewares/Third_Party/FreeRTOS/Source/queue.o
 .debug_macro   0x00027ced       0x16 ./Middlewares/Third_Party/FreeRTOS/Source/queue.o
 .debug_macro   0x00027d03       0x87 ./Middlewares/Third_Party/FreeRTOS/Source/queue.o
 .debug_macro   0x00027d8a      0x27f ./Middlewares/Third_Party/FreeRTOS/Source/tasks.o
 .debug_macro   0x00028009       0x10 ./Middlewares/Third_Party/FreeRTOS/Source/tasks.o
 .debug_macro   0x00028019      0x1dc ./Middlewares/Third_Party/FreeRTOS/Source/timers.o
 .debug_macro   0x000281f5       0x97 ./Middlewares/Third_Party/FreeRTOS/Source/timers.o
 .debug_macro   0x0002828c      0x184 ./Middlewares/Third_Party/FreeRTOS/Source/portable/GCC/ARM_CM7/r0p1/port.o
 .debug_macro   0x00028410      0x1ae ./Middlewares/Third_Party/FreeRTOS/Source/portable/MemMang/heap_4.o

.debug_line     0x00000000    0x1f66c
 .debug_line    0x00000000      0x8f3 ./Core/PeripheralPorts/I2C.o
 .debug_line    0x000008f3      0x8a7 ./Core/Scaler/IMU.o
 .debug_line    0x0000119a      0xe85 ./Core/Sensors/BNO055.o
 .debug_line    0x0000201f      0x43c ./Core/Sensors/BNO055_CommPorter.o
 .debug_line    0x0000245b      0xaee ./Core/Src/main.o
 .debug_line    0x00002f49      0x833 ./Core/Src/stm32f7xx_hal_msp.o
 .debug_line    0x0000377c      0x7df ./Core/Src/stm32f7xx_hal_timebase_tim.o
 .debug_line    0x00003f5b      0x80e ./Core/Src/stm32f7xx_it.o
 .debug_line    0x00004769      0x7e5 ./Core/Src/system_stm32f7xx.o
 .debug_line    0x00004f4e       0x7a ./Core/Startup/startup_stm32f767zitx.o
 .debug_line    0x00004fc8      0xac4 ./Drivers/STM32F7xx_HAL_Driver/Src/stm32f7xx_hal.o
 .debug_line    0x00005a8c      0xd36 ./Drivers/STM32F7xx_HAL_Driver/Src/stm32f7xx_hal_cortex.o
 .debug_line    0x000067c2      0xc1a ./Drivers/STM32F7xx_HAL_Driver/Src/stm32f7xx_hal_gpio.o
 .debug_line    0x000073dc     0x3aed ./Drivers/STM32F7xx_HAL_Driver/Src/stm32f7xx_hal_i2c.o
 .debug_line    0x0000aec9      0x8ad ./Drivers/STM32F7xx_HAL_Driver/Src/stm32f7xx_hal_i2c_ex.o
 .debug_line    0x0000b776      0x998 ./Drivers/STM32F7xx_HAL_Driver/Src/stm32f7xx_hal_pwr.o
 .debug_line    0x0000c10e      0xa18 ./Drivers/STM32F7xx_HAL_Driver/Src/stm32f7xx_hal_pwr_ex.o
 .debug_line    0x0000cb26      0xef4 ./Drivers/STM32F7xx_HAL_Driver/Src/stm32f7xx_hal_rcc.o
 .debug_line    0x0000da1a      0xecb ./Drivers/STM32F7xx_HAL_Driver/Src/stm32f7xx_hal_rcc_ex.o
 .debug_line    0x0000e8e5     0x3d46 ./Drivers/STM32F7xx_HAL_Driver/Src/stm32f7xx_hal_tim.o
 .debug_line    0x0001262b     0x1c59 ./Drivers/STM32F7xx_HAL_Driver/Src/stm32f7xx_hal_tim_ex.o
 .debug_line    0x00014284     0x3251 ./Drivers/STM32F7xx_HAL_Driver/Src/stm32f7xx_hal_uart.o
 .debug_line    0x000174d5     0x24fe ./Middlewares/Third_Party/FreeRTOS/Source/CMSIS_RTOS_V2/cmsis_os2.o
 .debug_line    0x000199d3      0x790 ./Middlewares/Third_Party/FreeRTOS/Source/list.o
 .debug_line    0x0001a163     0x17b5 ./Middlewares/Third_Party/FreeRTOS/Source/queue.o
 .debug_line    0x0001b918     0x1de0 ./Middlewares/Third_Party/FreeRTOS/Source/tasks.o
 .debug_line    0x0001d6f8      0xdfa ./Middlewares/Third_Party/FreeRTOS/Source/timers.o
 .debug_line    0x0001e4f2      0x81b ./Middlewares/Third_Party/FreeRTOS/Source/portable/GCC/ARM_CM7/r0p1/port.o
 .debug_line    0x0001ed0d      0x95f ./Middlewares/Third_Party/FreeRTOS/Source/portable/MemMang/heap_4.o

.debug_str      0x00000000   0x107ce1
 .debug_str     0x00000000    0xf3d98 ./Core/PeripheralPorts/I2C.o
                              0xf4524 (size before relaxing)
 .debug_str     0x000f3d98     0x1752 ./Core/Scaler/IMU.o
                              0xf5585 (size before relaxing)
 .debug_str     0x000f54ea      0x2ba ./Core/Sensors/BNO055.o
                              0xf56a4 (size before relaxing)
 .debug_str     0x000f57a4       0x24 ./Core/Sensors/BNO055_CommPorter.o
                               0x3e39 (size before relaxing)
 .debug_str     0x000f57c8     0x5588 ./Core/Src/main.o
                              0xfaf46 (size before relaxing)
 .debug_str     0x000fad50      0x95f ./Core/Src/stm32f7xx_hal_msp.o
                              0xf5087 (size before relaxing)
 .debug_str     0x000fb6af      0x10a ./Core/Src/stm32f7xx_hal_timebase_tim.o
                              0xf4acf (size before relaxing)
 .debug_str     0x000fb7b9       0xbe ./Core/Src/stm32f7xx_it.o
                              0xf43fd (size before relaxing)
 .debug_str     0x000fb877      0x1a4 ./Core/Src/system_stm32f7xx.o
                              0xf3f1e (size before relaxing)
 .debug_str     0x000fba1b       0x44 ./Core/Startup/startup_stm32f767zitx.o
                                 0x8d (size before relaxing)
 .debug_str     0x000fba5f      0x403 ./Drivers/STM32F7xx_HAL_Driver/Src/stm32f7xx_hal.o
                              0xf495e (size before relaxing)
 .debug_str     0x000fbe62      0x35f ./Drivers/STM32F7xx_HAL_Driver/Src/stm32f7xx_hal_cortex.o
                              0xf4940 (size before relaxing)
 .debug_str     0x000fc1c1       0xf2 ./Drivers/STM32F7xx_HAL_Driver/Src/stm32f7xx_hal_gpio.o
                              0xf3fdc (size before relaxing)
 .debug_str     0x000fc2b3      0xd3a ./Drivers/STM32F7xx_HAL_Driver/Src/stm32f7xx_hal_i2c.o
                              0xf5131 (size before relaxing)
 .debug_str     0x000fcfed       0x89 ./Drivers/STM32F7xx_HAL_Driver/Src/stm32f7xx_hal_i2c_ex.o
                              0xf43b0 (size before relaxing)
 .debug_str     0x000fd076      0x2ac ./Drivers/STM32F7xx_HAL_Driver/Src/stm32f7xx_hal_pwr.o
                              0xf41bf (size before relaxing)
 .debug_str     0x000fd322      0x1bd ./Drivers/STM32F7xx_HAL_Driver/Src/stm32f7xx_hal_pwr_ex.o
                              0xf418d (size before relaxing)
 .debug_str     0x000fd4df      0x21f ./Drivers/STM32F7xx_HAL_Driver/Src/stm32f7xx_hal_rcc.o
                              0xf4299 (size before relaxing)
 .debug_str     0x000fd6fe      0x147 ./Drivers/STM32F7xx_HAL_Driver/Src/stm32f7xx_hal_rcc_ex.o
                              0xf41fc (size before relaxing)
 .debug_str     0x000fd845      0xe87 ./Drivers/STM32F7xx_HAL_Driver/Src/stm32f7xx_hal_tim.o
                              0xf5241 (size before relaxing)
 .debug_str     0x000fe6cc      0x5ff ./Drivers/STM32F7xx_HAL_Driver/Src/stm32f7xx_hal_tim_ex.o
                              0xf4b47 (size before relaxing)
 .debug_str     0x000feccb      0x862 ./Drivers/STM32F7xx_HAL_Driver/Src/stm32f7xx_hal_uart.o
                              0xf4be7 (size before relaxing)
 .debug_str     0x000ff52d     0x5e14 ./Middlewares/Third_Party/FreeRTOS/Source/CMSIS_RTOS_V2/cmsis_os2.o
                               0xec24 (size before relaxing)
 .debug_str     0x00105341      0x20f ./Middlewares/Third_Party/FreeRTOS/Source/list.o
                               0xa9cd (size before relaxing)
 .debug_str     0x00105550      0x89d ./Middlewares/Third_Party/FreeRTOS/Source/queue.o
                               0xc4f3 (size before relaxing)
 .debug_str     0x00105ded     0x101e ./Middlewares/Third_Party/FreeRTOS/Source/tasks.o
                               0xcf85 (size before relaxing)
 .debug_str     0x00106e0b      0x59a ./Middlewares/Third_Party/FreeRTOS/Source/timers.o
                               0xca21 (size before relaxing)
 .debug_str     0x001073a5      0x702 ./Middlewares/Third_Party/FreeRTOS/Source/portable/GCC/ARM_CM7/r0p1/port.o
                               0x8591 (size before relaxing)
 .debug_str     0x00107aa7      0x23a ./Middlewares/Third_Party/FreeRTOS/Source/portable/MemMang/heap_4.o
                               0xb1ea (size before relaxing)

.comment        0x00000000       0x43
 .comment       0x00000000       0x43 ./Core/PeripheralPorts/I2C.o
                                 0x44 (size before relaxing)
 .comment       0x00000043       0x44 ./Core/Scaler/IMU.o
 .comment       0x00000043       0x44 ./Core/Sensors/BNO055.o
 .comment       0x00000043       0x44 ./Core/Sensors/BNO055_CommPorter.o
 .comment       0x00000043       0x44 ./Core/Src/main.o
 .comment       0x00000043       0x44 ./Core/Src/stm32f7xx_hal_msp.o
 .comment       0x00000043       0x44 ./Core/Src/stm32f7xx_hal_timebase_tim.o
 .comment       0x00000043       0x44 ./Core/Src/stm32f7xx_it.o
 .comment       0x00000043       0x44 ./Core/Src/system_stm32f7xx.o
 .comment       0x00000043       0x44 ./Drivers/STM32F7xx_HAL_Driver/Src/stm32f7xx_hal.o
 .comment       0x00000043       0x44 ./Drivers/STM32F7xx_HAL_Driver/Src/stm32f7xx_hal_cortex.o
 .comment       0x00000043       0x44 ./Drivers/STM32F7xx_HAL_Driver/Src/stm32f7xx_hal_gpio.o
 .comment       0x00000043       0x44 ./Drivers/STM32F7xx_HAL_Driver/Src/stm32f7xx_hal_i2c.o
 .comment       0x00000043       0x44 ./Drivers/STM32F7xx_HAL_Driver/Src/stm32f7xx_hal_i2c_ex.o
 .comment       0x00000043       0x44 ./Drivers/STM32F7xx_HAL_Driver/Src/stm32f7xx_hal_pwr.o
 .comment       0x00000043       0x44 ./Drivers/STM32F7xx_HAL_Driver/Src/stm32f7xx_hal_pwr_ex.o
 .comment       0x00000043       0x44 ./Drivers/STM32F7xx_HAL_Driver/Src/stm32f7xx_hal_rcc.o
 .comment       0x00000043       0x44 ./Drivers/STM32F7xx_HAL_Driver/Src/stm32f7xx_hal_rcc_ex.o
 .comment       0x00000043       0x44 ./Drivers/STM32F7xx_HAL_Driver/Src/stm32f7xx_hal_tim.o
 .comment       0x00000043       0x44 ./Drivers/STM32F7xx_HAL_Driver/Src/stm32f7xx_hal_tim_ex.o
 .comment       0x00000043       0x44 ./Drivers/STM32F7xx_HAL_Driver/Src/stm32f7xx_hal_uart.o
 .comment       0x00000043       0x44 ./Middlewares/Third_Party/FreeRTOS/Source/CMSIS_RTOS_V2/cmsis_os2.o
 .comment       0x00000043       0x44 ./Middlewares/Third_Party/FreeRTOS/Source/list.o
 .comment       0x00000043       0x44 ./Middlewares/Third_Party/FreeRTOS/Source/queue.o
 .comment       0x00000043       0x44 ./Middlewares/Third_Party/FreeRTOS/Source/tasks.o
 .comment       0x00000043       0x44 ./Middlewares/Third_Party/FreeRTOS/Source/timers.o
 .comment       0x00000043       0x44 ./Middlewares/Third_Party/FreeRTOS/Source/portable/GCC/ARM_CM7/r0p1/port.o
 .comment       0x00000043       0x44 ./Middlewares/Third_Party/FreeRTOS/Source/portable/MemMang/heap_4.o

.debug_frame    0x00000000     0x6ac8
 .debug_frame   0x00000000      0x140 ./Core/PeripheralPorts/I2C.o
 .debug_frame   0x00000140       0xa4 ./Core/Scaler/IMU.o
 .debug_frame   0x000001e4      0x3cc ./Core/Sensors/BNO055.o
 .debug_frame   0x000005b0       0x34 ./Core/Sensors/BNO055_CommPorter.o
 .debug_frame   0x000005e4      0x128 ./Core/Src/main.o
 .debug_frame   0x0000070c       0xcc ./Core/Src/stm32f7xx_hal_msp.o
 .debug_frame   0x000007d8       0x74 ./Core/Src/stm32f7xx_hal_timebase_tim.o
 .debug_frame   0x0000084c       0xc4 ./Core/Src/stm32f7xx_it.o
 .debug_frame   0x00000910       0x58 ./Core/Src/system_stm32f7xx.o
 .debug_frame   0x00000968      0x3f4 ./Drivers/STM32F7xx_HAL_Driver/Src/stm32f7xx_hal.o
 .debug_frame   0x00000d5c      0x4e8 ./Drivers/STM32F7xx_HAL_Driver/Src/stm32f7xx_hal_cortex.o
 .debug_frame   0x00001244      0x14c ./Drivers/STM32F7xx_HAL_Driver/Src/stm32f7xx_hal_gpio.o
 .debug_frame   0x00001390      0xc38 ./Drivers/STM32F7xx_HAL_Driver/Src/stm32f7xx_hal_i2c.o