Archive member included to satisfy reference by file (symbol)

/opt/st/stm32cubeide_1.19.0/plugins/com.st.stm32cube.ide.mcu.externaltools.gnu-tools-for-stm32.13.3.rel1.linux64_1.0.0.202410170706/tools/bin/../lib/gcc/arm-none-eabi/13.3.1/../../../../arm-none-eabi/lib/thumb/v7e-m+dp/hard/libc_nano.a(libc_a-exit.o)
                              /opt/st/stm32cubeide_1.19.0/plugins/com.st.stm32cube.ide.mcu.externaltools.gnu-tools-for-stm32.13.3.rel1.linux64_1.0.0.202410170706/tools/bin/../lib/gcc/arm-none-eabi/13.3.1/../../../../arm-none-eabi/lib/thumb/v7e-m+dp/hard/crt0.o (exit)
/opt/st/stm32cubeide_1.19.0/plugins/com.st.stm32cube.ide.mcu.externaltools.gnu-tools-for-stm32.13.3.rel1.linux64_1.0.0.202410170706/tools/bin/../lib/gcc/arm-none-eabi/13.3.1/../../../../arm-none-eabi/lib/thumb/v7e-m+dp/hard/libc_nano.a(libc_a-findfp.o)
                              /opt/st/stm32cubeide_1.19.0/plugins/com.st.stm32cube.ide.mcu.externaltools.gnu-tools-for-stm32.13.3.rel1.linux64_1.0.0.202410170706/tools/bin/../lib/gcc/arm-none-eabi/13.3.1/../../../../arm-none-eabi/lib/thumb/v7e-m+dp/hard/libc_nano.a(libc_a-exit.o) (__stdio_exit_handler)
/opt/st/stm32cubeide_1.19.0/plugins/com.st.stm32cube.ide.mcu.externaltools.gnu-tools-for-stm32.13.3.rel1.linux64_1.0.0.202410170706/tools/bin/../lib/gcc/arm-none-eabi/13.3.1/../../../../arm-none-eabi/lib/thumb/v7e-m+dp/hard/libc_nano.a(libc_a-fwalk.o)
                              /opt/st/stm32cubeide_1.19.0/plugins/com.st.stm32cube.ide.mcu.externaltools.gnu-tools-for-stm32.13.3.rel1.linux64_1.0.0.202410170706/tools/bin/../lib/gcc/arm-none-eabi/13.3.1/../../../../arm-none-eabi/lib/thumb/v7e-m+dp/hard/libc_nano.a(libc_a-findfp.o) (_fwalk_sglue)
/opt/st/stm32cubeide_1.19.0/plugins/com.st.stm32cube.ide.mcu.externaltools.gnu-tools-for-stm32.13.3.rel1.linux64_1.0.0.202410170706/tools/bin/../lib/gcc/arm-none-eabi/13.3.1/../../../../arm-none-eabi/lib/thumb/v7e-m+dp/hard/libc_nano.a(libc_a-stdio.o)
                              /opt/st/stm32cubeide_1.19.0/plugins/com.st.stm32cube.ide.mcu.externaltools.gnu-tools-for-stm32.13.3.rel1.linux64_1.0.0.202410170706/tools/bin/../lib/gcc/arm-none-eabi/13.3.1/../../../../arm-none-eabi/lib/thumb/v7e-m+dp/hard/libc_nano.a(libc_a-findfp.o) (__sread)
/opt/st/stm32cubeide_1.19.0/plugins/com.st.stm32cube.ide.mcu.externaltools.gnu-tools-for-stm32.13.3.rel1.linux64_1.0.0.202410170706/tools/bin/../lib/gcc/arm-none-eabi/13.3.1/../../../../arm-none-eabi/lib/thumb/v7e-m+dp/hard/libc_nano.a(libc_a-memset.o)
                              /opt/st/stm32cubeide_1.19.0/plugins/com.st.stm32cube.ide.mcu.externaltools.gnu-tools-for-stm32.13.3.rel1.linux64_1.0.0.202410170706/tools/bin/../lib/gcc/arm-none-eabi/13.3.1/../../../../arm-none-eabi/lib/thumb/v7e-m+dp/hard/crt0.o (memset)
/opt/st/stm32cubeide_1.19.0/plugins/com.st.stm32cube.ide.mcu.externaltools.gnu-tools-for-stm32.13.3.rel1.linux64_1.0.0.202410170706/tools/bin/../lib/gcc/arm-none-eabi/13.3.1/../../../../arm-none-eabi/lib/thumb/v7e-m+dp/hard/libc_nano.a(libc_a-closer.o)
                              /opt/st/stm32cubeide_1.19.0/plugins/com.st.stm32cube.ide.mcu.externaltools.gnu-tools-for-stm32.13.3.rel1.linux64_1.0.0.202410170706/tools/bin/../lib/gcc/arm-none-eabi/13.3.1/../../../../arm-none-eabi/lib/thumb/v7e-m+dp/hard/libc_nano.a(libc_a-stdio.o) (_close_r)
/opt/st/stm32cubeide_1.19.0/plugins/com.st.stm32cube.ide.mcu.externaltools.gnu-tools-for-stm32.13.3.rel1.linux64_1.0.0.202410170706/tools/bin/../lib/gcc/arm-none-eabi/13.3.1/../../../../arm-none-eabi/lib/thumb/v7e-m+dp/hard/libc_nano.a(libc_a-reent.o)
                              /opt/st/stm32cubeide_1.19.0/plugins/com.st.stm32cube.ide.mcu.externaltools.gnu-tools-for-stm32.13.3.rel1.linux64_1.0.0.202410170706/tools/bin/../lib/gcc/arm-none-eabi/13.3.1/../../../../arm-none-eabi/lib/thumb/v7e-m+dp/hard/libc_nano.a(libc_a-closer.o) (errno)
/opt/st/stm32cubeide_1.19.0/plugins/com.st.stm32cube.ide.mcu.externaltools.gnu-tools-for-stm32.13.3.rel1.linux64_1.0.0.202410170706/tools/bin/../lib/gcc/arm-none-eabi/13.3.1/../../../../arm-none-eabi/lib/thumb/v7e-m+dp/hard/libc_nano.a(libc_a-impure.o)
                              /opt/st/stm32cubeide_1.19.0/plugins/com.st.stm32cube.ide.mcu.externaltools.gnu-tools-for-stm32.13.3.rel1.linux64_1.0.0.202410170706/tools/bin/../lib/gcc/arm-none-eabi/13.3.1/../../../../arm-none-eabi/lib/thumb/v7e-m+dp/hard/libc_nano.a(libc_a-reent.o) (_impure_ptr)
/opt/st/stm32cubeide_1.19.0/plugins/com.st.stm32cube.ide.mcu.externaltools.gnu-tools-for-stm32.13.3.rel1.linux64_1.0.0.202410170706/tools/bin/../lib/gcc/arm-none-eabi/13.3.1/../../../../arm-none-eabi/lib/thumb/v7e-m+dp/hard/libc_nano.a(libc_a-lseekr.o)
                              /opt/st/stm32cubeide_1.19.0/plugins/com.st.stm32cube.ide.mcu.externaltools.gnu-tools-for-stm32.13.3.rel1.linux64_1.0.0.202410170706/tools/bin/../lib/gcc/arm-none-eabi/13.3.1/../../../../arm-none-eabi/lib/thumb/v7e-m+dp/hard/libc_nano.a(libc_a-stdio.o) (_lseek_r)
[...]
Memory Configuration

Name             Origin             Length             Attributes
RAM              0x20000000         0x00080000         xrw
FLASH            0x08000000         0x00200000         xr
*default*        0x00000000         0xffffffff

Linker script and memory map

LOAD /opt/st/stm32cubeide_1.19.0/plugins/com.st.stm32cube.ide.mcu.externaltools.gnu-tools-for-stm32.13.3.rel1.linux64_1.0.0.202410170706/tools/bin/../lib/gcc/arm-none-eabi/13.3.1/thumb/v7e-m+dp/hard/crti.o
LOAD /opt/st/stm32cubeide_1.19.0/plugins/com.st.stm32cube.ide.mcu.externaltools.gnu-tools-for-stm32.13.3.rel1.linux64_1.0.0.202410170706/tools/bin/../lib/gcc/arm-none-eabi/13.3.1/thumb/v7e-m+dp/hard/crtbegin.o
LOAD /opt/st/stm32cubeide_1.19.0/plugins/com.st.stm32cube.ide.mcu.externaltools.gnu-tools-for-stm32.13.3.rel1.linux64_1.0.0.202410170706/tools/bin/../lib/gcc/arm-none-eabi/13.3.1/../../../../arm-none-eabi/lib/thumb/v7e-m+dp/hard/crt0.o
LOAD ./Core/Math/Filters.o
LOAD ./Core/PeripheralPorts/I2C.o
LOAD ./Core/Scaler/IMU.o
LOAD ./Core/Sensors/BAR100.o
LOAD ./Core/Sensors/BAR100_CommPorter.o
LOAD ./Core/Sensors/BNO055.o
LOAD ./Core/Sensors/BNO055_CommPorter.o
LOAD ./Core/Src/custom_memory_manager.o
LOAD ./Core/Src/freertos.o
LOAD ./Core/Src/main.o
LOAD ./Core/Src/microros_allocators.o
LOAD ./Core/Src/microros_time.o
LOAD ./Core/Src/stm32f7xx_hal_msp.o
LOAD ./Core/Src/stm32f7xx_hal_timebase_tim.o
LOAD ./Core/Src/stm32f7xx_it.o
LOAD ./Core/Src/syscalls.o
LOAD ./Core/Src/sysmem.o
LOAD ./Core/Src/system_stm32f7xx.o
LOAD ./Core/Src/microros_transports/dma_transport.o
LOAD ./Core/Startup/startup_stm32f767zitx.o
LOAD ./Drivers/STM32F7xx_HAL_Driver/Src/stm32f7xx_hal.o
LOAD ./Drivers/STM32F7xx_HAL_Driver/Src/stm32f7xx_hal_cortex.o
LOAD ./Drivers/STM32F7xx_HAL_Driver/Src/stm32f7xx_hal_dma.o
LOAD ./Drivers/STM32F7xx_HAL_Driver/Src/stm32f7xx_hal_dma_ex.o
LOAD ./Drivers/STM32F7xx_HAL_Driver/Src/stm32f7xx_hal_exti.o
LOAD ./Drivers/STM32F7xx_HAL_Driver/Src/stm32f7xx_hal_flash.o
LOAD ./Drivers/STM32F7xx_HAL_Driver/Src/stm32f7xx_hal_flash_ex.o
LOAD ./Drivers/STM32F7xx_HAL_Driver/Src/stm32f7xx_hal_gpio.o
LOAD ./Drivers/STM32F7xx_HAL_Driver/Src/stm32f7xx_hal_i2c.o
LOAD ./Drivers/STM32F7xx_HAL_Driver/Src/stm32f7xx_hal_i2c_ex.o
LOAD ./Drivers/STM32F7xx_HAL_Driver/Src/stm32f7xx_hal_pwr.o
LOAD ./Drivers/STM32F7xx_HAL_Driver/Src/stm32f7xx_hal_pwr_ex.o
LOAD ./Drivers/STM32F7xx_HAL_Driver/Src/stm32f7xx_hal_rcc.o
LOAD ./Drivers/STM32F7xx_HAL_Driver/Src/stm32f7xx_hal_rcc_ex.o
LOAD ./Drivers/STM32F7xx_HAL_Driver/Src/stm32f7xx_hal_tim.o
LOAD ./Drivers/STM32F7xx_HAL_Driver/Src/stm32f7xx_hal_tim_ex.o
LOAD ./Drivers/STM32F7xx_HAL_Driver/Src/stm32f7xx_hal_uart.o
LOAD ./Drivers/STM32F7xx_HAL_Driver/Src/stm32f7xx_hal_uart_ex.o
LOAD ./Middlewares/Third_Party/FreeRTOS/Source/CMSIS_RTOS_V2/cmsis_os2.o
LOAD ./Middlewares/Third_Party/FreeRTOS/Source/croutine.o
LOAD ./Middlewares/Third_Party/FreeRTOS/Source/event_groups.o
LOAD ./Middlewares/Third_Party/FreeRTOS/Source/list.o
LOAD ./Middlewares/Third_Party/FreeRTOS/Source/queue.o
LOAD ./Middlewares/Third_Party/FreeRTOS/Source/stream_buffer.o
LOAD ./Middlewares/Third_Party/FreeRTOS/Source/tasks.o
LOAD ./Middlewares/Third_Party/FreeRTOS/Source/timers.o
LOAD ./Middlewares/Third_Party/FreeRTOS/Source/portable/GCC/ARM_CM7/r0p1/port.o
LOAD ./Middlewares/Third_Party/FreeRTOS/Source/portable/MemMang/heap_4.o
LOAD ../micro_ros_stm32cubemx_utils/microros_static_library_ide/libmicroros/libmicroros.a
START GROUP
LOAD /opt/st/stm32cubeide_1.19.0/plugins/com.st.stm32cube.ide.mcu.externaltools.gnu-tools-for-stm32.13.3.rel1.linux64_1.0.0.202410170706/tools/bin/../lib/gcc/arm-none-eabi/13.3.1/../../../../arm-none-eabi/lib/thumb/v7e-m+dp/hard/libc_nano.a
LOAD /opt/st/stm32cubeide_1.19.0/plugins/com.st.stm32cube.ide.mcu.externaltools.gnu-tools-for-stm32.13.3.rel1.linux64_1.0.0.202410170706/tools/bin/../lib/gcc/arm-none-eabi/13.3.1/../../../../arm-none-eabi/lib/thumb/v7e-m+dp/hard/libm.a
END GROUP
START GROUP
LOAD /opt/st/stm32cubeide_1.19.0/plugins/com.st.stm32cube.ide.mcu.externaltools.gnu-tools-for-stm32.13.3.rel1.linux64_1.0.0.202410170706/tools/bin/../lib/gcc/arm-none-eabi/13.3.1/thumb/v7e-m+dp/hard/libgcc.a
LOAD /opt/st/stm32cubeide_1.19.0/plugins/com.st.stm32cube.ide.mcu.externaltools.gnu-tools-for-stm32.13.3.rel1.linux64_1.0.0.202410170706/tools/bin/../lib/gcc/arm-none-eabi/13.3.1/../../../../arm-none-eabi/lib/thumb/v7e-m+dp/hard/libc_nano.a
END GROUP
START GROUP
LOAD /opt/st/stm32cubeide_1.19.0/plugins/com.st.stm32cube.ide.mcu.externaltools.gnu-tools-for-stm32.13.3.rel1.linux64_1.0.0.202410170706/tools/bin/../lib/gcc/arm-none-eabi/13.3.1/thumb/v7e-m+dp/hard/libgcc.a
LOAD /opt/st/stm32cubeide_1.19.0/plugins/com.st.stm32cube.ide.mcu.externaltools.gnu-tools-for-stm32.13.3.rel1.linux64_1.0.0.202410170706/tools/bin/../lib/gcc/arm-none-eabi/13.3.1/../../../../arm-none-eabi/lib/thumb/v7e-m+dp/hard/libc_nano.a
LOAD /opt/st/stm32cubeide_1.19.0/plugins/com.st.stm32cube.ide.mcu.externaltools.gnu-tools-for-stm32.13.3.rel1.linux64_1.0.0.202410170706/tools/bin/../lib/gcc/arm-none-eabi/13.3.1/../../../../arm-none-eabi/lib/thumb/v7e-m+dp/hard/libnosys.a
END GROUP
START GROUP
LOAD /opt/st/stm32cubeide_1.19.0/plugins/com.st.stm32cube.ide.mcu.externaltools.gnu-tools-for-stm32.13.3.rel1.linux64_1.0.0.202410170706/tools/bin/../lib/gcc/arm-none-eabi/13.3.1/thumb/v7e-m+dp/hard/libgcc.a
LOAD /opt/st/stm32cubeide_1.19.0/plugins/com.st.stm32cube.ide.mcu.externaltools.gnu-tools-for-stm32.13.3.rel1.linux64_1.0.0.202410170706/tools/bin/../lib/gcc/arm-none-eabi/13.3.1/../../../../arm-none-eabi/lib/thumb/v7e-m+dp/hard/libc_nano.a
LOAD /opt/st/stm32cubeide_1.19.0/plugins/com.st.stm32cube.ide.mcu.externaltools.gnu-tools-for-stm32.13.3.rel1.linux64_1.0.0.202410170706/tools/bin/../lib/gcc/arm-none-eabi/13.3.1/../../../../arm-none-eabi/lib/thumb/v7e-m+dp/hard/libnosys.a
END GROUP
LOAD /opt/st/stm32cubeide_1.19.0/plugins/com.st.stm32cube.ide.mcu.externaltools.gnu-tools-for-stm32.13.3.rel1.linux64_1.0.0.202410170706/tools/bin/../lib/gcc/arm-none-eabi/13.3.1/thumb/v7e-m+dp/hard/crtend.o
LOAD /opt/st/stm32cubeide_1.19.0/plugins/com.st.stm32cube.ide.mcu.externaltools.gnu-tools-for-stm32.13.3.rel1.linux64_1.0.0.202410170706/tools/bin/../lib/gcc/arm-none-eabi/13.3.1/thumb/v7e-m+dp/hard/crtn.o
                0x20080000                        _estack = (ORIGIN (RAM) + LENGTH (RAM))
                0x00000200                        _Min_Heap_Size = 0x200
                0x00000400                        _Min_Stack_Size = 0x400

.isr_vector     0x08000000      0x1f8
                0x08000000                        . = ALIGN (0x4)
 *(.isr_vector)
 .isr_vector    0x08000000      0x1f8 ./Core/Startup/startup_stm32f767zitx.o
                0x08000000                g_pfnVectors
                0x080001f8                        . = ALIGN (0x4)

.text           0x08000200     0x7d78
                0x08000200                        . = ALIGN (0x4)
 *(.text)
 .text          0x08000200       0x40 /opt/st/stm32cubeide_1.19.0/plugins/com.st.stm32cube.ide.mcu.externaltools.gnu-tools-for-stm32.13.3.rel1.linux64_1.0.0.202410170706/tools/bin/../lib/gcc/arm-none-eabi/13.3.1/thumb/v7e-m+dp/hard/crtbegin.o
 .text          0x08000240       0xa0 /opt/st/stm32cubeide_1.19.0/plugins/com.st.stm32cube.ide.mcu.externaltools.gnu-tools-for-stm32.13.3.rel1.linux64_1.0.0.202410170706/tools/bin/../lib/gcc/arm-none-eabi/13.3.1/thumb/v7e-m+dp/hard/libgcc.a(_aeabi_ldivmod.o)
                0x08000240                __aeabi_ldivmod
 .text          0x080002e0       0x30 /opt/st/stm32cubeide_1.19.0/plugins/com.st.stm32cube.ide.mcu.externaltools.gnu-tools-for-stm32.13.3.rel1.linux64_1.0.0.202410170706/tools/bin/../lib/gcc/arm-none-eabi/13.3.1/thumb/v7e-m+dp/hard/libgcc.a(_aeabi_uldivmod.o)
                0x080002e0                __aeabi_uldivmod
 .text          0x08000310      0x2f8 /opt/st/stm32cubeide_1.19.0/plugins/com.st.stm32cube.ide.mcu.externaltools.gnu-tools-for-stm32.13.3.rel1.linux64_1.0.0.202410170706/tools/bin/../lib/gcc/arm-none-eabi/13.3.1/thumb/v7e-m+dp/hard/libgcc.a(_udivmoddi4.o)
                0x08000310                __udivmoddi4
 .text          0x08000608        0x4 /opt/st/stm32cubeide_1.19.0/plugins/com.st.stm32cube.ide.mcu.externaltools.gnu-tools-for-stm32.13.3.rel1.linux64_1.0.0.202410170706/tools/bin/../lib/gcc/arm-none-eabi/13.3.1/thumb/v7e-m+dp/hard/libgcc.a(_dvmd_tls.o)
                0x08000608                __aeabi_ldiv0
                0x08000608                __aeabi_idiv0
 *(.text*)
 .text.AVG_Filter
                0x0800060c       0xb6 ./Core/Math/Filters.o
                0x0800060c                AVG_Filter
 .text.MED_Filter_SortArray
                0x080006c2       0x90 ./Core/Math/Filters.o
 .text.MED_Filter
                0x08000752       0x6e ./Core/Math/Filters.o
                0x08000752                MED_Filter
 .text.I2C_Init
                0x080007c0       0x24 ./Core/PeripheralPorts/I2C.o
                0x080007c0                I2C_Init
 .text.I2C_ReadWrite_Poll
                0x080007e4       0xb8 ./Core/PeripheralPorts/I2C.o
                0x080007e4                I2C_ReadWrite_Poll
 .text.I2C_GetModule
                0x0800089c       0x44 ./Core/PeripheralPorts/I2C.o
                0x0800089c                I2C_GetModule
 .text.IMU_Init
                0x080008e0       0x78 ./Core/Scaler/IMU.o
                0x080008e0                IMU_Init
 .text.IMU_Execute
                0x08000958      0x2ec ./Core/Scaler/IMU.o
                0x08000958                IMU_Execute
 .text.IMU_PopulateData
                0x08000c44       0x78 ./Core/Scaler/IMU.o
                0x08000c44                IMU_PopulateData
 .text.IMU_GetSensorHandle
                0x08000cbc       0x3c ./Core/Scaler/IMU.o
                0x08000cbc                IMU_GetSensorHandle
 .text.BNO055_Init
                0x08000cf8       0xda ./Core/Sensors/BNO055.o
                0x08000cf8                BNO055_Init
 .text.BNO055_Reset
                0x08000dd2       0x3e ./Core/Sensors/BNO055.o
                0x08000dd2                BNO055_Reset
 .text.BNO055_Set_OperationMode
                0x08000e10       0x70 ./Core/Sensors/BNO055.o
                0x08000e10                BNO055_Set_OperationMode
 .text.BNO055_Set_PowerMode
                0x08000e80       0x70 ./Core/Sensors/BNO055.o
                0x08000e80                BNO055_Set_PowerMode
 .text.BNO055_Set_ACC_Mode
                0x08000ef0       0x70 ./Core/Sensors/BNO055.o
                0x08000ef0                BNO055_Set_ACC_Mode
 .text.BNO055_Get_ACC_Mode
                0x08000f60       0x6c ./Core/Sensors/BNO055.o
                0x08000f60                BNO055_Get_ACC_Mode
 .text.BNO055_Set_MAG_Mode
                0x08000fcc       0x70 ./Core/Sensors/BNO055.o
                0x08000fcc                BNO055_Set_MAG_Mode
 .text.BNO055_Set_GYR_Mode_1
                0x0800103c       0x70 ./Core/Sensors/BNO055.o
                0x0800103c                BNO055_Set_GYR_Mode_1
 .text.BNO055_Set_GYR_Mode_2
                0x080010ac       0x70 ./Core/Sensors/BNO055.o
                0x080010ac                BNO055_Set_GYR_Mode_2
 .text.BNO055_Get_ChipID
                0x0800111c       0x82 ./Core/Sensors/BNO055.o
                0x0800111c                BNO055_Get_ChipID
 .text.BNO055_Get_ACC_ID
                0x0800119e       0x82 ./Core/Sensors/BNO055.o
                0x0800119e                BNO055_Get_ACC_ID
 .text.BNO055_Get_GYR_ID
                0x08001220       0x84 ./Core/Sensors/BNO055.o
                0x08001220                BNO055_Get_GYR_ID
 .text.BNO055_Get_MAG_ID
                0x080012a4       0x84 ./Core/Sensors/BNO055.o
                0x080012a4                BNO055_Get_MAG_ID
 .text.BNO055_Get_ACC_Data
                0x08001328      0x10c ./Core/Sensors/BNO055.o
                0x08001328                BNO055_Get_ACC_Data
 .text.BNO055_Get_MAG_Data
                0x08001434       0xac ./Core/Sensors/BNO055.o
                0x08001434                BNO055_Get_MAG_Data
 .text.BNO055_Get_GYR_Data
                0x080014e0       0xac ./Core/Sensors/BNO055.o
                0x080014e0                BNO055_Get_GYR_Data
 .text.BNO055_Set_DataUnit
                0x0800158c       0x56 ./Core/Sensors/BNO055.o
                0x0800158c                BNO055_Set_DataUnit
 .text.BNO055_Get_DataUnit
                0x080015e2       0x5e ./Core/Sensors/BNO055.o
                0x080015e2                BNO055_Get_DataUnit
 .text.BNO055_Get_PageID
                0x08001640       0x3c ./Core/Sensors/BNO055.o
                0x08001640                BNO055_Get_PageID
 .text.BNO055_Set_PageID
                0x0800167c       0x46 ./Core/Sensors/BNO055.o
                0x0800167c                BNO055_Set_PageID
 .text.BNO055_Get_SysError
                0x080016c2       0x3c ./Core/Sensors/BNO055.o
                0x080016c2                BNO055_Get_SysError
 .text.BNO055_SendReceive
                0x080016fe       0x4a ./Core/Sensors/BNO055.o
                0x080016fe                BNO055_SendReceive
 .text.BNO055_CommPorter_SendReceive
                0x08001748       0x36 ./Core/Sensors/BNO055_CommPorter.o
                0x08001748                BNO055_CommPorter_SendReceive
 *fill*         0x0800177e        0x2 
 .text.main     0x08001780       0x5c ./Core/Src/main.o
                0x08001780                main
 .text.SystemClock_Config
                0x080017dc       0xe4 ./Core/Src/main.o
                0x080017dc                SystemClock_Config
 .text.MX_I2C2_Init
                0x080018c0       0x88 ./Core/Src/main.o
 .text.MX_USART3_UART_Init
                0x08001948       0x60 ./Core/Src/main.o
 .text.MX_GPIO_Init
                0x080019a8      0x100 ./Core/Src/main.o
 .text.HAL_Delay
                0x08001aa8       0x16 ./Core/Src/main.o
                0x08001aa8                HAL_Delay
 *fill*         0x08001abe        0x2 
 .text.TaskMicroROS
                0x08001ac0       0x30 ./Core/Src/main.o
                0x08001ac0                TaskMicroROS
 .text.TaskSensors
                0x08001af0       0x50 ./Core/Src/main.o
                0x08001af0                TaskSensors
 .text.HAL_TIM_PeriodElapsedCallback
                0x08001b40       0x24 ./Core/Src/main.o
                0x08001b40                HAL_TIM_PeriodElapsedCallback
 .text.Error_Handler
                0x08001b64        0xc ./Core/Src/main.o
                0x08001b64                Error_Handler
 .text.HAL_MspInit
                0x08001b70       0x50 ./Core/Src/stm32f7xx_hal_msp.o
                0x08001b70                HAL_MspInit
 .text.HAL_I2C_MspInit
                0x08001bc0       0xbc ./Core/Src/stm32f7xx_hal_msp.o
                0x08001bc0                HAL_I2C_MspInit
 .text.HAL_UART_MspInit
                0x08001c7c       0xc0 ./Core/Src/stm32f7xx_hal_msp.o
                0x08001c7c                HAL_UART_MspInit
 .text.HAL_InitTick
                0x08001d3c       0xe0 ./Core/Src/stm32f7xx_hal_timebase_tim.o
                0x08001d3c                HAL_InitTick
 .text.NMI_Handler
                0x08001e1c        0x8 ./Core/Src/stm32f7xx_it.o
                0x08001e1c                NMI_Handler
 .text.HardFault_Handler
                0x08001e24        0x8 ./Core/Src/stm32f7xx_it.o
                0x08001e24                HardFault_Handler
 .text.MemManage_Handler
                0x08001e2c        0x8 ./Core/Src/stm32f7xx_it.o
                0x08001e2c                MemManage_Handler
 .text.BusFault_Handler
                0x08001e34        0x8 ./Core/Src/stm32f7xx_it.o
                0x08001e34                BusFault_Handler
 .text.UsageFault_Handler
                0x08001e3c        0x8 ./Core/Src/stm32f7xx_it.o
                0x08001e3c                UsageFault_Handler
 .text.DebugMon_Handler
                0x08001e44        0xe ./Core/Src/stm32f7xx_it.o
                0x08001e44                DebugMon_Handler
 *fill*         0x08001e52        0x2 
 .text.TIM1_UP_TIM10_IRQHandler
                0x08001e54       0x14 ./Core/Src/stm32f7xx_it.o
                0x08001e54                TIM1_UP_TIM10_IRQHandler
 .text.SystemInit
                0x08001e68       0x24 ./Core/Src/system_stm32f7xx.o
                0x08001e68                SystemInit
 .text.Reset_Handler
                0x08001e8c       0x50 ./Core/Startup/startup_stm32f767zitx.o
                0x08001e8c                Reset_Handler
 .text.Default_Handler
                0x08001edc        0x2 ./Core/Startup/startup_stm32f767zitx.o
                0x08001edc                RTC_Alarm_IRQHandler
                0x08001edc                EXTI2_IRQHandler
                0x08001edc                TIM8_CC_IRQHandler
                0x08001edc                UART8_IRQHandler
                0x08001edc                SPI4_IRQHandler
                0x08001edc                TIM1_CC_IRQHandler
                0x08001edc                DMA2_Stream5_IRQHandler
                0x08001edc                JPEG_IRQHandler
                0x08001edc                DMA1_Stream5_IRQHandler
                0x08001edc                CAN3_RX1_IRQHandler
                0x08001edc                PVD_IRQHandler
                0x08001edc                TAMP_STAMP_IRQHandler
                0x08001edc                CAN2_RX1_IRQHandler
                0x08001edc                EXTI3_IRQHandler
                0x08001edc                TIM8_TRG_COM_TIM14_IRQHandler
                0x08001edc                DFSDM1_FLT1_IRQHandler
                0x08001edc                TIM8_UP_TIM13_IRQHandler
                0x08001edc                I2C3_ER_IRQHandler
                0x08001edc                DFSDM1_FLT2_IRQHandler
                0x08001edc                EXTI0_IRQHandler
                0x08001edc                I2C2_EV_IRQHandler
                0x08001edc                DMA1_Stream2_IRQHandler
                0x08001edc                CAN1_RX0_IRQHandler
                0x08001edc                FPU_IRQHandler
                0x08001edc                OTG_HS_WKUP_IRQHandler
                0x08001edc                CAN3_SCE_IRQHandler
                0x08001edc                LTDC_ER_IRQHandler
                0x08001edc                CAN2_SCE_IRQHandler
                0x08001edc                DMA2_Stream2_IRQHandler
                0x08001edc                SPI1_IRQHandler
                0x08001edc                TIM6_DAC_IRQHandler
                0x08001edc                TIM1_BRK_TIM9_IRQHandler
                0x08001edc                DCMI_IRQHandler
                0x08001edc                CAN2_RX0_IRQHandler
                0x08001edc                DMA2_Stream3_IRQHandler
                0x08001edc                SAI2_IRQHandler
                0x08001edc                DFSDM1_FLT3_IRQHandler
                0x08001edc                USART6_IRQHandler
                0x08001edc                CAN3_RX0_IRQHandler
                0x08001edc                USART3_IRQHandler
                0x08001edc                CAN1_RX1_IRQHandler
                0x08001edc                UART5_IRQHandler
                0x08001edc                DMA2_Stream0_IRQHandler
                0x08001edc                TIM4_IRQHandler
                0x08001edc                QUADSPI_IRQHandler
                0x08001edc                I2C1_EV_IRQHandler
                0x08001edc                DMA1_Stream6_IRQHandler
                0x08001edc                DMA1_Stream1_IRQHandler
                0x08001edc                UART4_IRQHandler
                0x08001edc                TIM3_IRQHandler
                0x08001edc                RCC_IRQHandler
                0x08001edc                TIM8_BRK_TIM12_IRQHandler
                0x08001edc                Default_Handler
                0x08001edc                CEC_IRQHandler
                0x08001edc                EXTI15_10_IRQHandler
                0x08001edc                ADC_IRQHandler
                0x08001edc                DMA1_Stream7_IRQHandler
                0x08001edc                SPI5_IRQHandler
                0x08001edc                TIM7_IRQHandler
                0x08001edc                SDMMC1_IRQHandler
                0x08001edc                CAN2_TX_IRQHandler
                0x08001edc                TIM5_IRQHandler
                0x08001edc                DMA2_Stream7_IRQHandler
                0x08001edc                I2C3_EV_IRQHandler
                0x08001edc                EXTI9_5_IRQHandler
                0x08001edc                RTC_WKUP_IRQHandler
                0x08001edc                LTDC_IRQHandler
                0x08001edc                ETH_WKUP_IRQHandler
                0x08001edc                SPDIF_RX_IRQHandler
                0x08001edc                SPI2_IRQHandler
                0x08001edc                OTG_HS_EP1_IN_IRQHandler
                0x08001edc                DMA1_Stream0_IRQHandler
                0x08001edc                CAN1_TX_IRQHandler
                0x08001edc                EXTI4_IRQHandler
                0x08001edc                RNG_IRQHandler
                0x08001edc                ETH_IRQHandler
                0x08001edc                OTG_HS_EP1_OUT_IRQHandler
                0x08001edc                WWDG_IRQHandler
                0x08001edc                SPI6_IRQHandler
                0x08001edc                MDIOS_IRQHandler
                0x08001edc                I2C4_EV_IRQHandler
                0x08001edc                CAN3_TX_IRQHandler
                0x08001edc                TIM2_IRQHandler
                0x08001edc                OTG_FS_WKUP_IRQHandler
                0x08001edc                TIM1_TRG_COM_TIM11_IRQHandler
                0x08001edc                OTG_HS_IRQHandler
                0x08001edc                DMA2D_IRQHandler
                0x08001edc                EXTI1_IRQHandler
                0x08001edc                SDMMC2_IRQHandler
                0x08001edc                UART7_IRQHandler
                0x08001edc                USART2_IRQHandler
                0x08001edc                DFSDM1_FLT0_IRQHandler
                0x08001edc                I2C2_ER_IRQHandler
                0x08001edc                DMA2_Stream1_IRQHandler
                0x08001edc                CAN1_SCE_IRQHandler
                0x08001edc                FLASH_IRQHandler
                0x08001edc                DMA2_Stream4_IRQHandler
                0x08001edc                USART1_IRQHandler
                0x08001edc                OTG_FS_IRQHandler
                0x08001edc                SPI3_IRQHandler
                0x08001edc                DMA1_Stream4_IRQHandler
                0x08001edc                I2C1_ER_IRQHandler
                0x08001edc                FMC_IRQHandler
                0x08001edc                LPTIM1_IRQHandler
                0x08001edc                I2C4_ER_IRQHandler
                0x08001edc                DMA2_Stream6_IRQHandler
                0x08001edc                SAI1_IRQHandler
                0x08001edc                DMA1_Stream3_IRQHandler
 .text.HAL_Init
                0x08001ede       0x1a ./Drivers/STM32F7xx_HAL_Driver/Src/stm32f7xx_hal.o
                0x08001ede                HAL_Init
 .text.HAL_IncTick
                0x08001ef8       0x28 ./Drivers/STM32F7xx_HAL_Driver/Src/stm32f7xx_hal.o
                0x08001ef8                HAL_IncTick
 .text.HAL_GetTick
                0x08001f20       0x18 ./Drivers/STM32F7xx_HAL_Driver/Src/stm32f7xx_hal.o
                0x08001f20                HAL_GetTick
 .text.__NVIC_SetPriorityGrouping
                0x08001f38       0x48 ./Drivers/STM32F7xx_HAL_Driver/Src/stm32f7xx_hal_cortex.o
 .text.__NVIC_GetPriorityGrouping
                0x08001f80       0x1c ./Drivers/STM32F7xx_HAL_Driver/Src/stm32f7xx_hal_cortex.o
 .text.__NVIC_EnableIRQ
                0x08001f9c       0x3c ./Drivers/STM32F7xx_HAL_Driver/Src/stm32f7xx_hal_cortex.o
 .text.__NVIC_SetPriority
                0x08001fd8       0x54 ./Drivers/STM32F7xx_HAL_Driver/Src/stm32f7xx_hal_cortex.o
 .text.NVIC_EncodePriority
                0x0800202c       0x66 ./Drivers/STM32F7xx_HAL_Driver/Src/stm32f7xx_hal_cortex.o
 .text.HAL_NVIC_SetPriorityGrouping
                0x08002092       0x16 ./Drivers/STM32F7xx_HAL_Driver/Src/stm32f7xx_hal_cortex.o
                0x08002092                HAL_NVIC_SetPriorityGrouping
 .text.HAL_NVIC_SetPriority
                0x080020a8       0x38 ./Drivers/STM32F7xx_HAL_Driver/Src/stm32f7xx_hal_cortex.o
                0x080020a8                HAL_NVIC_SetPriority
 .text.HAL_NVIC_EnableIRQ
                0x080020e0       0x1c ./Drivers/STM32F7xx_HAL_Driver/Src/stm32f7xx_hal_cortex.o
                0x080020e0                HAL_NVIC_EnableIRQ
 .text.HAL_GPIO_Init
                0x080020fc      0x358 ./Drivers/STM32F7xx_HAL_Driver/Src/stm32f7xx_hal_gpio.o
                0x080020fc                HAL_GPIO_Init
 .text.HAL_GPIO_WritePin
                0x08002454       0x32 ./Drivers/STM32F7xx_HAL_Driver/Src/stm32f7xx_hal_gpio.o
                0x08002454                HAL_GPIO_WritePin
 .text.HAL_GPIO_TogglePin
                0x08002486       0x34 ./Drivers/STM32F7xx_HAL_Driver/Src/stm32f7xx_hal_gpio.o
                0x08002486                HAL_GPIO_TogglePin
 *fill*         0x080024ba        0x2 
 .text.HAL_I2C_Init
                0x080024bc      0x138 ./Drivers/STM32F7xx_HAL_Driver/Src/stm32f7xx_hal_i2c.o
                0x080024bc                HAL_I2C_Init
 .text.HAL_I2C_Master_Transmit
                0x080025f4      0x230 ./Drivers/STM32F7xx_HAL_Driver/Src/stm32f7xx_hal_i2c.o
                0x080025f4                HAL_I2C_Master_Transmit
 .text.HAL_I2C_Master_Receive
                0x08002824      0x1ec ./Drivers/STM32F7xx_HAL_Driver/Src/stm32f7xx_hal_i2c.o
                0x08002824                HAL_I2C_Master_Receive
 .text.I2C_Flush_TXDR
                0x08002a10       0x48 ./Drivers/STM32F7xx_HAL_Driver/Src/stm32f7xx_hal_i2c.o
 .text.I2C_WaitOnFlagUntilTimeout
                0x08002a58       0xb2 ./Drivers/STM32F7xx_HAL_Driver/Src/stm32f7xx_hal_i2c.o
 .text.I2C_WaitOnTXISFlagUntilTimeout
                0x08002b0a       0x8e ./Drivers/STM32F7xx_HAL_Driver/Src/stm32f7xx_hal_i2c.o
 .text.I2C_WaitOnSTOPFlagUntilTimeout
                0x08002b98       0x86 ./Drivers/STM32F7xx_HAL_Driver/Src/stm32f7xx_hal_i2c.o
 *fill*         0x08002c1e        0x2 
 .text.I2C_WaitOnRXNEFlagUntilTimeout
                0x08002c20      0x118 ./Drivers/STM32F7xx_HAL_Driver/Src/stm32f7xx_hal_i2c.o
 .text.I2C_IsErrorOccurred
                0x08002d38      0x1c0 ./Drivers/STM32F7xx_HAL_Driver/Src/stm32f7xx_hal_i2c.o
 .text.I2C_TransferConfig
                0x08002ef8       0x64 ./Drivers/STM32F7xx_HAL_Driver/Src/stm32f7xx_hal_i2c.o
 .text.HAL_I2CEx_ConfigAnalogFilter
                0x08002f5c       0x96 ./Drivers/STM32F7xx_HAL_Driver/Src/stm32f7xx_hal_i2c_ex.o
                0x08002f5c                HAL_I2CEx_ConfigAnalogFilter
 .text.HAL_I2CEx_ConfigDigitalFilter
                0x08002ff2       0x98 ./Drivers/STM32F7xx_HAL_Driver/Src/stm32f7xx_hal_i2c_ex.o
                0x08002ff2                HAL_I2CEx_ConfigDigitalFilter
 *fill*         0x0800308a        0x2 
 .text.HAL_PWR_EnableBkUpAccess
                0x0800308c       0x20 ./Drivers/STM32F7xx_HAL_Driver/Src/stm32f7xx_hal_pwr.o
                0x0800308c                HAL_PWR_EnableBkUpAccess
 .text.HAL_PWREx_EnableOverDrive
                0x080030ac       0xa0 ./Drivers/STM32F7xx_HAL_Driver/Src/stm32f7xx_hal_pwr_ex.o
                0x080030ac                HAL_PWREx_EnableOverDrive
 .text.HAL_RCC_OscConfig
                0x0800314c      0x55c ./Drivers/STM32F7xx_HAL_Driver/Src/stm32f7xx_hal_rcc.o
                0x0800314c                HAL_RCC_OscConfig
 .text.HAL_RCC_ClockConfig
                0x080036a8      0x1d8 ./Drivers/STM32F7xx_HAL_Driver/Src/stm32f7xx_hal_rcc.o
                0x080036a8                HAL_RCC_ClockConfig
 .text.HAL_RCC_GetSysClockFreq
                0x08003880      0x20c ./Drivers/STM32F7xx_HAL_Driver/Src/stm32f7xx_hal_rcc.o
                0x08003880                HAL_RCC_GetSysClockFreq
 .text.HAL_RCC_GetHCLKFreq
                0x08003a8c       0x18 ./Drivers/STM32F7xx_HAL_Driver/Src/stm32f7xx_hal_rcc.o
                0x08003a8c                HAL_RCC_GetHCLKFreq
 .text.HAL_RCC_GetPCLK1Freq
                0x08003aa4       0x28 ./Drivers/STM32F7xx_HAL_Driver/Src/stm32f7xx_hal_rcc.o
                0x08003aa4                HAL_RCC_GetPCLK1Freq
 .text.HAL_RCC_GetPCLK2Freq
                0x08003acc       0x28 ./Drivers/STM32F7xx_HAL_Driver/Src/stm32f7xx_hal_rcc.o
                0x08003acc                HAL_RCC_GetPCLK2Freq
 .text.HAL_RCC_GetClockConfig
                0x08003af4       0x64 ./Drivers/STM32F7xx_HAL_Driver/Src/stm32f7xx_hal_rcc.o
                0x08003af4                HAL_RCC_GetClockConfig
 .text.HAL_RCCEx_PeriphCLKConfig
                0x08003b58      0x850 ./Drivers/STM32F7xx_HAL_Driver/Src/stm32f7xx_hal_rcc_ex.o
                0x08003b58                HAL_RCCEx_PeriphCLKConfig
 .text.HAL_TIM_Base_Init
                0x080043a8       0xae ./Drivers/STM32F7xx_HAL_Driver/Src/stm32f7xx_hal_tim.o
                0x080043a8                HAL_TIM_Base_Init
 .text.HAL_TIM_Base_MspInit
                0x08004456       0x14 ./Drivers/STM32F7xx_HAL_Driver/Src/stm32f7xx_hal_tim.o
                0x08004456                HAL_TIM_Base_MspInit
 *fill*         0x0800446a        0x2 
 .text.HAL_TIM_Base_Start_IT
                0x0800446c       0xf0 ./Drivers/STM32F7xx_HAL_Driver/Src/stm32f7xx_hal_tim.o
                0x0800446c                HAL_TIM_Base_Start_IT
 .text.HAL_TIM_IRQHandler
                0x0800455c      0x20e ./Drivers/STM32F7xx_HAL_Driver/Src/stm32f7xx_hal_tim.o
                0x0800455c                HAL_TIM_IRQHandler
 .text.HAL_TIM_OC_DelayElapsedCallback
                0x0800476a       0x14 ./Drivers/STM32F7xx_HAL_Driver/Src/stm32f7xx_hal_tim.o
                0x0800476a                HAL_TIM_OC_DelayElapsedCallback
 .text.HAL_TIM_IC_CaptureCallback
                0x0800477e       0x14 ./Drivers/STM32F7xx_HAL_Driver/Src/stm32f7xx_hal_tim.o
                0x0800477e                HAL_TIM_IC_CaptureCallback
 .text.HAL_TIM_PWM_PulseFinishedCallback
                0x08004792       0x14 ./Drivers/STM32F7xx_HAL_Driver/Src/stm32f7xx_hal_tim.o
                0x08004792                HAL_TIM_PWM_PulseFinishedCallback
 .text.HAL_TIM_TriggerCallback
                0x080047a6       0x14 ./Drivers/STM32F7xx_HAL_Driver/Src/stm32f7xx_hal_tim.o
                0x080047a6                HAL_TIM_TriggerCallback
 *fill*         0x080047ba        0x2 
 .text.TIM_Base_SetConfig
                0x080047bc      0x14c ./Drivers/STM32F7xx_HAL_Driver/Src/stm32f7xx_hal_tim.o
                0x080047bc                TIM_Base_SetConfig
 .text.HAL_TIMEx_CommutCallback
                0x08004908       0x14 ./Drivers/STM32F7xx_HAL_Driver/Src/stm32f7xx_hal_tim_ex.o
                0x08004908                HAL_TIMEx_CommutCallback
 .text.HAL_TIMEx_BreakCallback
                0x0800491c       0x14 ./Drivers/STM32F7xx_HAL_Driver/Src/stm32f7xx_hal_tim_ex.o
                0x0800491c                HAL_TIMEx_BreakCallback
 .text.HAL_TIMEx_Break2Callback
                0x08004930       0x14 ./Drivers/STM32F7xx_HAL_Driver/Src/stm32f7xx_hal_tim_ex.o
                0x08004930                HAL_TIMEx_Break2Callback
 .text.HAL_UART_Init
                0x08004944       0x9c ./Drivers/STM32F7xx_HAL_Driver/Src/stm32f7xx_hal_uart.o
                0x08004944                HAL_UART_Init
 .text.UART_SetConfig
                0x080049e0      0x4c8 ./Drivers/STM32F7xx_HAL_Driver/Src/stm32f7xx_hal_uart.o
                0x080049e0                UART_SetConfig
 .text.UART_AdvFeatureConfig
                0x08004ea8      0x144 ./Drivers/STM32F7xx_HAL_Driver/Src/stm32f7xx_hal_uart.o
                0x08004ea8                UART_AdvFeatureConfig
 .text.UART_CheckIdleState
                0x08004fec      0x150 ./Drivers/STM32F7xx_HAL_Driver/Src/stm32f7xx_hal_uart.o
                0x08004fec                UART_CheckIdleState
 .text.UART_WaitOnFlagUntilTimeout
                0x0800513c       0xda ./Drivers/STM32F7xx_HAL_Driver/Src/stm32f7xx_hal_uart.o
                0x0800513c                UART_WaitOnFlagUntilTimeout
 .text.UART_EndRxTransfer
                0x08005216       0xc8 ./Drivers/STM32F7xx_HAL_Driver/Src/stm32f7xx_hal_uart.o
 .text.SVC_Setup
                0x080052de        0xe ./Middlewares/Third_Party/FreeRTOS/Source/CMSIS_RTOS_V2/cmsis_os2.o
 .text.osKernelInitialize
                0x080052ec       0x68 ./Middlewares/Third_Party/FreeRTOS/Source/CMSIS_RTOS_V2/cmsis_os2.o
                0x080052ec                osKernelInitialize
 .text.osKernelStart
                0x08005354       0x6c ./Middlewares/Third_Party/FreeRTOS/Source/CMSIS_RTOS_V2/cmsis_os2.o
                0x08005354                osKernelStart
 .text.osThreadNew
                0x080053c0      0x14c ./Middlewares/Third_Party/FreeRTOS/Source/CMSIS_RTOS_V2/cmsis_os2.o
                0x080053c0                osThreadNew
 .text.osDelay  0x0800550c       0x5c ./Middlewares/Third_Party/FreeRTOS/Source/CMSIS_RTOS_V2/cmsis_os2.o
                0x0800550c                osDelay
 .text.vApplicationGetIdleTaskMemory
                0x08005568       0x34 ./Middlewares/Third_Party/FreeRTOS/Source/CMSIS_RTOS_V2/cmsis_os2.o
                0x08005568                vApplicationGetIdleTaskMemory
 .text.vApplicationGetTimerTaskMemory
                0x0800559c       0x34 ./Middlewares/Third_Party/FreeRTOS/Source/CMSIS_RTOS_V2/cmsis_os2.o
                0x0800559c                vApplicationGetTimerTaskMemory
 .text.vListInitialise
                0x080055d0       0x40 ./Middlewares/Third_Party/FreeRTOS/Source/list.o
                0x080055d0                vListInitialise
 .text.vListInitialiseItem
                0x08005610       0x1a ./Middlewares/Third_Party/FreeRTOS/Source/list.o
                0x08005610                vListInitialiseItem
 .text.vListInsertEnd
                0x0800562a       0x48 ./Middlewares/Third_Party/FreeRTOS/Source/list.o
                0x0800562a                vListInsertEnd
 .text.vListInsert
                0x08005672       0x72 ./Middlewares/Third_Party/FreeRTOS/Source/list.o
                0x08005672                vListInsert
 .text.uxListRemove
                0x080056e4       0x54 ./Middlewares/Third_Party/FreeRTOS/Source/list.o
                0x080056e4                uxListRemove
 .text.xQueueGenericReset
                0x08005738       0xd8 ./Middlewares/Third_Party/FreeRTOS/Source/queue.o
                0x08005738                xQueueGenericReset
 .text.xQueueGenericCreateStatic
                0x08005810      0x10e ./Middlewares/Third_Party/FreeRTOS/Source/queue.o
                0x08005810                xQueueGenericCreateStatic
 .text.prvInitialiseNewQueue
                0x0800591e       0x46 ./Middlewares/Third_Party/FreeRTOS/Source/queue.o
 .text.xQueueGenericSend
                0x08005964      0x214 ./Middlewares/Third_Party/FreeRTOS/Source/queue.o
                0x08005964                xQueueGenericSend
 .text.xQueueGenericSendFromISR
                0x08005b78      0x146 ./Middlewares/Third_Party/FreeRTOS/Source/queue.o
                0x08005b78                xQueueGenericSendFromISR
 *fill*         0x08005cbe        0x2 
 .text.xQueueReceive
                0x08005cc0      0x1d0 ./Middlewares/Third_Party/FreeRTOS/Source/queue.o
                0x08005cc0                xQueueReceive
 .text.prvCopyDataToQueue
                0x08005e90       0xd4 ./Middlewares/Third_Party/FreeRTOS/Source/queue.o
 .text.prvCopyDataFromQueue
                0x08005f64       0x4c ./Middlewares/Third_Party/FreeRTOS/Source/queue.o
 .text.prvUnlockQueue
                0x08005fb0       0xa4 ./Middlewares/Third_Party/FreeRTOS/Source/queue.o
 .text.prvIsQueueEmpty
                0x08006054       0x2c ./Middlewares/Third_Party/FreeRTOS/Source/queue.o
 .text.prvIsQueueFull
                0x08006080       0x30 ./Middlewares/Third_Party/FreeRTOS/Source/queue.o
 .text.vQueueAddToRegistry
                0x080060b0       0x54 ./Middlewares/Third_Party/FreeRTOS/Source/queue.o
                0x080060b0                vQueueAddToRegistry
 .text.vQueueWaitForMessageRestricted
                0x08006104       0x68 ./Middlewares/Third_Party/FreeRTOS/Source/queue.o
                0x08006104                vQueueWaitForMessageRestricted
 .text.xTaskCreateStatic
                0x0800616c       0xcc ./Middlewares/Third_Party/FreeRTOS/Source/tasks.o
                0x0800616c                xTaskCreateStatic
 .text.xTaskCreate
                0x08006238       0x8a ./Middlewares/Third_Party/FreeRTOS/Source/tasks.o
                0x08006238                xTaskCreate
 .text.prvInitialiseNewTask
                0x080062c2      0x124 ./Middlewares/Third_Party/FreeRTOS/Source/tasks.o
 *fill*         0x080063e6        0x2 
 .text.prvAddNewTaskToReadyList
                0x080063e8       0xe0 ./Middlewares/Third_Party/FreeRTOS/Source/tasks.o
 .text.vTaskDelay
                0x080064c8       0x70 ./Middlewares/Third_Party/FreeRTOS/Source/tasks.o
                0x080064c8                vTaskDelay
 .text.vTaskStartScheduler
                0x08006538       0xd8 ./Middlewares/Third_Party/FreeRTOS/Source/tasks.o
                0x08006538                vTaskStartScheduler
 .text.vTaskSuspendAll
                0x08006610       0x1c ./Middlewares/Third_Party/FreeRTOS/Source/tasks.o
                0x08006610                vTaskSuspendAll
 .text.xTaskResumeAll
                0x0800662c      0x140 ./Middlewares/Third_Party/FreeRTOS/Source/tasks.o
                0x0800662c                xTaskResumeAll
 .text.xTaskGetTickCount
                0x0800676c       0x20 ./Middlewares/Third_Party/FreeRTOS/Source/tasks.o
                0x0800676c                xTaskGetTickCount
 .text.xTaskIncrementTick
                0x0800678c      0x178 ./Middlewares/Third_Party/FreeRTOS/Source/tasks.o
                0x0800678c                xTaskIncrementTick
 .text.vTaskSwitchContext
                0x08006904       0xc0 ./Middlewares/Third_Party/FreeRTOS/Source/tasks.o
                0x08006904                vTaskSwitchContext
 .text.vTaskPlaceOnEventList
                0x080069c4       0x50 ./Middlewares/Third_Party/FreeRTOS/Source/tasks.o
                0x080069c4                vTaskPlaceOnEventList
 .text.vTaskPlaceOnEventListRestricted
                0x08006a14       0x5c ./Middlewares/Third_Party/FreeRTOS/Source/tasks.o
                0x08006a14                vTaskPlaceOnEventListRestricted
 .text.xTaskRemoveFromEventList
                0x08006a70       0xcc ./Middlewares/Third_Party/FreeRTOS/Source/tasks.o
                0x08006a70                xTaskRemoveFromEventList
 .text.vTaskInternalSetTimeOutState
                0x08006b3c       0x2c ./Middlewares/Third_Party/FreeRTOS/Source/tasks.o
                0x08006b3c                vTaskInternalSetTimeOutState
 .text.xTaskCheckForTimeOut
                0x08006b68       0xd0 ./Middlewares/Third_Party/FreeRTOS/Source/tasks.o
                0x08006b68                xTaskCheckForTimeOut
 .text.vTaskMissedYield
                0x08006c38       0x18 ./Middlewares/Third_Party/FreeRTOS/Source/tasks.o
                0x08006c38                vTaskMissedYield
 .text.prvIdleTask
                0x08006c50       0x30 ./Middlewares/Third_Party/FreeRTOS/Source/tasks.o
 .text.prvInitialiseTaskLists
                0x08006c80       0x80 ./Middlewares/Third_Party/FreeRTOS/Source/tasks.o
 .text.prvCheckTasksWaitingTermination
                0x08006d00       0x5c ./Middlewares/Third_Party/FreeRTOS/Source/tasks.o
 .text.prvDeleteTCB
                0x08006d5c       0x64 ./Middlewares/Third_Party/FreeRTOS/Source/tasks.o
 .text.prvResetNextTaskUnblockTime
                0x08006dc0       0x40 ./Middlewares/Third_Party/FreeRTOS/Source/tasks.o
 .text.xTaskGetSchedulerState
                0x08006e00       0x3c ./Middlewares/Third_Party/FreeRTOS/Source/tasks.o
                0x08006e00                xTaskGetSchedulerState
 .text.xTaskPriorityDisinherit
                0x08006e3c       0xe8 ./Middlewares/Third_Party/FreeRTOS/Source/tasks.o
                0x08006e3c                xTaskPriorityDisinherit
 .text.prvAddCurrentTaskToDelayedList
                0x08006f24       0xa8 ./Middlewares/Third_Party/FreeRTOS/Source/tasks.o
 .text.xTimerCreateTimerTask
                0x08006fcc       0x98 ./Middlewares/Third_Party/FreeRTOS/Source/timers.o
                0x08006fcc                xTimerCreateTimerTask
 .text.xTimerGenericCommand
                0x08007064       0xa0 ./Middlewares/Third_Party/FreeRTOS/Source/timers.o
                0x08007064                xTimerGenericCommand
 .text.prvProcessExpiredTimer
                0x08007104       0xa0 ./Middlewares/Third_Party/FreeRTOS/Source/timers.o
 .text.prvTimerTask
                0x080071a4       0x26 ./Middlewares/Third_Party/FreeRTOS/Source/timers.o
 *fill*         0x080071ca        0x2 
 .text.prvProcessTimerOrBlockTask
                0x080071cc       0x9c ./Middlewares/Third_Party/FreeRTOS/Source/timers.o
 .text.prvGetNextExpireTime
                0x08007268       0x48 ./Middlewares/Third_Party/FreeRTOS/Source/timers.o
 .text.prvSampleTimeNow
                0x080072b0       0x40 ./Middlewares/Third_Party/FreeRTOS/Source/timers.o
 .text.prvInsertTimerInActiveList
                0x080072f0       0x84 ./Middlewares/Third_Party/FreeRTOS/Source/timers.o
 .text.prvProcessReceivedCommands
                0x08007374      0x1d8 ./Middlewares/Third_Party/FreeRTOS/Source/timers.o
 .text.prvSwitchTimerLists
                0x0800754c       0xd0 ./Middlewares/Third_Party/FreeRTOS/Source/timers.o
 .text.prvCheckForValidListAndQueue
                0x0800761c       0x80 ./Middlewares/Third_Party/FreeRTOS/Source/timers.o
 .text.pxPortInitialiseStack
                0x0800769c       0x68 ./Middlewares/Third_Party/FreeRTOS/Source/portable/GCC/ARM_CM7/r0p1/port.o
                0x0800769c                pxPortInitialiseStack
 .text.prvTaskExitError
                0x08007704       0x64 ./Middlewares/Third_Party/FreeRTOS/Source/portable/GCC/ARM_CM7/r0p1/port.o
 *fill*         0x08007768        0x8 
 .text.SVC_Handler
                0x08007770       0x28 ./Middlewares/Third_Party/FreeRTOS/Source/portable/GCC/ARM_CM7/r0p1/port.o
                0x08007770                SVC_Handler
 .text.prvPortStartFirstTask
                0x08007798       0x28 ./Middlewares/Third_Party/FreeRTOS/Source/portable/GCC/ARM_CM7/r0p1/port.o
 .text.xPortStartScheduler
                0x080077c0       0xfc ./Middlewares/Third_Party/FreeRTOS/Source/portable/GCC/ARM_CM7/r0p1/port.o
                0x080077c0                xPortStartScheduler
 .text.vPortEnterCritical
                0x080078bc       0x6c ./Middlewares/Third_Party/FreeRTOS/Source/portable/GCC/ARM_CM7/r0p1/port.o
                0x080078bc                vPortEnterCritical
 .text.vPortExitCritical
                0x08007928       0x58 ./Middlewares/Third_Party/FreeRTOS/Source/portable/GCC/ARM_CM7/r0p1/port.o
                0x08007928                vPortExitCritical
 .text.PendSV_Handler
                0x08007980       0x68 ./Middlewares/Third_Party/FreeRTOS/Source/portable/GCC/ARM_CM7/r0p1/port.o
                0x08007980                PendSV_Handler
 .text.SysTick_Handler
                0x080079e8       0x48 ./Middlewares/Third_Party/FreeRTOS/Source/portable/GCC/ARM_CM7/r0p1/port.o
                0x080079e8                SysTick_Handler
 .text.vPortSetupTimerInterrupt
                0x08007a30       0x48 ./Middlewares/Third_Party/FreeRTOS/Source/portable/GCC/ARM_CM7/r0p1/port.o
                0x08007a30                vPortSetupTimerInterrupt
 .text.vPortEnableVFP
                0x08007a78       0x14 ./Middlewares/Third_Party/FreeRTOS/Source/portable/GCC/ARM_CM7/r0p1/port.o
 .text.vPortValidateInterruptPriority
                0x08007a8c       0x8c ./Middlewares/Third_Party/FreeRTOS/Source/portable/GCC/ARM_CM7/r0p1/port.o
                0x08007a8c                vPortValidateInterruptPriority
 .text.pvPortMalloc
                0x08007b18      0x19c ./Middlewares/Third_Party/FreeRTOS/Source/portable/MemMang/heap_4.o
                0x08007b18                pvPortMalloc
 .text.vPortFree
                0x08007cb4       0xc0 ./Middlewares/Third_Party/FreeRTOS/Source/portable/MemMang/heap_4.o
                0x08007cb4                vPortFree
 .text.prvHeapInit
                0x08007d74       0xc4 ./Middlewares/Third_Party/FreeRTOS/Source/portable/MemMang/heap_4.o
 .text.prvInsertBlockIntoFreeList
                0x08007e38       0xb4 ./Middlewares/Third_Party/FreeRTOS/Source/portable/MemMang/heap_4.o
 .text.memset   0x08007eec       0x10 /opt/st/stm32cubeide_1.19.0/plugins/com.st.stm32cube.ide.mcu.externaltools.gnu-tools-for-stm32.13.3.rel1.linux64_1.0.0.202410170706/tools/bin/../lib/gcc/arm-none-eabi/13.3.1/../../../../arm-none-eabi/lib/thumb/v7e-m+dp/hard/libc_nano.a(libc_a-memset.o)
                0x08007eec                memset
 .text.__libc_init_array
                0x08007efc       0x48 /opt/st/stm32cubeide_1.19.0/plugins/com.st.stm32cube.ide.mcu.externaltools.gnu-tools-for-stm32.13.3.rel1.linux64_1.0.0.202410170706/tools/bin/../lib/gcc/arm-none-eabi/13.3.1/../../../../arm-none-eabi/lib/thumb/v7e-m+dp/hard/libc_nano.a(libc_a-init.o)
                0x08007efc                __libc_init_array
 .text.memcpy   0x08007f44       0x1c /opt/st/stm32cubeide_1.19.0/plugins/com.st.stm32cube.ide.mcu.externaltools.gnu-tools-for-stm32.13.3.rel1.linux64_1.0.0.202410170706/tools/bin/../lib/gcc/arm-none-eabi/13.3.1/../../../../arm-none-eabi/lib/thumb/v7e-m+dp/hard/libc_nano.a(libc_a-memcpy-stub.o)
                0x08007f44                memcpy
 *(.glue_7)
 .glue_7        0x08007f60        0x0 linker stubs
 *(.glue_7t)
 .glue_7t       0x08007f60        0x0 linker stubs
 *(.eh_frame)
 .eh_frame      0x08007f60        0x0 /opt/st/stm32cubeide_1.19.0/plugins/com.st.stm32cube.ide.mcu.externaltools.gnu-tools-for-stm32.13.3.rel1.linux64_1.0.0.202410170706/tools/bin/../lib/gcc/arm-none-eabi/13.3.1/thumb/v7e-m+dp/hard/crtbegin.o
 *(.init)
 .init          0x08007f60        0x4 /opt/st/stm32cubeide_1.19.0/plugins/com.st.stm32cube.ide.mcu.externaltools.gnu-tools-for-stm32.13.3.rel1.linux64_1.0.0.202410170706/tools/bin/../lib/gcc/arm-none-eabi/13.3.1/thumb/v7e-m+dp/hard/crti.o
                0x08007f60                _init
 .init          0x08007f64        0x8 /opt/st/stm32cubeide_1.19.0/plugins/com.st.stm32cube.ide.mcu.externaltools.gnu-tools-for-stm32.13.3.rel1.linux64_1.0.0.202410170706/tools/bin/../lib/gcc/arm-none-eabi/13.3.1/thumb/v7e-m+dp/hard/crtn.o
 *(.fini)
 .fini          0x08007f6c        0x4 /opt/st/stm32cubeide_1.19.0/plugins/com.st.stm32cube.ide.mcu.externaltools.gnu-tools-for-stm32.13.3.rel1.linux64_1.0.0.202410170706/tools/bin/../lib/gcc/arm-none-eabi/13.3.1/thumb/v7e-m+dp/hard/crti.o
                0x08007f6c                _fini
 .fini          0x08007f70        0x8 /opt/st/stm32cubeide_1.19.0/plugins/com.st.stm32cube.ide.mcu.externaltools.gnu-tools-for-stm32.13.3.rel1.linux64_1.0.0.202410170706/tools/bin/../lib/gcc/arm-none-eabi/13.3.1/thumb/v7e-m+dp/hard/crtn.o
                0x08007f78                        . = ALIGN (0x4)
                0x08007f78                        _etext = .

.vfp11_veneer   0x08007f78        0x0
 .vfp11_veneer  0x08007f78        0x0 linker stubs

.v4_bx          0x08007f78        0x0
 .v4_bx         0x08007f78        0x0 linker stubs

.iplt           0x08007f78        0x0
 .iplt          0x08007f78        0x0 /opt/st/stm32cubeide_1.19.0/plugins/com.st.stm32cube.ide.mcu.externaltools.gnu-tools-for-stm32.13.3.rel1.linux64_1.0.0.202410170706/tools/bin/../lib/gcc/arm-none-eabi/13.3.1/thumb/v7e-m+dp/hard/crtbegin.o

.rodata         0x08007f78       0x98
                0x08007f78                        . = ALIGN (0x4)
 *(.rodata)
 .rodata        0x08007f78       0x1f ./Core/Src/main.o
 *fill*         0x08007f97        0x1 
 .rodata        0x08007f98        0x5 ./Middlewares/Third_Party/FreeRTOS/Source/tasks.o
 *fill*         0x08007f9d        0x3 
 .rodata        0x08007fa0        0xd ./Middlewares/Third_Party/FreeRTOS/Source/timers.o
 *(.rodata*)
 *fill*         0x08007fad        0x3 
 .rodata.Thread_MicroROS_attributes
                0x08007fb0       0x24 ./Core/Src/main.o
                0x08007fb0                Thread_MicroROS_attributes
 .rodata.Thread_Sensors_attributes
                0x08007fd4       0x24 ./Core/Src/main.o
                0x08007fd4                Thread_Sensors_attributes
 .rodata.AHBPrescTable
                0x08007ff8       0x10 ./Core/Src/system_stm32f7xx.o
                0x08007ff8                AHBPrescTable
 .rodata.APBPrescTable
                0x08008008        0x8 ./Core/Src/system_stm32f7xx.o
                0x08008008                APBPrescTable
                0x08008010                        . = ALIGN (0x4)

.ARM.extab      0x08008010        0x0
                0x08008010                        . = ALIGN (0x4)
 *(.ARM.extab* .gnu.linkonce.armextab.*)
                0x08008010                        . = ALIGN (0x4)

.ARM            0x08008010        0x8
                0x08008010                        . = ALIGN (0x4)
                0x08008010                        __exidx_start = .
 *(.ARM.exidx*)
 .ARM.exidx     0x08008010        0x8 /opt/st/stm32cubeide_1.19.0/plugins/com.st.stm32cube.ide.mcu.externaltools.gnu-tools-for-stm32.13.3.rel1.linux64_1.0.0.202410170706/tools/bin/../lib/gcc/arm-none-eabi/13.3.1/thumb/v7e-m+dp/hard/libgcc.a(_udivmoddi4.o)
                0x08008018                        __exidx_end = .
                0x08008018                        . = ALIGN (0x4)

.preinit_array  0x08008018        0x0
                0x08008018                        . = ALIGN (0x4)
                0x08008018                        PROVIDE (__preinit_array_start = .)
 *(.preinit_array*)
                0x08008018                        PROVIDE (__preinit_array_end = .)
                0x08008018                        . = ALIGN (0x4)

.init_array     0x08008018        0x4
                0x08008018                        . = ALIGN (0x4)
                0x08008018                        PROVIDE (__init_array_start = .)
 *(SORT_BY_NAME(.init_array.*))
 *(.init_array*)
 .init_array    0x08008018        0x4 /opt/st/stm32cubeide_1.19.0/plugins/com.st.stm32cube.ide.mcu.externaltools.gnu-tools-for-stm32.13.3.rel1.linux64_1.0.0.202410170706/tools/bin/../lib/gcc/arm-none-eabi/13.3.1/thumb/v7e-m+dp/hard/crtbegin.o
                0x0800801c                        PROVIDE (__init_array_end = .)
                0x0800801c                        . = ALIGN (0x4)

.fini_array     0x0800801c        0x4
                0x0800801c                        . = ALIGN (0x4)
                [!provide]                        PROVIDE (__fini_array_start = .)
 *(SORT_BY_NAME(.fini_array.*))
 *(.fini_array*)
 .fini_array    0x0800801c        0x4 /opt/st/stm32cubeide_1.19.0/plugins/com.st.stm32cube.ide.mcu.externaltools.gnu-tools-for-stm32.13.3.rel1.linux64_1.0.0.202410170706/tools/bin/../lib/gcc/arm-none-eabi/13.3.1/thumb/v7e-m+dp/hard/crtbegin.o
                [!provide]                        PROVIDE (__fini_array_end = .)
                0x08008020                        . = ALIGN (0x4)
                0x08008020                        _sidata = LOADADDR (.data)

.rel.dyn        0x08008020        0x0
 .rel.iplt      0x08008020        0x0 /opt/st/stm32cubeide_1.19.0/plugins/com.st.stm32cube.ide.mcu.externaltools.gnu-tools-for-stm32.13.3.rel1.linux64_1.0.0.202410170706/tools/bin/../lib/gcc/arm-none-eabi/13.3.1/thumb/v7e-m+dp/hard/crtbegin.o

.data           0x20000000       0x10 load address 0x08008020
                0x20000000                        . = ALIGN (0x4)
                0x20000000                        _sdata = .
 *(.data)
 *(.data*)
 .data.SystemCoreClock
                0x20000000        0x4 ./Core/Src/system_stm32f7xx.o
                0x20000000                SystemCoreClock
 .data.uwTickPrio
                0x20000004        0x4 ./Drivers/STM32F7xx_HAL_Driver/Src/stm32f7xx_hal.o
                0x20000004                uwTickPrio
 .data.uwTickFreq
                0x20000008        0x1 ./Drivers/STM32F7xx_HAL_Driver/Src/stm32f7xx_hal.o
                0x20000008                uwTickFreq
 *fill*         0x20000009        0x3 
 .data.uxCriticalNesting
                0x2000000c        0x4 ./Middlewares/Third_Party/FreeRTOS/Source/portable/GCC/ARM_CM7/r0p1/port.o
 *(.RamFunc)
 *(.RamFunc*)
                0x20000010                        . = ALIGN (0x4)
                0x20000010                        _edata = .

.igot.plt       0x20000010        0x0 load address 0x08008030
 .igot.plt      0x20000010        0x0 /opt/st/stm32cubeide_1.19.0/plugins/com.st.stm32cube.ide.mcu.externaltools.gnu-tools-for-stm32.13.3.rel1.linux64_1.0.0.202410170706/tools/bin/../lib/gcc/arm-none-eabi/13.3.1/thumb/v7e-m+dp/hard/crtbegin.o
                0x20000010                        . = ALIGN (0x4)

.bss            0x20000010     0x4cfc load address 0x08008030
                0x20000010                        _sbss = .
                0x20000010                        __bss_start__ = _sbss
 *(.bss)
 .bss           0x20000010       0x1c /opt/st/stm32cubeide_1.19.0/plugins/com.st.stm32cube.ide.mcu.externaltools.gnu-tools-for-stm32.13.3.rel1.linux64_1.0.0.202410170706/tools/bin/../lib/gcc/arm-none-eabi/13.3.1/thumb/v7e-m+dp/hard/crtbegin.o
 *(.bss*)
 .bss.AVG_IMU_ACC_X
                0x2000002c       0x1a ./Core/Math/Filters.o
                0x2000002c                AVG_IMU_ACC_X
 *fill*         0x20000046        0x2 
 .bss.AVG_IMU_ACC_Y
                0x20000048       0x1a ./Core/Math/Filters.o
                0x20000048                AVG_IMU_ACC_Y
 *fill*         0x20000062        0x2 
 .bss.AVG_IMU_ACC_Z
                0x20000064       0x1a ./Core/Math/Filters.o
                0x20000064                AVG_IMU_ACC_Z
 *fill*         0x2000007e        0x2 
 .bss.AVG_IMU_GYR_X
                0x20000080       0x1a ./Core/Math/Filters.o
                0x20000080                AVG_IMU_GYR_X
 *fill*         0x2000009a        0x2 
 .bss.AVG_IMU_GYR_Y
                0x2000009c       0x1a ./Core/Math/Filters.o
                0x2000009c                AVG_IMU_GYR_Y
 *fill*         0x200000b6        0x2 
 .bss.AVG_IMU_GYR_Z
                0x200000b8       0x1a ./Core/Math/Filters.o
                0x200000b8                AVG_IMU_GYR_Z
 *fill*         0x200000d2        0x2 
 .bss.AVG_IMU_MAG_X
                0x200000d4       0x1a ./Core/Math/Filters.o
                0x200000d4                AVG_IMU_MAG_X
 *fill*         0x200000ee        0x2 
 .bss.AVG_IMU_MAG_Y
                0x200000f0       0x1a ./Core/Math/Filters.o
                0x200000f0                AVG_IMU_MAG_Y
 *fill*         0x2000010a        0x2 
 .bss.AVG_IMU_MAG_Z
                0x2000010c       0x1a ./Core/Math/Filters.o
                0x2000010c                AVG_IMU_MAG_Z
 *fill*         0x20000126        0x2 
 .bss.MED_IMU_ACC_X
                0x20000128       0x14 ./Core/Math/Filters.o
                0x20000128                MED_IMU_ACC_X
 .bss.MED_IMU_ACC_Y
                0x2000013c       0x14 ./Core/Math/Filters.o
                0x2000013c                MED_IMU_ACC_Y
 .bss.MED_IMU_ACC_Z
                0x20000150       0x14 ./Core/Math/Filters.o
                0x20000150                MED_IMU_ACC_Z
 .bss.MED_IMU_GYR_X
                0x20000164       0x14 ./Core/Math/Filters.o
                0x20000164                MED_IMU_GYR_X
 .bss.MED_IMU_GYR_Y
                0x20000178       0x14 ./Core/Math/Filters.o
                0x20000178                MED_IMU_GYR_Y
 .bss.MED_IMU_GYR_Z
                0x2000018c       0x14 ./Core/Math/Filters.o
                0x2000018c                MED_IMU_GYR_Z
 .bss.MED_IMU_MAG_X
                0x200001a0       0x14 ./Core/Math/Filters.o
                0x200001a0                MED_IMU_MAG_X
 .bss.MED_IMU_MAG_Y
                0x200001b4       0x14 ./Core/Math/Filters.o
                0x200001b4                MED_IMU_MAG_Y
 .bss.MED_IMU_MAG_Z
                0x200001c8       0x14 ./Core/Math/Filters.o
                0x200001c8                MED_IMU_MAG_Z
 .bss.I2C_1     0x200001dc        0x8 ./Core/PeripheralPorts/I2C.o
                0x200001dc                I2C_1
 .bss.I2C_2     0x200001e4        0x8 ./Core/PeripheralPorts/I2C.o
                0x200001e4                I2C_2
 .bss.I2C_3     0x200001ec        0x8 ./Core/PeripheralPorts/I2C.o
                0x200001ec                I2C_3
 .bss.IMU_1     0x200001f4       0x54 ./Core/Scaler/IMU.o
                0x200001f4                IMU_1
 .bss.BNO055_Sensor_1
                0x20000248       0x48 ./Core/Sensors/BNO055.o
                0x20000248                BNO055_Sensor_1
 .bss.hi2c2     0x20000290       0x54 ./Core/Src/main.o
                0x20000290                hi2c2
 .bss.huart3    0x200002e4       0x88 ./Core/Src/main.o
                0x200002e4                huart3
 .bss.Thread_MicroROSHandle
                0x2000036c        0x4 ./Core/Src/main.o
                0x2000036c                Thread_MicroROSHandle
 .bss.Thread_SensorsHandle
                0x20000370        0x4 ./Core/Src/main.o
                0x20000370                Thread_SensorsHandle
 .bss.htim1     0x20000374       0x4c ./Core/Src/stm32f7xx_hal_timebase_tim.o
                0x20000374                htim1
 .bss.uwTick    0x200003c0        0x4 ./Drivers/STM32F7xx_HAL_Driver/Src/stm32f7xx_hal.o
                0x200003c0                uwTick
 .bss.KernelState
                0x200003c4        0x4 ./Middlewares/Third_Party/FreeRTOS/Source/CMSIS_RTOS_V2/cmsis_os2.o
 .bss.Idle_TCB  0x200003c8       0x5c ./Middlewares/Third_Party/FreeRTOS/Source/CMSIS_RTOS_V2/cmsis_os2.o
 .bss.Idle_Stack
                0x20000424      0x200 ./Middlewares/Third_Party/FreeRTOS/Source/CMSIS_RTOS_V2/cmsis_os2.o
 .bss.Timer_TCB
                0x20000624       0x5c ./Middlewares/Third_Party/FreeRTOS/Source/CMSIS_RTOS_V2/cmsis_os2.o
 .bss.Timer_Stack
                0x20000680      0x400 ./Middlewares/Third_Party/FreeRTOS/Source/CMSIS_RTOS_V2/cmsis_os2.o
 .bss.xQueueRegistry
                0x20000a80       0x40 ./Middlewares/Third_Party/FreeRTOS/Source/queue.o
                0x20000a80                xQueueRegistry
 .bss.pxCurrentTCB
                0x20000ac0        0x4 ./Middlewares/Third_Party/FreeRTOS/Source/tasks.o
                0x20000ac0                pxCurrentTCB
 .bss.pxReadyTasksLists
                0x20000ac4      0x460 ./Middlewares/Third_Party/FreeRTOS/Source/tasks.o
 .bss.xDelayedTaskList1
                0x20000f24       0x14 ./Middlewares/Third_Party/FreeRTOS/Source/tasks.o
 .bss.xDelayedTaskList2
                0x20000f38       0x14 ./Middlewares/Third_Party/FreeRTOS/Source/tasks.o
 .bss.pxDelayedTaskList
                0x20000f4c        0x4 ./Middlewares/Third_Party/FreeRTOS/Source/tasks.o
 .bss.pxOverflowDelayedTaskList
                0x20000f50        0x4 ./Middlewares/Third_Party/FreeRTOS/Source/tasks.o
 .bss.xPendingReadyList
                0x20000f54       0x14 ./Middlewares/Third_Party/FreeRTOS/Source/tasks.o
 .bss.xTasksWaitingTermination
                0x20000f68       0x14 ./Middlewares/Third_Party/FreeRTOS/Source/tasks.o
 .bss.uxDeletedTasksWaitingCleanUp
                0x20000f7c        0x4 ./Middlewares/Third_Party/FreeRTOS/Source/tasks.o
 .bss.xSuspendedTaskList
                0x20000f80       0x14 ./Middlewares/Third_Party/FreeRTOS/Source/tasks.o
 .bss.uxCurrentNumberOfTasks
                0x20000f94        0x4 ./Middlewares/Third_Party/FreeRTOS/Source/tasks.o
 .bss.xTickCount
                0x20000f98        0x4 ./Middlewares/Third_Party/FreeRTOS/Source/tasks.o
 .bss.uxTopReadyPriority
                0x20000f9c        0x4 ./Middlewares/Third_Party/FreeRTOS/Source/tasks.o
 .bss.xSchedulerRunning
                0x20000fa0        0x4 ./Middlewares/Third_Party/FreeRTOS/Source/tasks.o
 .bss.uxPendedTicks
                0x20000fa4        0x4 ./Middlewares/Third_Party/FreeRTOS/Source/tasks.o
 .bss.xYieldPending
                0x20000fa8        0x4 ./Middlewares/Third_Party/FreeRTOS/Source/tasks.o
 .bss.xNumOfOverflows
                0x20000fac        0x4 ./Middlewares/Third_Party/FreeRTOS/Source/tasks.o
 .bss.uxTaskNumber
                0x20000fb0        0x4 ./Middlewares/Third_Party/FreeRTOS/Source/tasks.o
 .bss.xNextTaskUnblockTime
                0x20000fb4        0x4 ./Middlewares/Third_Party/FreeRTOS/Source/tasks.o
 .bss.xIdleTaskHandle
                0x20000fb8        0x4 ./Middlewares/Third_Party/FreeRTOS/Source/tasks.o
 .bss.uxSchedulerSuspended
                0x20000fbc        0x4 ./Middlewares/Third_Party/FreeRTOS/Source/tasks.o
 .bss.xActiveTimerList1
                0x20000fc0       0x14 ./Middlewares/Third_Party/FreeRTOS/Source/timers.o
 .bss.xActiveTimerList2
                0x20000fd4       0x14 ./Middlewares/Third_Party/FreeRTOS/Source/timers.o
 .bss.pxCurrentTimerList
                0x20000fe8        0x4 ./Middlewares/Third_Party/FreeRTOS/Source/timers.o
 .bss.pxOverflowTimerList
                0x20000fec        0x4 ./Middlewares/Third_Party/FreeRTOS/Source/timers.o
 .bss.xTimerQueue
                0x20000ff0        0x4 ./Middlewares/Third_Party/FreeRTOS/Source/timers.o
 .bss.xTimerTaskHandle
                0x20000ff4        0x4 ./Middlewares/Third_Party/FreeRTOS/Source/timers.o
 .bss.xLastTime.2
                0x20000ff8        0x4 ./Middlewares/Third_Party/FreeRTOS/Source/timers.o
 .bss.ucStaticTimerQueueStorage.1
                0x20000ffc       0xa0 ./Middlewares/Third_Party/FreeRTOS/Source/timers.o
 .bss.xStaticTimerQueue.0
                0x2000109c       0x50 ./Middlewares/Third_Party/FreeRTOS/Source/timers.o
 .bss.ucMaxSysCallPriority
                0x200010ec        0x1 ./Middlewares/Third_Party/FreeRTOS/Source/portable/GCC/ARM_CM7/r0p1/port.o
 *fill*         0x200010ed        0x3 
 .bss.ulMaxPRIGROUPValue
                0x200010f0        0x4 ./Middlewares/Third_Party/FreeRTOS/Source/portable/GCC/ARM_CM7/r0p1/port.o
 .bss.ucHeap    0x200010f4     0x3c00 ./Middlewares/Third_Party/FreeRTOS/Source/portable/MemMang/heap_4.o
 .bss.xStart    0x20004cf4        0x8 ./Middlewares/Third_Party/FreeRTOS/Source/portable/MemMang/heap_4.o
 .bss.pxEnd     0x20004cfc        0x4 ./Middlewares/Third_Party/FreeRTOS/Source/portable/MemMang/heap_4.o
 .bss.xFreeBytesRemaining
                0x20004d00        0x4 ./Middlewares/Third_Party/FreeRTOS/Source/portable/MemMang/heap_4.o
 .bss.xMinimumEverFreeBytesRemaining
                0x20004d04        0x4 ./Middlewares/Third_Party/FreeRTOS/Source/portable/MemMang/heap_4.o
 .bss.xBlockAllocatedBit
                0x20004d08        0x4 ./Middlewares/Third_Party/FreeRTOS/Source/portable/MemMang/heap_4.o
 *(COMMON)
                0x20004d0c                        . = ALIGN (0x4)
                0x20004d0c                        _ebss = .
                0x20004d0c                        __bss_end__ = _ebss

._user_heap_stack
                0x20004d0c      0x604 load address 0x08008030
                0x20004d10                        . = ALIGN (0x8)
 *fill*         0x20004d0c        0x4 
                [!provide]                        PROVIDE (end = .)
                0x20004d10                        PROVIDE (_end = .)
                0x20004f10                        . = (. + _Min_Heap_Size)
 *fill*         0x20004d10      0x200 
                0x20005310                        . = (. + _Min_Stack_Size)
 *fill*         0x20004f10      0x400 
                0x20005310                        . = ALIGN (0x8)

/DISCARD/
 libc.a(*)
 libm.a(*)
 libgcc.a(*)

.ARM.attributes
                0x00000000       0x2e
 *(.ARM.attributes)
 .ARM.attributes
                0x00000000       0x20 /opt/st/stm32cubeide_1.19.0/plugins/com.st.stm32cube.ide.mcu.externaltools.gnu-tools-for-stm32.13.3.rel1.linux64_1.0.0.202410170706/tools/bin/../lib/gcc/arm-none-eabi/13.3.1/thumb/v7e-m+dp/hard/crti.o
 .ARM.attributes
                0x00000020       0x32 /opt/st/stm32cubeide_1.19.0/plugins/com.st.stm32cube.ide.mcu.externaltools.gnu-tools-for-stm32.13.3.rel1.linux64_1.0.0.202410170706/tools/bin/../lib/gcc/arm-none-eabi/13.3.1/thumb/v7e-m+dp/hard/crtbegin.o
 .ARM.attributes
                0x00000052       0x32 ./Core/Math/Filters.o
 .ARM.attributes
                0x00000084       0x32 ./Core/PeripheralPorts/I2C.o
 .ARM.attributes
                0x000000b6       0x32 ./Core/Scaler/IMU.o
 .ARM.attributes
                0x000000e8       0x32 ./Core/Sensors/BNO055.o
 .ARM.attributes
                0x0000011a       0x32 ./Core/Sensors/BNO055_CommPorter.o
 .ARM.attributes
                0x0000014c       0x32 ./Core/Src/main.o
 .ARM.attributes
                0x0000017e       0x32 ./Core/Src/stm32f7xx_hal_msp.o
 .ARM.attributes
                0x000001b0       0x32 ./Core/Src/stm32f7xx_hal_timebase_tim.o
 .ARM.attributes
                0x000001e2       0x32 ./Core/Src/stm32f7xx_it.o
 .ARM.attributes
                0x00000214       0x32 ./Core/Src/system_stm32f7xx.o
 .ARM.attributes
                0x00000246       0x21 ./Core/Startup/startup_stm32f767zitx.o
 .ARM.attributes
                0x00000267       0x32 ./Drivers/STM32F7xx_HAL_Driver/Src/stm32f7xx_hal.o
 .ARM.attributes
                0x00000299       0x32 ./Drivers/STM32F7xx_HAL_Driver/Src/stm32f7xx_hal_cortex.o
 .ARM.attributes
                0x000002cb       0x32 ./Drivers/STM32F7xx_HAL_Driver/Src/stm32f7xx_hal_gpio.o
 .ARM.attributes
                0x000002fd       0x32 ./Drivers/STM32F7xx_HAL_Driver/Src/stm32f7xx_hal_i2c.o
 .ARM.attributes
                0x0000032f       0x32 ./Drivers/STM32F7xx_HAL_Driver/Src/stm32f7xx_hal_i2c_ex.o
 .ARM.attributes
                0x00000361       0x32 ./Drivers/STM32F7xx_HAL_Driver/Src/stm32f7xx_hal_pwr.o
 .ARM.attributes
                0x00000393       0x32 ./Drivers/STM32F7xx_HAL_Driver/Src/stm32f7xx_hal_pwr_ex.o
 .ARM.attributes
                0x000003c5       0x32 ./Drivers/STM32F7xx_HAL_Driver/Src/stm32f7xx_hal_rcc.o
 .ARM.attributes
                0x000003f7       0x32 ./Drivers/STM32F7xx_HAL_Driver/Src/stm32f7xx_hal_rcc_ex.o
 .ARM.attributes
                0x00000429       0x32 ./Drivers/STM32F7xx_HAL_Driver/Src/stm32f7xx_hal_tim.o
 .ARM.attributes
                0x0000045b       0x32 ./Drivers/STM32F7xx_HAL_Driver/Src/stm32f7xx_hal_tim_ex.o
 .ARM.attributes
                0x0000048d       0x32 ./Drivers/STM32F7xx_HAL_Driver/Src/stm32f7xx_hal_uart.o
 .ARM.attributes
                0x000004bf       0x32 ./Middlewares/Third_Party/FreeRTOS/Source/CMSIS_RTOS_V2/cmsis_os2.o
 .ARM.attributes
                0x000004f1       0x32 ./Middlewares/Third_Party/FreeRTOS/Source/list.o
 .ARM.attributes
                0x00000523       0x32 ./Middlewares/Third_Party/FreeRTOS/Source/queue.o
 .ARM.attributes
                0x00000555       0x32 ./Middlewares/Third_Party/FreeRTOS/Source/tasks.o
 .ARM.attributes
                0x00000587       0x32 ./Middlewares/Third_Party/FreeRTOS/Source/timers.o
 .ARM.attributes
                0x000005b9       0x32 ./Middlewares/Third_Party/FreeRTOS/Source/portable/GCC/ARM_CM7/r0p1/port.o
 .ARM.attributes
                0x000005eb       0x32 ./Middlewares/Third_Party/FreeRTOS/Source/portable/MemMang/heap_4.o
 .ARM.attributes
                0x0000061d       0x32 /opt/st/stm32cubeide_1.19.0/plugins/com.st.stm32cube.ide.mcu.externaltools.gnu-tools-for-stm32.13.3.rel1.linux64_1.0.0.202410170706/tools/bin/../lib/gcc/arm-none-eabi/13.3.1/../../../../arm-none-eabi/lib/thumb/v7e-m+dp/hard/libc_nano.a(libc_a-memset.o)
 .ARM.attributes
                0x0000064f       0x32 /opt/st/stm32cubeide_1.19.0/plugins/com.st.stm32cube.ide.mcu.externaltools.gnu-tools-for-stm32.13.3.rel1.linux64_1.0.0.202410170706/tools/bin/../lib/gcc/arm-none-eabi/13.3.1/../../../../arm-none-eabi/lib/thumb/v7e-m+dp/hard/libc_nano.a(libc_a-init.o)
 .ARM.attributes
                0x00000681       0x32 /opt/st/stm32cubeide_1.19.0/plugins/com.st.stm32cube.ide.mcu.externaltools.gnu-tools-for-stm32.13.3.rel1.linux64_1.0.0.202410170706/tools/bin/../lib/gcc/arm-none-eabi/13.3.1/../../../../arm-none-eabi/lib/thumb/v7e-m+dp/hard/libc_nano.a(libc_a-memcpy-stub.o)
 .ARM.attributes
                0x000006b3       0x20 /opt/st/stm32cubeide_1.19.0/plugins/com.st.stm32cube.ide.mcu.externaltools.gnu-tools-for-stm32.13.3.rel1.linux64_1.0.0.202410170706/tools/bin/../lib/gcc/arm-none-eabi/13.3.1/thumb/v7e-m+dp/hard/libgcc.a(_aeabi_ldivmod.o)
 .ARM.attributes
                0x000006d3       0x20 /opt/st/stm32cubeide_1.19.0/plugins/com.st.stm32cube.ide.mcu.externaltools.gnu-tools-for-stm32.13.3.rel1.linux64_1.0.0.202410170706/tools/bin/../lib/gcc/arm-none-eabi/13.3.1/thumb/v7e-m+dp/hard/libgcc.a(_aeabi_uldivmod.o)
 .ARM.attributes
                0x000006f3       0x32 /opt/st/stm32cubeide_1.19.0/plugins/com.st.stm32cube.ide.mcu.externaltools.gnu-tools-for-stm32.13.3.rel1.linux64_1.0.0.202410170706/tools/bin/../lib/gcc/arm-none-eabi/13.3.1/thumb/v7e-m+dp/hard/libgcc.a(_udivmoddi4.o)
 .ARM.attributes
                0x00000725       0x20 /opt/st/stm32cubeide_1.19.0/plugins/com.st.stm32cube.ide.mcu.externaltools.gnu-tools-for-stm32.13.3.rel1.linux64_1.0.0.202410170706/tools/bin/../lib/gcc/arm-none-eabi/13.3.1/thumb/v7e-m+dp/hard/libgcc.a(_dvmd_tls.o)
 .ARM.attributes
                0x00000745       0x20 /opt/st/stm32cubeide_1.19.0/plugins/com.st.stm32cube.ide.mcu.externaltools.gnu-tools-for-stm32.13.3.rel1.linux64_1.0.0.202410170706/tools/bin/../lib/gcc/arm-none-eabi/13.3.1/thumb/v7e-m+dp/hard/crtn.o
OUTPUT(BAUROV-OTOPILOT-Drivers1.elf elf32-littlearm)
LOAD linker stubs
LOAD /opt/st/stm32cubeide_1.19.0/plugins/com.st.stm32cube.ide.mcu.externaltools.gnu-tools-for-stm32.13.3.rel1.linux64_1.0.0.202410170706/tools/bin/../lib/gcc/arm-none-eabi/13.3.1/../../../../arm-none-eabi/lib/thumb/v7e-m+dp/hard/libc.a
LOAD /opt/st/stm32cubeide_1.19.0/plugins/com.st.stm32cube.ide.mcu.externaltools.gnu-tools-for-stm32.13.3.rel1.linux64_1.0.0.202410170706/tools/bin/../lib/gcc/arm-none-eabi/13.3.1/../../../../arm-none-eabi/lib/thumb/v7e-m+dp/hard/libm.a
LOAD /opt/st/stm32cubeide_1.19.0/plugins/com.st.stm32cube.ide.mcu.externaltools.gnu-tools-for-stm32.13.3.rel1.linux64_1.0.0.202410170706/tools/bin/../lib/gcc/arm-none-eabi/13.3.1/thumb/v7e-m+dp/hard/libgcc.a

.debug_info     0x00000000    0x1ec85
 .debug_info    0x00000000      0x48a ./Core/Math/Filters.o
 .debug_info    0x0000048a      0xa47 ./Core/PeripheralPorts/I2C.o
 .debug_info    0x00000ed1      0x80d ./Core/Scaler/IMU.o
 .debug_info    0x000016de      0xc67 ./Core/Sensors/BNO055.o
 .debug_info    0x00002345      0x14a ./Core/Sensors/BNO055_CommPorter.o
 .debug_info    0x0000248f     0x1a20 ./Core/Src/main.o
 .debug_info    0x00003eaf     0x12d5 ./Core/Src/stm32f7xx_hal_msp.o
 .debug_info    0x00005184      0xd0f ./Core/Src/stm32f7xx_hal_timebase_tim.o
 .debug_info    0x00005e93      0x70e ./Core/Src/stm32f7xx_it.o
 .debug_info    0x000065a1      0x6ed ./Core/Src/system_stm32f7xx.o
 .debug_info    0x00006c8e       0x30 ./Core/Startup/startup_stm32f767zitx.o
 .debug_info    0x00006cbe      0xa4c ./Drivers/STM32F7xx_HAL_Driver/Src/stm32f7xx_hal.o
 .debug_info    0x0000770a      0xfc0 ./Drivers/STM32F7xx_HAL_Driver/Src/stm32f7xx_hal_cortex.o
 .debug_info    0x000086ca      0x6f3 ./Drivers/STM32F7xx_HAL_Driver/Src/stm32f7xx_hal_gpio.o
 .debug_info    0x00008dbd     0x2147 ./Drivers/STM32F7xx_HAL_Driver/Src/stm32f7xx_hal_i2c.o
 .debug_info    0x0000af04      0x92e ./Drivers/STM32F7xx_HAL_Driver/Src/stm32f7xx_hal_i2c_ex.o
 .debug_info    0x0000b832      0x90e ./Drivers/STM32F7xx_HAL_Driver/Src/stm32f7xx_hal_pwr.o
 .debug_info    0x0000c140      0x8cd ./Drivers/STM32F7xx_HAL_Driver/Src/stm32f7xx_hal_pwr_ex.o
 .debug_info    0x0000ca0d      0x94b ./Drivers/STM32F7xx_HAL_Driver/Src/stm32f7xx_hal_rcc.o
 .debug_info    0x0000d358      0x6e1 ./Drivers/STM32F7xx_HAL_Driver/Src/stm32f7xx_hal_rcc_ex.o
 .debug_info    0x0000da39     0x2ad5 ./Drivers/STM32F7xx_HAL_Driver/Src/stm32f7xx_hal_tim.o
 .debug_info    0x0001050e     0x16bb ./Drivers/STM32F7xx_HAL_Driver/Src/stm32f7xx_hal_tim_ex.o
 .debug_info    0x00011bc9     0x3b13 ./Drivers/STM32F7xx_HAL_Driver/Src/stm32f7xx_hal_uart.o
 .debug_info    0x000156dc     0x39be ./Middlewares/Third_Party/FreeRTOS/Source/CMSIS_RTOS_V2/cmsis_os2.o
 .debug_info    0x0001909a      0x2af ./Middlewares/Third_Party/FreeRTOS/Source/list.o
 .debug_info    0x00019349     0x1b68 ./Middlewares/Third_Party/FreeRTOS/Source/queue.o
 .debug_info    0x0001aeb1     0x2143 ./Middlewares/Third_Party/FreeRTOS/Source/tasks.o
 .debug_info    0x0001cff4     0x1427 ./Middlewares/Third_Party/FreeRTOS/Source/timers.o
 .debug_info    0x0001e41b      0x4a7 ./Middlewares/Third_Party/FreeRTOS/Source/portable/GCC/ARM_CM7/r0p1/port.o
 .debug_info    0x0001e8c2      0x3c3 ./Middlewares/Third_Party/FreeRTOS/Source/portable/MemMang/heap_4.o

.debug_abbrev   0x00000000     0x414c
 .debug_abbrev  0x00000000      0x137 ./Core/Math/Filters.o
 .debug_abbrev  0x00000137      0x20e ./Core/PeripheralPorts/I2C.o
 .debug_abbrev  0x00000345      0x17c ./Core/Scaler/IMU.o
 .debug_abbrev  0x000004c1      0x247 ./Core/Sensors/BNO055.o
 .debug_abbrev  0x00000708       0xac ./Core/Sensors/BNO055_CommPorter.o
 .debug_abbrev  0x000007b4      0x34c ./Core/Src/main.o
 .debug_abbrev  0x00000b00      0x1fe ./Core/Src/stm32f7xx_hal_msp.o
 .debug_abbrev  0x00000cfe      0x1f4 ./Core/Src/stm32f7xx_hal_timebase_tim.o
 .debug_abbrev  0x00000ef2      0x17d ./Core/Src/stm32f7xx_it.o
 .debug_abbrev  0x0000106f      0x13b ./Core/Src/system_stm32f7xx.o
 .debug_abbrev  0x000011aa       0x24 ./Core/Startup/startup_stm32f767zitx.o
 .debug_abbrev  0x000011ce      0x213 ./Drivers/STM32F7xx_HAL_Driver/Src/stm32f7xx_hal.o
 .debug_abbrev  0x000013e1      0x31e ./Drivers/STM32F7xx_HAL_Driver/Src/stm32f7xx_hal_cortex.o
 .debug_abbrev  0x000016ff      0x1d4 ./Drivers/STM32F7xx_HAL_Driver/Src/stm32f7xx_hal_gpio.o
 .debug_abbrev  0x000018d3      0x260 ./Drivers/STM32F7xx_HAL_Driver/Src/stm32f7xx_hal_i2c.o
 .debug_abbrev  0x00001b33      0x19c ./Drivers/STM32F7xx_HAL_Driver/Src/stm32f7xx_hal_i2c_ex.o
 .debug_abbrev  0x00001ccf      0x1c5 ./Drivers/STM32F7xx_HAL_Driver/Src/stm32f7xx_hal_pwr.o
 .debug_abbrev  0x00001e94      0x1d5 ./Drivers/STM32F7xx_HAL_Driver/Src/stm32f7xx_hal_pwr_ex.o
 .debug_abbrev  0x00002069      0x2de ./Drivers/STM32F7xx_HAL_Driver/Src/stm32f7xx_hal_rcc.o
 .debug_abbrev  0x00002347      0x1c9 ./Drivers/STM32F7xx_HAL_Driver/Src/stm32f7xx_hal_rcc_ex.o
 .debug_abbrev  0x00002510      0x278 ./Drivers/STM32F7xx_HAL_Driver/Src/stm32f7xx_hal_tim.o
 .debug_abbrev  0x00002788      0x283 ./Drivers/STM32F7xx_HAL_Driver/Src/stm32f7xx_hal_tim_ex.o
 .debug_abbrev  0x00002a0b      0x2e6 ./Drivers/STM32F7xx_HAL_Driver/Src/stm32f7xx_hal_uart.o
 .debug_abbrev  0x00002cf1      0x464 ./Middlewares/Third_Party/FreeRTOS/Source/CMSIS_RTOS_V2/cmsis_os2.o
 .debug_abbrev  0x00003155       0xf5 ./Middlewares/Third_Party/FreeRTOS/Source/list.o
 .debug_abbrev  0x0000324a      0x3b6 ./Middlewares/Third_Party/FreeRTOS/Source/queue.o
 .debug_abbrev  0x00003600      0x386 ./Middlewares/Third_Party/FreeRTOS/Source/tasks.o
 .debug_abbrev  0x00003986      0x352 ./Middlewares/Third_Party/FreeRTOS/Source/timers.o
 .debug_abbrev  0x00003cd8      0x26f ./Middlewares/Third_Party/FreeRTOS/Source/portable/GCC/ARM_CM7/r0p1/port.o
 .debug_abbrev  0x00003f47      0x205 ./Middlewares/Third_Party/FreeRTOS/Source/portable/MemMang/heap_4.o

.debug_aranges  0x00000000     0x19a0
 .debug_aranges
                0x00000000       0x30 ./Core/Math/Filters.o
 .debug_aranges
                0x00000030       0x58 ./Core/PeripheralPorts/I2C.o
 .debug_aranges
                0x00000088       0x38 ./Core/Scaler/IMU.o
 .debug_aranges
                0x000000c0       0xe8 ./Core/Sensors/BNO055.o
 .debug_aranges
                0x000001a8       0x20 ./Core/Sensors/BNO055_CommPorter.o
 .debug_aranges
                0x000001c8       0x68 ./Core/Src/main.o
 .debug_aranges
                0x00000230       0x40 ./Core/Src/stm32f7xx_hal_msp.o
 .debug_aranges
                0x00000270       0x30 ./Core/Src/stm32f7xx_hal_timebase_tim.o
 .debug_aranges
                0x000002a0       0x50 ./Core/Src/stm32f7xx_it.o
 .debug_aranges
                0x000002f0       0x28 ./Core/Src/system_stm32f7xx.o
 .debug_aranges
                0x00000318       0x28 ./Core/Startup/startup_stm32f767zitx.o
 .debug_aranges
                0x00000340      0x110 ./Drivers/STM32F7xx_HAL_Driver/Src/stm32f7xx_hal.o
 .debug_aranges
                0x00000450      0x128 ./Drivers/STM32F7xx_HAL_Driver/Src/stm32f7xx_hal_cortex.o
 .debug_aranges
                0x00000578       0x58 ./Drivers/STM32F7xx_HAL_Driver/Src/stm32f7xx_hal_gpio.o
 .debug_aranges
                0x000005d0      0x2a0 ./Drivers/STM32F7xx_HAL_Driver/Src/stm32f7xx_hal_i2c.o
 .debug_aranges
                0x00000870       0x38 ./Drivers/STM32F7xx_HAL_Driver/Src/stm32f7xx_hal_i2c_ex.o
 .debug_aranges
                0x000008a8       0xa0 ./Drivers/STM32F7xx_HAL_Driver/Src/stm32f7xx_hal_pwr.o
 .debug_aranges
                0x00000948       0x80 ./Drivers/STM32F7xx_HAL_Driver/Src/stm32f7xx_hal_pwr_ex.o
 .debug_aranges
                0x000009c8       0x88 ./Drivers/STM32F7xx_HAL_Driver/Src/stm32f7xx_hal_rcc.o
 .debug_aranges
                0x00000a50       0x50 ./Drivers/STM32F7xx_HAL_Driver/Src/stm32f7xx_hal_rcc_ex.o
 .debug_aranges
                0x00000aa0      0x3e0 ./Drivers/STM32F7xx_HAL_Driver/Src/stm32f7xx_hal_tim.o
 .debug_aranges
                0x00000e80      0x180 ./Drivers/STM32F7xx_HAL_Driver/Src/stm32f7xx_hal_tim_ex.o
 .debug_aranges
                0x00001000      0x230 ./Drivers/STM32F7xx_HAL_Driver/Src/stm32f7xx_hal_uart.o
 .debug_aranges
                0x00001230      0x228 ./Middlewares/Third_Party/FreeRTOS/Source/CMSIS_RTOS_V2/cmsis_os2.o
 .debug_aranges
                0x00001458       0x40 ./Middlewares/Third_Party/FreeRTOS/Source/list.o
 .debug_aranges
                0x00001498      0x158 ./Middlewares/Third_Party/FreeRTOS/Source/queue.o
 .debug_aranges
                0x000015f0      0x1f8 ./Middlewares/Third_Party/FreeRTOS/Source/tasks.o
 .debug_aranges
                0x000017e8       0xe8 ./Middlewares/Third_Party/FreeRTOS/Source/timers.o
 .debug_aranges
                0x000018d0       0x80 ./Middlewares/Third_Party/FreeRTOS/Source/portable/GCC/ARM_CM7/r0p1/port.o
 .debug_aranges
                0x00001950       0x50 ./Middlewares/Third_Party/FreeRTOS/Source/portable/MemMang/heap_4.o

.debug_rnglists
                0x00000000     0x13ff
 .debug_rnglists
                0x00000000       0x21 ./Core/Math/Filters.o
 .debug_rnglists
                0x00000021       0x40 ./Core/PeripheralPorts/I2C.o
 .debug_rnglists
                0x00000061       0x26 ./Core/Scaler/IMU.o
 .debug_rnglists
                0x00000087       0xb4 ./Core/Sensors/BNO055.o
 .debug_rnglists
                0x0000013b       0x13 ./Core/Sensors/BNO055_CommPorter.o
 .debug_rnglists
                0x0000014e       0x4c ./Core/Src/main.o
 .debug_rnglists
                0x0000019a       0x2d ./Core/Src/stm32f7xx_hal_msp.o
 .debug_rnglists
                0x000001c7       0x20 ./Core/Src/stm32f7xx_hal_timebase_tim.o
 .debug_rnglists
                0x000001e7       0x37 ./Core/Src/stm32f7xx_it.o
 .debug_rnglists
                0x0000021e       0x1a ./Core/Src/system_stm32f7xx.o
 .debug_rnglists
                0x00000238       0x19 ./Core/Startup/startup_stm32f767zitx.o
 .debug_rnglists
                0x00000251       0xc7 ./Drivers/STM32F7xx_HAL_Driver/Src/stm32f7xx_hal.o
 .debug_rnglists
                0x00000318       0xda ./Drivers/STM32F7xx_HAL_Driver/Src/stm32f7xx_hal_cortex.o
 .debug_rnglists
                0x000003f2       0x3f ./Drivers/STM32F7xx_HAL_Driver/Src/stm32f7xx_hal_gpio.o
 .debug_rnglists
                0x00000431      0x228 ./Drivers/STM32F7xx_HAL_Driver/Src/stm32f7xx_hal_i2c.o
 .debug_rnglists
                0x00000659       0x27 ./Drivers/STM32F7xx_HAL_Driver/Src/stm32f7xx_hal_i2c_ex.o
 .debug_rnglists
                0x00000680       0x74 ./Drivers/STM32F7xx_HAL_Driver/Src/stm32f7xx_hal_pwr.o
 .debug_rnglists
                0x000006f4       0x5f ./Drivers/STM32F7xx_HAL_Driver/Src/stm32f7xx_hal_pwr_ex.o
 .debug_rnglists
                0x00000753       0x67 ./Drivers/STM32F7xx_HAL_Driver/Src/stm32f7xx_hal_rcc.o
 .debug_rnglists
                0x000007ba       0x3c ./Drivers/STM32F7xx_HAL_Driver/Src/stm32f7xx_hal_rcc_ex.o
 .debug_rnglists
                0x000007f6      0x328 ./Drivers/STM32F7xx_HAL_Driver/Src/stm32f7xx_hal_tim.o
 .debug_rnglists
                0x00000b1e      0x138 ./Drivers/STM32F7xx_HAL_Driver/Src/stm32f7xx_hal_tim_ex.o
 .debug_rnglists
                0x00000c56      0x1e0 ./Drivers/STM32F7xx_HAL_Driver/Src/stm32f7xx_hal_uart.o
 .debug_rnglists
                0x00000e36      0x1b5 ./Middlewares/Third_Party/FreeRTOS/Source/CMSIS_RTOS_V2/cmsis_os2.o
 .debug_rnglists
                0x00000feb       0x2b ./Middlewares/Third_Party/FreeRTOS/Source/list.o
 .debug_rnglists
                0x00001016      0x10a ./Middlewares/Third_Party/FreeRTOS/Source/queue.o
 .debug_rnglists
                0x00001120      0x195 ./Middlewares/Third_Party/FreeRTOS/Source/tasks.o
 .debug_rnglists
                0x000012b5       0xb2 ./Middlewares/Third_Party/FreeRTOS/Source/timers.o
 .debug_rnglists
                0x00001367       0x5d ./Middlewares/Third_Party/FreeRTOS/Source/portable/GCC/ARM_CM7/r0p1/port.o
 .debug_rnglists
                0x000013c4       0x3b ./Middlewares/Third_Party/FreeRTOS/Source/portable/MemMang/heap_4.o

.debug_macro    0x00000000    0x29fc9
 .debug_macro   0x00000000      0x13f ./Core/Math/Filters.o
 .debug_macro   0x0000013f      0xaf0 ./Core/Math/Filters.o
 .debug_macro   0x00000c2f       0x22 ./Core/Math/Filters.o
 .debug_macro   0x00000c51       0x8e ./Core/Math/Filters.o
 .debug_macro   0x00000cdf       0x51 ./Core/Math/Filters.o
 .debug_macro   0x00000d30      0x103 ./Core/Math/Filters.o
 .debug_macro   0x00000e33       0x6a ./Core/Math/Filters.o
 .debug_macro   0x00000e9d      0x1df ./Core/Math/Filters.o
 .debug_macro   0x0000107c       0x61 ./Core/Math/Filters.o
 .debug_macro   0x000010dd       0x29 ./Core/Math/Filters.o
 .debug_macro   0x00001106       0x43 ./Core/Math/Filters.o
 .debug_macro   0x00001149       0x34 ./Core/Math/Filters.o
 .debug_macro   0x0000117d      0x190 ./Core/Math/Filters.o
 .debug_macro   0x0000130d      0x370 ./Core/Math/Filters.o
 .debug_macro   0x0000167d       0x16 ./Core/Math/Filters.o
 .debug_macro   0x00001693       0x4a ./Core/Math/Filters.o
 .debug_macro   0x000016dd       0x34 ./Core/Math/Filters.o
 .debug_macro   0x00001711       0x10 ./Core/Math/Filters.o
 .debug_macro   0x00001721       0x58 ./Core/Math/Filters.o
 .debug_macro   0x00001779       0x8e ./Core/Math/Filters.o
 .debug_macro   0x00001807       0x1c ./Core/Math/Filters.o
 .debug_macro   0x00001823      0x185 ./Core/Math/Filters.o
 .debug_macro   0x000019a8       0x10 ./Core/Math/Filters.o
 .debug_macro   0x000019b8       0x3c ./Core/Math/Filters.o
 .debug_macro   0x000019f4       0x20 ./Core/Math/Filters.o
 .debug_macro   0x00001a14       0x16 ./Core/Math/Filters.o
 .debug_macro   0x00001a2a      0x201 ./Core/PeripheralPorts/I2C.o
 .debug_macro   0x00001c2b       0x16 ./Core/PeripheralPorts/I2C.o
 .debug_macro   0x00001c41      0x293 ./Core/PeripheralPorts/I2C.o
 .debug_macro   0x00001ed4       0x2e ./Core/PeripheralPorts/I2C.o
 .debug_macro   0x00001f02       0x3b ./Core/PeripheralPorts/I2C.o
 .debug_macro   0x00001f3d       0x1c ./Core/PeripheralPorts/I2C.o
 .debug_macro   0x00001f59       0x22 ./Core/PeripheralPorts/I2C.o
 .debug_macro   0x00001f7b       0xd9 ./Core/PeripheralPorts/I2C.o
 .debug_macro   0x00002054     0x12cd ./Core/PeripheralPorts/I2C.o
 .debug_macro   0x00003321      0x11f ./Core/PeripheralPorts/I2C.o
 .debug_macro   0x00003440       0x19 ./Core/PeripheralPorts/I2C.o
 .debug_macro   0x00003459    0x1aa23 ./Core/PeripheralPorts/I2C.o
 .debug_macro   0x0001de7c       0x6d ./Core/PeripheralPorts/I2C.o
 .debug_macro   0x0001dee9     0x375e ./Core/PeripheralPorts/I2C.o
 .debug_macro   0x00021647       0x63 ./Core/PeripheralPorts/I2C.o
 .debug_macro   0x000216aa     0x1add ./Core/PeripheralPorts/I2C.o
 .debug_macro   0x00023187      0x6c4 ./Core/PeripheralPorts/I2C.o
 .debug_macro   0x0002384b      0x18b ./Core/PeripheralPorts/I2C.o
 .debug_macro   0x000239d6      0x115 ./Core/PeripheralPorts/I2C.o
 .debug_macro   0x00023aeb      0x26e ./Core/PeripheralPorts/I2C.o
 .debug_macro   0x00023d59       0xa5 ./Core/PeripheralPorts/I2C.o
 .debug_macro   0x00023dfe      0x24f ./Core/PeripheralPorts/I2C.o
 .debug_macro   0x0002404d       0x71 ./Core/PeripheralPorts/I2C.o
 .debug_macro   0x000240be       0x58 ./Core/PeripheralPorts/I2C.o
 .debug_macro   0x00024116      0x236 ./Core/PeripheralPorts/I2C.o
 .debug_macro   0x0002434c      0x14e ./Core/PeripheralPorts/I2C.o
 .debug_macro   0x0002449a      0x3db ./Core/PeripheralPorts/I2C.o
 .debug_macro   0x00024875       0x12 ./Core/PeripheralPorts/I2C.o
 .debug_macro   0x00024887      0x22c ./Core/PeripheralPorts/I2C.o
 .debug_macro   0x00024ab3       0x61 ./Core/PeripheralPorts/I2C.o
 .debug_macro   0x00024b14       0xa5 ./Core/PeripheralPorts/I2C.o
 .debug_macro   0x00024bb9      0x12e ./Core/PeripheralPorts/I2C.o
 .debug_macro   0x00024ce7      0x108 ./Core/PeripheralPorts/I2C.o
 .debug_macro   0x00024def       0x35 ./Core/PeripheralPorts/I2C.o
 .debug_macro   0x00024e24      0xa91 ./Core/PeripheralPorts/I2C.o
 .debug_macro   0x000258b5       0xa9 ./Core/PeripheralPorts/I2C.o
 .debug_macro   0x0002595e      0x5ba ./Core/PeripheralPorts/I2C.o
 .debug_macro   0x00025f18       0x44 ./Core/PeripheralPorts/I2C.o
 .debug_macro   0x00025f5c      0x15b ./Core/PeripheralPorts/I2C.o
 .debug_macro   0x000260b7       0x70 ./Core/PeripheralPorts/I2C.o
 .debug_macro   0x00026127      0x20d ./Core/Scaler/IMU.o
 .debug_macro   0x00026334      0x399 ./Core/Scaler/IMU.o
 .debug_macro   0x000266cd       0x10 ./Core/Scaler/IMU.o
 .debug_macro   0x000266dd      0x205 ./Core/Sensors/BNO055.o
 .debug_macro   0x000268e2       0x6c ./Core/Sensors/BNO055_CommPorter.o
 .debug_macro   0x0002694e      0x29d ./Core/Src/main.o
 .debug_macro   0x00026beb      0x137 ./Core/Src/main.o
 .debug_macro   0x00026d22       0x66 ./Core/Src/main.o
 .debug_macro   0x00026d88       0x74 ./Core/Src/main.o
 .debug_macro   0x00026dfc       0xdd ./Core/Src/main.o
 .debug_macro   0x00026ed9      0x1f2 ./Core/Src/stm32f7xx_hal_msp.o
 .debug_macro   0x000270cb      0x1e3 ./Core/Src/stm32f7xx_hal_timebase_tim.o
 .debug_macro   0x000272ae      0x1fc ./Core/Src/stm32f7xx_it.o
 .debug_macro   0x000274aa      0x1e3 ./Core/Src/system_stm32f7xx.o
 .debug_macro   0x0002768d      0x207 ./Drivers/STM32F7xx_HAL_Driver/Src/stm32f7xx_hal.o
 .debug_macro   0x00027894      0x1e3 ./Drivers/STM32F7xx_HAL_Driver/Src/stm32f7xx_hal_cortex.o
 .debug_macro   0x00027a77      0x1e9 ./Drivers/STM32F7xx_HAL_Driver/Src/stm32f7xx_hal_gpio.o
 .debug_macro   0x00027c60      0x2af ./Drivers/STM32F7xx_HAL_Driver/Src/stm32f7xx_hal_i2c.o
 .debug_macro   0x00027f0f      0x1e3 ./Drivers/STM32F7xx_HAL_Driver/Src/stm32f7xx_hal_i2c_ex.o
 .debug_macro   0x000280f2      0x201 ./Drivers/STM32F7xx_HAL_Driver/Src/stm32f7xx_hal_pwr.o
 .debug_macro   0x000282f3      0x1fb ./Drivers/STM32F7xx_HAL_Driver/Src/stm32f7xx_hal_pwr_ex.o
 .debug_macro   0x000284ee      0x207 ./Drivers/STM32F7xx_HAL_Driver/Src/stm32f7xx_hal_rcc.o
 .debug_macro   0x000286f5      0x1e3 ./Drivers/STM32F7xx_HAL_Driver/Src/stm32f7xx_hal_rcc_ex.o
 .debug_macro   0x000288d8      0x1e4 ./Drivers/STM32F7xx_HAL_Driver/Src/stm32f7xx_hal_tim.o
 .debug_macro   0x00028abc      0x1e3 ./Drivers/STM32F7xx_HAL_Driver/Src/stm32f7xx_hal_tim_ex.o
 .debug_macro   0x00028c9f      0x200 ./Drivers/STM32F7xx_HAL_Driver/Src/stm32f7xx_hal_uart.o
 .debug_macro   0x00028e9f      0x247 ./Middlewares/Third_Party/FreeRTOS/Source/CMSIS_RTOS_V2/cmsis_os2.o
 .debug_macro   0x000290e6       0xd3 ./Middlewares/Third_Party/FreeRTOS/Source/CMSIS_RTOS_V2/cmsis_os2.o
 .debug_macro   0x000291b9       0x91 ./Middlewares/Third_Party/FreeRTOS/Source/CMSIS_RTOS_V2/cmsis_os2.o
 .debug_macro   0x0002924a       0x8d ./Middlewares/Third_Party/FreeRTOS/Source/CMSIS_RTOS_V2/cmsis_os2.o
 .debug_macro   0x000292d7       0x9a ./Middlewares/Third_Party/FreeRTOS/Source/CMSIS_RTOS_V2/cmsis_os2.o
 .debug_macro   0x00029371      0x187 ./Middlewares/Third_Party/FreeRTOS/Source/list.o
 .debug_macro   0x000294f8      0x216 ./Middlewares/Third_Party/FreeRTOS/Source/queue.o
 .debug_macro   0x0002970e       0x87 ./Middlewares/Third_Party/FreeRTOS/Source/queue.o
 .debug_macro   0x00029795      0x27f ./Middlewares/Third_Party/FreeRTOS/Source/tasks.o
 .debug_macro   0x00029a14       0x10 ./Middlewares/Third_Party/FreeRTOS/Source/tasks.o
 .debug_macro   0x00029a24      0x1dc ./Middlewares/Third_Party/FreeRTOS/Source/timers.o
 .debug_macro   0x00029c00       0x97 ./Middlewares/Third_Party/FreeRTOS/Source/timers.o
 .debug_macro   0x00029c97      0x184 ./Middlewares/Third_Party/FreeRTOS/Source/portable/GCC/ARM_CM7/r0p1/port.o
 .debug_macro   0x00029e1b      0x1ae ./Middlewares/Third_Party/FreeRTOS/Source/portable/MemMang/heap_4.o

.debug_line     0x00000000    0x1e101
 .debug_line    0x00000000      0x5ba ./Core/Math/Filters.o
 .debug_line    0x000005ba      0x835 ./Core/PeripheralPorts/I2C.o
 .debug_line    0x00000def      0x8bb ./Core/Scaler/IMU.o
 .debug_line    0x000016aa      0xdee ./Core/Sensors/BNO055.o
 .debug_line    0x00002498      0x381 ./Core/Sensors/BNO055_CommPorter.o
 .debug_line    0x00002819      0xa67 ./Core/Src/main.o
 .debug_line    0x00003280      0x780 ./Core/Src/stm32f7xx_hal_msp.o
 .debug_line    0x00003a00      0x724 ./Core/Src/stm32f7xx_hal_timebase_tim.o
 .debug_line    0x00004124      0x73f ./Core/Src/stm32f7xx_it.o
 .debug_line    0x00004863      0x72a ./Core/Src/system_stm32f7xx.o
 .debug_line    0x00004f8d       0x7a ./Core/Startup/startup_stm32f767zitx.o
 .debug_line    0x00005007      0xa0d ./Drivers/STM32F7xx_HAL_Driver/Src/stm32f7xx_hal.o
 .debug_line    0x00005a14      0xc5d ./Drivers/STM32F7xx_HAL_Driver/Src/stm32f7xx_hal_cortex.o
 .debug_line    0x00006671      0xb37 ./Drivers/STM32F7xx_HAL_Driver/Src/stm32f7xx_hal_gpio.o
 .debug_line    0x000071a8     0x3714 ./Drivers/STM32F7xx_HAL_Driver/Src/stm32f7xx_hal_i2c.o
 .debug_line    0x0000a8bc      0x788 ./Drivers/STM32F7xx_HAL_Driver/Src/stm32f7xx_hal_i2c_ex.o
 .debug_line    0x0000b044      0x8dd ./Drivers/STM32F7xx_HAL_Driver/Src/stm32f7xx_hal_pwr.o
 .debug_line    0x0000b921      0x9ad ./Drivers/STM32F7xx_HAL_Driver/Src/stm32f7xx_hal_pwr_ex.o
 .debug_line    0x0000c2ce      0xf14 ./Drivers/STM32F7xx_HAL_Driver/Src/stm32f7xx_hal_rcc.o
 .debug_line    0x0000d1e2      0xe60 ./Drivers/STM32F7xx_HAL_Driver/Src/stm32f7xx_hal_rcc_ex.o
 .debug_line    0x0000e042     0x3c78 ./Drivers/STM32F7xx_HAL_Driver/Src/stm32f7xx_hal_tim.o
 .debug_line    0x00011cba     0x1ae3 ./Drivers/STM32F7xx_HAL_Driver/Src/stm32f7xx_hal_tim_ex.o
 .debug_line    0x0001379d     0x2cc9 ./Drivers/STM32F7xx_HAL_Driver/Src/stm32f7xx_hal_uart.o
 .debug_line    0x00016466     0x26fd ./Middlewares/Third_Party/FreeRTOS/Source/CMSIS_RTOS_V2/cmsis_os2.o
 .debug_line    0x00018b63      0x6c5 ./Middlewares/Third_Party/FreeRTOS/Source/list.o
 .debug_line    0x00019228     0x1691 ./Middlewares/Third_Party/FreeRTOS/Source/queue.o
 .debug_line    0x0001a8b9     0x1b95 ./Middlewares/Third_Party/FreeRTOS/Source/tasks.o
 .debug_line    0x0001c44e      0xceb ./Middlewares/Third_Party/FreeRTOS/Source/timers.o
 .debug_line    0x0001d139      0x748 ./Middlewares/Third_Party/FreeRTOS/Source/portable/GCC/ARM_CM7/r0p1/port.o
 .debug_line    0x0001d881      0x880 ./Middlewares/Third_Party/FreeRTOS/Source/portable/MemMang/heap_4.o

.debug_str      0x00000000   0x107fe4
 .debug_str     0x00000000   0x107fe4 ./Core/Math/Filters.o
                               0x75fd (size before relaxing)
 .debug_str     0x00107fe4    0xf45ad ./Core/PeripheralPorts/I2C.o
 .debug_str     0x00107fe4    0xf57f8 ./Core/Scaler/IMU.o
 .debug_str     0x00107fe4    0xf574c ./Core/Sensors/BNO055.o
 .debug_str     0x00107fe4     0x3eb9 ./Core/Sensors/BNO055_CommPorter.o
 .debug_str     0x00107fe4    0xfaffe ./Core/Src/main.o
 .debug_str     0x00107fe4    0xf5110 ./Core/Src/stm32f7xx_hal_msp.o
 .debug_str     0x00107fe4    0xf4b58 ./Core/Src/stm32f7xx_hal_timebase_tim.o
 .debug_str     0x00107fe4    0xf4486 ./Core/Src/stm32f7xx_it.o
 .debug_str     0x00107fe4    0xf3fa7 ./Core/Src/system_stm32f7xx.o
 .debug_str     0x00107fe4       0x8e ./Core/Startup/startup_stm32f767zitx.o
 .debug_str     0x00107fe4    0xf49e7 ./Drivers/STM32F7xx_HAL_Driver/Src/stm32f7xx_hal.o
 .debug_str     0x00107fe4    0xf49c9 ./Drivers/STM32F7xx_HAL_Driver/Src/stm32f7xx_hal_cortex.o
 .debug_str     0x00107fe4    0xf4065 ./Drivers/STM32F7xx_HAL_Driver/Src/stm32f7xx_hal_gpio.o
 .debug_str     0x00107fe4    0xf51ba ./Drivers/STM32F7xx_HAL_Driver/Src/stm32f7xx_hal_i2c.o
 .debug_str     0x00107fe4    0xf4439 ./Drivers/STM32F7xx_HAL_Driver/Src/stm32f7xx_hal_i2c_ex.o
 .debug_str     0x00107fe4    0xf4248 ./Drivers/STM32F7xx_HAL_Driver/Src/stm32f7xx_hal_pwr.o
 .debug_str     0x00107fe4    0xf4216 ./Drivers/STM32F7xx_HAL_Driver/Src/stm32f7xx_hal_pwr_ex.o
 .debug_str     0x00107fe4    0xf4322 ./Drivers/STM32F7xx_HAL_Driver/Src/stm32f7xx_hal_rcc.o
 .debug_str     0x00107fe4    0xf4285 ./Drivers/STM32F7xx_HAL_Driver/Src/stm32f7xx_hal_rcc_ex.o
 .debug_str     0x00107fe4    0xf52ca ./Drivers/STM32F7xx_HAL_Driver/Src/stm32f7xx_hal_tim.o
 .debug_str     0x00107fe4    0xf4bd0 ./Drivers/STM32F7xx_HAL_Driver/Src/stm32f7xx_hal_tim_ex.o
 .debug_str     0x00107fe4    0xf4c70 ./Drivers/STM32F7xx_HAL_Driver/Src/stm32f7xx_hal_uart.o
 .debug_str     0x00107fe4     0xed50 ./Middlewares/Third_Party/FreeRTOS/Source/CMSIS_RTOS_V2/cmsis_os2.o
 .debug_str     0x00107fe4     0xaaf9 ./Middlewares/Third_Party/FreeRTOS/Source/list.o
 .debug_str     0x00107fe4     0xc61f ./Middlewares/Third_Party/FreeRTOS/Source/queue.o
 .debug_str     0x00107fe4     0xd0b1 ./Middlewares/Third_Party/FreeRTOS/Source/tasks.o
 .debug_str     0x00107fe4     0xcb4d ./Middlewares/Third_Party/FreeRTOS/Source/timers.o
 .debug_str     0x00107fe4     0x861a ./Middlewares/Third_Party/FreeRTOS/Source/portable/GCC/ARM_CM7/r0p1/port.o