../Core/Sensors/BNO055.c:17:6:BNO055_Init	24	static
../Core/Sensors/BNO055.c:75:6:BNO055_Reset	16	static
../Core/Sensors/BNO055.c:85:24:BNO055_Set_OperationMode	32	static
../Core/Sensors/BNO055.c:106:24:BNO055_Get_OperationMode	32	static
../Core/Sensors/BNO055.c:131:24:BNO055_Set_PowerMode	32	static
../Core/Sensors/BNO055.c:152:24:BNO055_Set_ACC_Mode	32	static
../Core/Sensors/BNO055.c:174:24:BNO055_Get_ACC_Mode	32	static
../Core/Sensors/BNO055.c:195:24:BNO055_Set_MAG_Mode	32	static
../Core/Sensors/BNO055.c:216:24:BNO055_Set_GYR_Mode_1	32	static
../Core/Sensors/BNO055.c:237:24:BNO055_Set_GYR_Mode_2	32	static
../Core/Sensors/BNO055.c:258:24:BNO055_Get_ChipID	32	static
../Core/Sensors/BNO055.c:284:24:BNO055_Get_ACC_ID	32	static
../Core/Sensors/BNO055.c:310:24:BNO055_Get_GYR_ID	32	static
../Core/Sensors/BNO055.c:336:24:BNO055_Get_MAG_ID	32	static
../Core/Sensors/BNO055.c:362:24:BNO055_Get_ACC_Data	40	static
../Core/Sensors/BNO055.c:400:24:BNO055_Get_MAG_Data	40	static
../Core/Sensors/BNO055.c:424:24:BNO055_Get_GYR_Data	40	static
../Core/Sensors/BNO055.c:448:24:BNO055_Set_ACCEL_Offset	40	static
../Core/Sensors/BNO055.c:479:24:BNO055_GetCalibrationState	32	static
../Core/Sensors/BNO055.c:501:24:BNO055_GetCalibrationData	48	static
../Core/Sensors/BNO055.c:530:24:BNO055_Set_DataUnit	32	static
../Core/Sensors/BNO055.c:549:24:BNO055_Get_DataUnit	32	static
../Core/Sensors/BNO055.c:570:24:BNO055_Get_PageID	32	static
../Core/Sensors/BNO055.c:583:24:BNO055_Set_PageID	32	static
../Core/Sensors/BNO055.c:599:24:BNO055_Get_SysError	32	static
../Core/Sensors/BNO055.c:612:24:BNO055_SendReceive	40	static
