../Core/Src/main.c:91:5:main	8	static
../Core/Src/main.c:177:6:SystemClock_Config	88	static
../Core/Src/main.c:235:13:MX_I2C2_Init	8	static
../Core/Src/main.c:283:13:MX_USART3_UART_Init	8	static
../Core/Src/main.c:318:13:MX_USB_OTG_FS_PCD_Init	8	static
../Core/Src/main.c:353:13:MX_GPIO_Init	56	static
../Core/Src/main.c:415:6:TaskMicroROS	24	static
../Core/Src/main.c:439:6:TaskSensors	24	static
../Core/Src/main.c:464:6:HAL_TIM_PeriodElapsedCallback	16	static
../Core/Src/main.c:481:6:Error_Handler	4	static,ignoring_inline_asm
