../Core/Src/main.c:131:6:Servo_SetAngle	24	static
../Core/Src/main.c:147:5:main	8	static
../Core/Src/main.c:242:6:SystemClock_Config	88	static
../Core/Src/main.c:300:13:MX_I2C2_Init	8	static
../Core/Src/main.c:348:13:MX_I2C3_Init	8	static
../Core/Src/main.c:396:13:MX_SPI1_Init	8	static
../Core/Src/main.c:436:13:MX_TIM3_Init	72	static
../Core/Src/main.c:496:13:MX_USART2_UART_Init	8	static
../Core/Src/main.c:529:13:MX_DMA_Init	16	static
../Core/Src/main.c:550:13:MX_GPIO_Init	48	static
../Core/Src/main.c:616:6:HAL_Delay	16	static
../Core/Src/main.c:629:6:TaskMicroROS	168	static
../Core/Src/main.c:732:6:TaskSensors	24	static
../Core/Src/main.c:769:6:TaskLed	24	static
../Core/Src/main.c:801:6:HAL_TIM_PeriodElapsedCallback	16	static
../Core/Src/main.c:819:6:Error_Handler	4	static,ignoring_inline_asm
